Archive member included because of file (symbol)

../libopencm3/lib/libopencm3_stm32f3.a(rcc.o)
                              testbed_sw_app_main.o (rcc_clock_setup_hsi)
../libopencm3/lib/libopencm3_stm32f3.a(i2c.o)
                              /home/aghosh01/TARS_codebase/flight_software/source/vehicle_firmware_hal/imu_hal.o (i2c_reset)
../libopencm3/lib/libopencm3_stm32f3.a(gpio_common_all.o)
                              /home/aghosh01/TARS_codebase/flight_software/source/vehicle_firmware_hal/imu_hal.o (gpio_set)
../libopencm3/lib/libopencm3_stm32f3.a(gpio_common_f0234.o)
                              /home/aghosh01/TARS_codebase/flight_software/source/vehicle_firmware_hal/pwm_input_hal.o (gpio_mode_setup)
../libopencm3/lib/libopencm3_stm32f3.a(usart_common_all.o)
                              testbed_sw_app_main.o (usart_set_baudrate)
../libopencm3/lib/libopencm3_stm32f3.a(spi_common_all.o)
                              /home/aghosh01/TARS_codebase/flight_software/source/vehicle_firmware_hal/imu_hal.o (spi_enable)
../libopencm3/lib/libopencm3_stm32f3.a(timer_common_all.o)
                              /home/aghosh01/TARS_codebase/flight_software/source/vehicle_firmware_hal/pwm_input_hal.o (timer_reset)
../libopencm3/lib/libopencm3_stm32f3.a(timer_common_f234.o)
                              /home/aghosh01/TARS_codebase/flight_software/source/vehicle_firmware_hal/pwm_input_hal.o (timer_ic_set_polarity)
../libopencm3/lib/libopencm3_stm32f3.a(flash_common_f234.o)
                              ../libopencm3/lib/libopencm3_stm32f3.a(rcc.o) (flash_set_ws)
../libopencm3/lib/libopencm3_stm32f3.a(rcc_common_all.o)
                              ../libopencm3/lib/libopencm3_stm32f3.a(i2c.o) (rcc_peripheral_reset)
../libopencm3/lib/libopencm3_stm32f3.a(spi_common_f03.o)
                              /home/aghosh01/TARS_codebase/flight_software/source/vehicle_firmware_hal/imu_hal.o (spi_send8)
../libopencm3/lib/libopencm3_stm32f3.a(vector.o)
                              (reset_handler)
../libopencm3/lib/libopencm3_stm32f3.a(systick.o)
                              /home/aghosh01/TARS_codebase/flight_software/source/interrupts/interrupts.o (systick_set_reload)
../libopencm3/lib/libopencm3_stm32f3.a(nvic.o)
                              /home/aghosh01/TARS_codebase/flight_software/source/vehicle_firmware_hal/pwm_input_hal.o (nvic_enable_irq)
../libopencm3/lib/libopencm3_stm32f3.a(assert.o)
                              ../libopencm3/lib/libopencm3_stm32f3.a(rcc.o) (cm3_assert_failed)
../libopencm3/lib/libopencm3_stm32f3.a(usart.o)
                              ../libopencm3/lib/libopencm3_stm32f3.a(usart_common_all.o) (usart_send)
/home/aghosh01/gcc-arm-none-eabi-4_7-2012q4/bin/../lib/gcc/arm-none-eabi/4.7.3/../../../../arm-none-eabi/lib/armv7e-m/fpu/libc.a(lib_a-impure.o)
                              testbed_sw_app_main.o (_impure_ptr)
/home/aghosh01/gcc-arm-none-eabi-4_7-2012q4/bin/../lib/gcc/arm-none-eabi/4.7.3/../../../../arm-none-eabi/lib/armv7e-m/fpu/libc.a(lib_a-malloc.o)
                              /home/aghosh01/TARS_codebase/flight_software/source/timekeeping/mission_timekeeper.o (malloc)
/home/aghosh01/gcc-arm-none-eabi-4_7-2012q4/bin/../lib/gcc/arm-none-eabi/4.7.3/../../../../arm-none-eabi/lib/armv7e-m/fpu/libc.a(lib_a-mallocr.o)
                              /home/aghosh01/gcc-arm-none-eabi-4_7-2012q4/bin/../lib/gcc/arm-none-eabi/4.7.3/../../../../arm-none-eabi/lib/armv7e-m/fpu/libc.a(lib_a-malloc.o) (_malloc_r)
/home/aghosh01/gcc-arm-none-eabi-4_7-2012q4/bin/../lib/gcc/arm-none-eabi/4.7.3/../../../../arm-none-eabi/lib/armv7e-m/fpu/libc.a(lib_a-memcpy.o)
                              /home/aghosh01/TARS_codebase/flight_software/source/vehicle_state_machine/vehicle_state_machine.o (memcpy)
/home/aghosh01/gcc-arm-none-eabi-4_7-2012q4/bin/../lib/gcc/arm-none-eabi/4.7.3/../../../../arm-none-eabi/lib/armv7e-m/fpu/libc.a(lib_a-mlock.o)
                              /home/aghosh01/gcc-arm-none-eabi-4_7-2012q4/bin/../lib/gcc/arm-none-eabi/4.7.3/../../../../arm-none-eabi/lib/armv7e-m/fpu/libc.a(lib_a-mallocr.o) (__malloc_lock)
/home/aghosh01/gcc-arm-none-eabi-4_7-2012q4/bin/../lib/gcc/arm-none-eabi/4.7.3/../../../../arm-none-eabi/lib/armv7e-m/fpu/libc.a(lib_a-printf.o)
                              /home/aghosh01/TARS_codebase/flight_software/source/comp_filter/comp_filter.o (printf)
/home/aghosh01/gcc-arm-none-eabi-4_7-2012q4/bin/../lib/gcc/arm-none-eabi/4.7.3/../../../../arm-none-eabi/lib/armv7e-m/fpu/libc.a(lib_a-puts.o)
                              testbed_sw_app_main.o (puts)
/home/aghosh01/gcc-arm-none-eabi-4_7-2012q4/bin/../lib/gcc/arm-none-eabi/4.7.3/../../../../arm-none-eabi/lib/armv7e-m/fpu/libc.a(lib_a-reent.o)
                              /home/aghosh01/TARS_codebase/flight_software/source/newlib_stubs/newlib_stubs.o (errno)
/home/aghosh01/gcc-arm-none-eabi-4_7-2012q4/bin/../lib/gcc/arm-none-eabi/4.7.3/../../../../arm-none-eabi/lib/armv7e-m/fpu/libc.a(lib_a-sbrkr.o)
[...]
Memory Configuration

Name             Origin             Length             Attributes
rom              0x08000000         0x00040000         xr
ram              0x20000000         0x0000a000         xrw
*default*        0x00000000         0xffffffff

Linker script and memory map

LOAD /home/aghosh01/TARS_codebase/flight_software/source/comp_filter/comp_filter.o
LOAD /home/aghosh01/TARS_codebase/flight_software/source/timekeeping/mission_timekeeper.o
LOAD /home/aghosh01/TARS_codebase/flight_software/source/newlib_stubs/newlib_stubs.o
LOAD /home/aghosh01/TARS_codebase/flight_software/source/thrust_ff/ThrustLib.o
LOAD /home/aghosh01/TARS_codebase/flight_software/source/vehicle_firmware_hal/pwm_input_hal.o
LOAD /home/aghosh01/TARS_codebase/flight_software/source/vehicle_firmware_hal/QuadRotor_PWM_hal.o
LOAD /home/aghosh01/TARS_codebase/flight_software/source/vehicle_firmware_hal/imu_hal.o
LOAD /home/aghosh01/TARS_codebase/flight_software/source/vehicle_firmware_hal/lidar_lite_v1_hal.o
LOAD /home/aghosh01/TARS_codebase/flight_software/source/vehicle_firmware_hal/polling_delay.o
LOAD /home/aghosh01/TARS_codebase/flight_software/source/vehicle_pwm/QuadRotor_PWM.o
LOAD /home/aghosh01/TARS_codebase/flight_software/source/nmea/NMEA.o
LOAD /home/aghosh01/TARS_codebase/flight_software/source/lidar_lite_v1/lidar_lite_v1.o
LOAD /home/aghosh01/TARS_codebase/flight_software/source/controller/pid_controller.o
LOAD /home/aghosh01/TARS_codebase/flight_software/source/controller/basic_pid_controller.o
LOAD /home/aghosh01/TARS_codebase/flight_software/source/pwm_input/pwm_input.o
LOAD /home/aghosh01/TARS_codebase/flight_software/source/vehicle_state_machine/vehicle_state_machine.o
LOAD /home/aghosh01/TARS_codebase/flight_software/source/px4flow_reader/pxflow_reader.o
LOAD /home/aghosh01/TARS_codebase/flight_software/source/imu/imu.o
LOAD /home/aghosh01/TARS_codebase/flight_software/source/interrupts/interrupts.o
LOAD testbed_sw_app_main.o
LOAD ../libopencm3/lib/libopencm3_stm32f3.a
START GROUP
LOAD /home/aghosh01/gcc-arm-none-eabi-4_7-2012q4/bin/../lib/gcc/arm-none-eabi/4.7.3/../../../../arm-none-eabi/lib/armv7e-m/fpu/libc.a
LOAD /home/aghosh01/gcc-arm-none-eabi-4_7-2012q4/bin/../lib/gcc/arm-none-eabi/4.7.3/../../../../arm-none-eabi/lib/armv7e-m/fpu/libm.a
LOAD /home/aghosh01/gcc-arm-none-eabi-4_7-2012q4/bin/../lib/gcc/arm-none-eabi/4.7.3/armv7e-m/fpu/libgcc.a
LOAD /home/aghosh01/gcc-arm-none-eabi-4_7-2012q4/bin/../lib/gcc/arm-none-eabi/4.7.3/../../../../arm-none-eabi/lib/armv7e-m/fpu/libnosys.a
END GROUP
START GROUP
LOAD /home/aghosh01/gcc-arm-none-eabi-4_7-2012q4/bin/../lib/gcc/arm-none-eabi/4.7.3/armv7e-m/fpu/libgcc.a
LOAD /home/aghosh01/gcc-arm-none-eabi-4_7-2012q4/bin/../lib/gcc/arm-none-eabi/4.7.3/../../../../arm-none-eabi/lib/armv7e-m/fpu/libc.a
END GROUP

.text           0x08000000     0x389c
 *(.vectors)
 .vectors       0x08000000      0x184 ../libopencm3/lib/libopencm3_stm32f3.a(vector.o)
                0x08000000                vector_table
 *(.text*)
 .text.init_mission_timekeeper
                0x08000184       0x34 /home/aghosh01/TARS_codebase/flight_software/source/timekeeping/mission_timekeeper.o
                0x08000184                init_mission_timekeeper
 .text.flag_scheduler_callback
                0x080001b8       0x24 /home/aghosh01/TARS_codebase/flight_software/source/timekeeping/mission_timekeeper.o
                0x080001b8                flag_scheduler_callback
 .text.update_mission_time_counter
                0x080001dc       0x48 /home/aghosh01/TARS_codebase/flight_software/source/timekeeping/mission_timekeeper.o
                0x080001dc                update_mission_time_counter
 .text.timekeeper_delay
                0x08000224       0x28 /home/aghosh01/TARS_codebase/flight_software/source/timekeeping/mission_timekeeper.o
                0x08000224                timekeeper_delay
 .text._close   0x0800024c        0x6 /home/aghosh01/TARS_codebase/flight_software/source/newlib_stubs/newlib_stubs.o
                0x0800024c                _close
 .text._fstat   0x08000252        0xa /home/aghosh01/TARS_codebase/flight_software/source/newlib_stubs/newlib_stubs.o
                0x08000252                _fstat
 .text._isatty  0x0800025c       0x18 /home/aghosh01/TARS_codebase/flight_software/source/newlib_stubs/newlib_stubs.o
                0x0800025c                _isatty
 .text._lseek   0x08000274        0x4 /home/aghosh01/TARS_codebase/flight_software/source/newlib_stubs/newlib_stubs.o
                0x08000274                _lseek
 .text._read    0x08000278       0x34 /home/aghosh01/TARS_codebase/flight_software/source/newlib_stubs/newlib_stubs.o
                0x08000278                _read
 .text._stat    0x080002ac        0xa /home/aghosh01/TARS_codebase/flight_software/source/newlib_stubs/newlib_stubs.o
                0x080002ac                _stat
 *fill*         0x080002b6        0x2 00
 .text._write   0x080002b8       0x4c /home/aghosh01/TARS_codebase/flight_software/source/newlib_stubs/newlib_stubs.o
                0x080002b8                _write
 .text._sbrk    0x08000304       0x48 /home/aghosh01/TARS_codebase/flight_software/source/newlib_stubs/newlib_stubs.o
                0x08000304                _sbrk
 .text.timer2_isr_callback
                0x0800034c       0x6c /home/aghosh01/TARS_codebase/flight_software/source/vehicle_firmware_hal/pwm_input_hal.o
                0x0800034c                timer2_isr_callback
 .text.timer3_isr_callback
                0x080003b8       0x6c /home/aghosh01/TARS_codebase/flight_software/source/vehicle_firmware_hal/pwm_input_hal.o
                0x080003b8                timer3_isr_callback
 .text.timer4_isr_callback
                0x08000424       0x6c /home/aghosh01/TARS_codebase/flight_software/source/vehicle_firmware_hal/pwm_input_hal.o
                0x08000424                timer4_isr_callback
 .text.timer8_isr_callback
                0x08000490       0x5c /home/aghosh01/TARS_codebase/flight_software/source/vehicle_firmware_hal/pwm_input_hal.o
                0x08000490                timer8_isr_callback
 .text.rc_input_watchdog_callback
                0x080004ec       0x88 /home/aghosh01/TARS_codebase/flight_software/source/vehicle_firmware_hal/pwm_input_hal.o
                0x080004ec                rc_input_watchdog_callback
 .text.QuadRotor_PWM_init
                0x08000574      0x238 /home/aghosh01/TARS_codebase/flight_software/source/vehicle_firmware_hal/QuadRotor_PWM_hal.o
                0x08000574                QuadRotor_PWM_init
 .text.QuadRotor_motor1_start
                0x080007ac       0x20 /home/aghosh01/TARS_codebase/flight_software/source/vehicle_firmware_hal/QuadRotor_PWM_hal.o
                0x080007ac                QuadRotor_motor1_start
 .text.QuadRotor_motor2_start
                0x080007cc       0x20 /home/aghosh01/TARS_codebase/flight_software/source/vehicle_firmware_hal/QuadRotor_PWM_hal.o
                0x080007cc                QuadRotor_motor2_start
 .text.QuadRotor_motor3_start
                0x080007ec       0x20 /home/aghosh01/TARS_codebase/flight_software/source/vehicle_firmware_hal/QuadRotor_PWM_hal.o
                0x080007ec                QuadRotor_motor3_start
 .text.QuadRotor_motor4_start
                0x0800080c       0x20 /home/aghosh01/TARS_codebase/flight_software/source/vehicle_firmware_hal/QuadRotor_PWM_hal.o
                0x0800080c                QuadRotor_motor4_start
 .text.QuadRotor_motor5_start
                0x0800082c       0x20 /home/aghosh01/TARS_codebase/flight_software/source/vehicle_firmware_hal/QuadRotor_PWM_hal.o
                0x0800082c                QuadRotor_motor5_start
 .text.QuadRotor_motor6_start
                0x0800084c       0x20 /home/aghosh01/TARS_codebase/flight_software/source/vehicle_firmware_hal/QuadRotor_PWM_hal.o
                0x0800084c                QuadRotor_motor6_start
 .text.QuadRotor_motor7_start
                0x0800086c       0x20 /home/aghosh01/TARS_codebase/flight_software/source/vehicle_firmware_hal/QuadRotor_PWM_hal.o
                0x0800086c                QuadRotor_motor7_start
 .text.QuadRotor_motor8_start
                0x0800088c       0x20 /home/aghosh01/TARS_codebase/flight_software/source/vehicle_firmware_hal/QuadRotor_PWM_hal.o
                0x0800088c                QuadRotor_motor8_start
 .text.QuadRotor_motor1_setDuty
                0x080008ac       0x44 /home/aghosh01/TARS_codebase/flight_software/source/vehicle_firmware_hal/QuadRotor_PWM_hal.o
                0x080008ac                QuadRotor_motor1_setDuty
 .text.QuadRotor_motor2_setDuty
                0x080008f0       0x44 /home/aghosh01/TARS_codebase/flight_software/source/vehicle_firmware_hal/QuadRotor_PWM_hal.o
                0x080008f0                QuadRotor_motor2_setDuty
 .text.QuadRotor_motor3_setDuty
                0x08000934       0x44 /home/aghosh01/TARS_codebase/flight_software/source/vehicle_firmware_hal/QuadRotor_PWM_hal.o
                0x08000934                QuadRotor_motor3_setDuty
 .text.QuadRotor_motor4_setDuty
                0x08000978       0x44 /home/aghosh01/TARS_codebase/flight_software/source/vehicle_firmware_hal/QuadRotor_PWM_hal.o
                0x08000978                QuadRotor_motor4_setDuty
 .text.QuadRotor_motor5_setDuty
                0x080009bc       0x44 /home/aghosh01/TARS_codebase/flight_software/source/vehicle_firmware_hal/QuadRotor_PWM_hal.o
                0x080009bc                QuadRotor_motor5_setDuty
 .text.QuadRotor_motor6_setDuty
                0x08000a00       0x44 /home/aghosh01/TARS_codebase/flight_software/source/vehicle_firmware_hal/QuadRotor_PWM_hal.o
                0x08000a00                QuadRotor_motor6_setDuty
 .text.QuadRotor_motor7_setDuty
                0x08000a44       0x44 /home/aghosh01/TARS_codebase/flight_software/source/vehicle_firmware_hal/QuadRotor_PWM_hal.o
                0x08000a44                QuadRotor_motor7_setDuty
 .text.QuadRotor_motor8_setDuty
                0x08000a88       0x44 /home/aghosh01/TARS_codebase/flight_software/source/vehicle_firmware_hal/QuadRotor_PWM_hal.o
                0x08000a88                QuadRotor_motor8_setDuty
 .text.spi_write_to_l3gd20_register.constprop.1
                0x08000acc       0x44 /home/aghosh01/TARS_codebase/flight_software/source/vehicle_firmware_hal/imu_hal.o
 .text.initialize_imu
                0x08000b10      0x23c /home/aghosh01/TARS_codebase/flight_software/source/vehicle_firmware_hal/imu_hal.o
                0x08000b10                initialize_imu
 .text._enable_interrupts
                0x08000d4c        0x4 /home/aghosh01/TARS_codebase/flight_software/source/interrupts/interrupts.o
                0x08000d4c                _enable_interrupts
 .text._disable_interrupts
                0x08000d50        0x4 /home/aghosh01/TARS_codebase/flight_software/source/interrupts/interrupts.o
                0x08000d50                _disable_interrupts
 .text.systick_setup
                0x08000d54       0x1c /home/aghosh01/TARS_codebase/flight_software/source/interrupts/interrupts.o
                0x08000d54                systick_setup
 .text.sys_tick_handler
                0x08000d70       0x12 /home/aghosh01/TARS_codebase/flight_software/source/interrupts/interrupts.o
                0x08000d70                sys_tick_handler
 .text.tim2_isr
                0x08000d82        0x4 /home/aghosh01/TARS_codebase/flight_software/source/interrupts/interrupts.o
                0x08000d82                tim2_isr
 .text.tim3_isr
                0x08000d86        0x4 /home/aghosh01/TARS_codebase/flight_software/source/interrupts/interrupts.o
                0x08000d86                tim3_isr
 .text.tim4_isr
                0x08000d8a        0x4 /home/aghosh01/TARS_codebase/flight_software/source/interrupts/interrupts.o
                0x08000d8a                tim4_isr
 .text.tim8_cc_isr
                0x08000d8e        0x4 /home/aghosh01/TARS_codebase/flight_software/source/interrupts/interrupts.o
                0x08000d8e                tim8_cc_isr
 *fill*         0x08000d92        0x2 00
 .text.setup_led_pins
                0x08000d94       0x2c testbed_sw_app_main.o
                0x08000d94                setup_led_pins
 .text.simple_fwd_gait
                0x08000dc0      0x120 testbed_sw_app_main.o
                0x08000dc0                simple_fwd_gait
 .text.startup.main
                0x08000ee0      0x198 testbed_sw_app_main.o
                0x08000ee0                main
 .text.rcc_wait_for_osc_ready
                0x08001078       0x4c ../libopencm3/lib/libopencm3_stm32f3.a(rcc.o)
                0x08001078                rcc_wait_for_osc_ready
 .text.rcc_wait_for_osc_not_ready
                0x080010c4       0x4c ../libopencm3/lib/libopencm3_stm32f3.a(rcc.o)
                0x080010c4                rcc_wait_for_osc_not_ready
 .text.rcc_wait_for_sysclk_status
                0x08001110       0x38 ../libopencm3/lib/libopencm3_stm32f3.a(rcc.o)
                0x08001110                rcc_wait_for_sysclk_status
 .text.rcc_osc_on
                0x08001148       0x44 ../libopencm3/lib/libopencm3_stm32f3.a(rcc.o)
                0x08001148                rcc_osc_on
 .text.rcc_osc_off
                0x0800118c       0x44 ../libopencm3/lib/libopencm3_stm32f3.a(rcc.o)
                0x0800118c                rcc_osc_off
 .text.rcc_set_sysclk_source
                0x080011d0       0x14 ../libopencm3/lib/libopencm3_stm32f3.a(rcc.o)
                0x080011d0                rcc_set_sysclk_source
 .text.rcc_set_pll_source
                0x080011e4       0x14 ../libopencm3/lib/libopencm3_stm32f3.a(rcc.o)
                0x080011e4                rcc_set_pll_source
 .text.rcc_set_ppre2
                0x080011f8       0x14 ../libopencm3/lib/libopencm3_stm32f3.a(rcc.o)
                0x080011f8                rcc_set_ppre2
 .text.rcc_set_ppre1
                0x0800120c       0x14 ../libopencm3/lib/libopencm3_stm32f3.a(rcc.o)
                0x0800120c                rcc_set_ppre1
 .text.rcc_set_hpre
                0x08001220       0x14 ../libopencm3/lib/libopencm3_stm32f3.a(rcc.o)
                0x08001220                rcc_set_hpre
 .text.rcc_set_main_pll_hsi
                0x08001234       0x14 ../libopencm3/lib/libopencm3_stm32f3.a(rcc.o)
                0x08001234                rcc_set_main_pll_hsi
 .text.rcc_clock_setup_hsi
                0x08001248       0x8c ../libopencm3/lib/libopencm3_stm32f3.a(rcc.o)
                0x08001248                rcc_clock_setup_hsi
 .text.rcc_set_i2c_clock_hsi
                0x080012d4       0x30 ../libopencm3/lib/libopencm3_stm32f3.a(rcc.o)
                0x080012d4                rcc_set_i2c_clock_hsi
 .text.i2c_reset
                0x08001304       0x44 ../libopencm3/lib/libopencm3_stm32f3.a(i2c.o)
                0x08001304                i2c_reset
 .text.i2c_peripheral_enable
                0x08001348        0xa ../libopencm3/lib/libopencm3_stm32f3.a(i2c.o)
                0x08001348                i2c_peripheral_enable
 .text.i2c_peripheral_disable
                0x08001352        0xa ../libopencm3/lib/libopencm3_stm32f3.a(i2c.o)
                0x08001352                i2c_peripheral_disable
 .text.i2c_send_start
                0x0800135c        0xa ../libopencm3/lib/libopencm3_stm32f3.a(i2c.o)
                0x0800135c                i2c_send_start
 .text.i2c_enable_analog_filter
                0x08001366        0xa ../libopencm3/lib/libopencm3_stm32f3.a(i2c.o)
                0x08001366                i2c_enable_analog_filter
 .text.i2c_set_digital_filter
                0x08001370        0xc ../libopencm3/lib/libopencm3_stm32f3.a(i2c.o)
                0x08001370                i2c_set_digital_filter
 .text.i2c_set_prescaler
                0x0800137c        0xe ../libopencm3/lib/libopencm3_stm32f3.a(i2c.o)
                0x0800137c                i2c_set_prescaler
 .text.i2c_set_data_setup_time
                0x0800138a        0xe ../libopencm3/lib/libopencm3_stm32f3.a(i2c.o)
                0x0800138a                i2c_set_data_setup_time
 .text.i2c_set_data_hold_time
                0x08001398        0xe ../libopencm3/lib/libopencm3_stm32f3.a(i2c.o)
                0x08001398                i2c_set_data_hold_time
 .text.i2c_set_scl_high_period
                0x080013a6        0xe ../libopencm3/lib/libopencm3_stm32f3.a(i2c.o)
                0x080013a6                i2c_set_scl_high_period
 .text.i2c_set_scl_low_period
                0x080013b4        0xc ../libopencm3/lib/libopencm3_stm32f3.a(i2c.o)
                0x080013b4                i2c_set_scl_low_period
 .text.i2c_enable_stretching
                0x080013c0        0xa ../libopencm3/lib/libopencm3_stm32f3.a(i2c.o)
                0x080013c0                i2c_enable_stretching
 .text.i2c_set_7bit_addr_mode
                0x080013ca        0xa ../libopencm3/lib/libopencm3_stm32f3.a(i2c.o)
                0x080013ca                i2c_set_7bit_addr_mode
 .text.i2c_set_7bit_address
                0x080013d4       0x12 ../libopencm3/lib/libopencm3_stm32f3.a(i2c.o)
                0x080013d4                i2c_set_7bit_address
 .text.i2c_set_write_transfer_dir
                0x080013e6        0xa ../libopencm3/lib/libopencm3_stm32f3.a(i2c.o)
                0x080013e6                i2c_set_write_transfer_dir
 .text.i2c_set_bytes_to_transfer
                0x080013f0        0xe ../libopencm3/lib/libopencm3_stm32f3.a(i2c.o)
                0x080013f0                i2c_set_bytes_to_transfer
 .text.i2c_is_start
                0x080013fe        0x8 ../libopencm3/lib/libopencm3_stm32f3.a(i2c.o)
                0x080013fe                i2c_is_start
 .text.i2c_enable_autoend
                0x08001406        0xa ../libopencm3/lib/libopencm3_stm32f3.a(i2c.o)
                0x08001406                i2c_enable_autoend
 .text.i2c_nack
                0x08001410        0x8 ../libopencm3/lib/libopencm3_stm32f3.a(i2c.o)
                0x08001410                i2c_nack
 .text.i2c_busy
                0x08001418        0x8 ../libopencm3/lib/libopencm3_stm32f3.a(i2c.o)
                0x08001418                i2c_busy
 .text.i2c_transmit_int_status
                0x08001420        0x8 ../libopencm3/lib/libopencm3_stm32f3.a(i2c.o)
                0x08001420                i2c_transmit_int_status
 .text.write_i2c
                0x08001428       0x8e ../libopencm3/lib/libopencm3_stm32f3.a(i2c.o)
                0x08001428                write_i2c
 .text.gpio_set
                0x080014b6        0x4 ../libopencm3/lib/libopencm3_stm32f3.a(gpio_common_all.o)
                0x080014b6                gpio_set
 .text.gpio_clear
                0x080014ba        0x6 ../libopencm3/lib/libopencm3_stm32f3.a(gpio_common_all.o)
                0x080014ba                gpio_clear
 .text.gpio_get
                0x080014c0        0x6 ../libopencm3/lib/libopencm3_stm32f3.a(gpio_common_all.o)
                0x080014c0                gpio_get
 .text.gpio_mode_setup
                0x080014c6       0x46 ../libopencm3/lib/libopencm3_stm32f3.a(gpio_common_f0234.o)
                0x080014c6                gpio_mode_setup
 .text.gpio_set_output_options
                0x0800150c       0x38 ../libopencm3/lib/libopencm3_stm32f3.a(gpio_common_f0234.o)
                0x0800150c                gpio_set_output_options
 .text.gpio_set_af
                0x08001544       0x56 ../libopencm3/lib/libopencm3_stm32f3.a(gpio_common_f0234.o)
                0x08001544                gpio_set_af
 *fill*         0x0800159a        0x2 00
 .text.usart_set_baudrate
                0x0800159c       0x28 ../libopencm3/lib/libopencm3_stm32f3.a(usart_common_all.o)
                0x0800159c                usart_set_baudrate
 .text.usart_set_databits
                0x080015c4       0x12 ../libopencm3/lib/libopencm3_stm32f3.a(usart_common_all.o)
                0x080015c4                usart_set_databits
 .text.usart_set_stopbits
                0x080015d6        0xc ../libopencm3/lib/libopencm3_stm32f3.a(usart_common_all.o)
                0x080015d6                usart_set_stopbits
 .text.usart_set_parity
                0x080015e2        0xc ../libopencm3/lib/libopencm3_stm32f3.a(usart_common_all.o)
                0x080015e2                usart_set_parity
 .text.usart_set_mode
                0x080015ee        0xc ../libopencm3/lib/libopencm3_stm32f3.a(usart_common_all.o)
                0x080015ee                usart_set_mode
 .text.usart_set_flow_control
                0x080015fa        0xc ../libopencm3/lib/libopencm3_stm32f3.a(usart_common_all.o)
                0x080015fa                usart_set_flow_control
 .text.usart_enable
                0x08001606        0xa ../libopencm3/lib/libopencm3_stm32f3.a(usart_common_all.o)
                0x08001606                usart_enable
 .text.usart_send_blocking
                0x08001610       0x16 ../libopencm3/lib/libopencm3_stm32f3.a(usart_common_all.o)
                0x08001610                usart_send_blocking
 .text.usart_recv_blocking
                0x08001626       0x12 ../libopencm3/lib/libopencm3_stm32f3.a(usart_common_all.o)
                0x08001626                usart_recv_blocking
 .text.spi_enable
                0x08001638        0xa ../libopencm3/lib/libopencm3_stm32f3.a(spi_common_all.o)
                0x08001638                spi_enable
 .text.spi_set_unidirectional_mode
                0x08001642        0xa ../libopencm3/lib/libopencm3_stm32f3.a(spi_common_all.o)
                0x08001642                spi_set_unidirectional_mode
 .text.spi_set_full_duplex_mode
                0x0800164c        0xa ../libopencm3/lib/libopencm3_stm32f3.a(spi_common_all.o)
                0x0800164c                spi_set_full_duplex_mode
 .text.spi_enable_software_slave_management
                0x08001656       0x12 ../libopencm3/lib/libopencm3_stm32f3.a(spi_common_all.o)
                0x08001656                spi_enable_software_slave_management
 .text.spi_set_nss_high
                0x08001668        0xa ../libopencm3/lib/libopencm3_stm32f3.a(spi_common_all.o)
                0x08001668                spi_set_nss_high
 .text.spi_send_msb_first
                0x08001672        0xa ../libopencm3/lib/libopencm3_stm32f3.a(spi_common_all.o)
                0x08001672                spi_send_msb_first
 .text.spi_set_baudrate_prescaler
                0x0800167c       0x14 ../libopencm3/lib/libopencm3_stm32f3.a(spi_common_all.o)
                0x0800167c                spi_set_baudrate_prescaler
 .text.spi_set_master_mode
                0x08001690        0xa ../libopencm3/lib/libopencm3_stm32f3.a(spi_common_all.o)
                0x08001690                spi_set_master_mode
 .text.spi_set_clock_polarity_0
                0x0800169a        0xa ../libopencm3/lib/libopencm3_stm32f3.a(spi_common_all.o)
                0x0800169a                spi_set_clock_polarity_0
 .text.spi_set_clock_phase_0
                0x080016a4        0xa ../libopencm3/lib/libopencm3_stm32f3.a(spi_common_all.o)
                0x080016a4                spi_set_clock_phase_0
 *fill*         0x080016ae        0x2 00
 .text.timer_reset
                0x080016b0       0x6c ../libopencm3/lib/libopencm3_stm32f3.a(timer_common_all.o)
                0x080016b0                timer_reset
 .text.timer_clear_flag
                0x0800171c        0xa ../libopencm3/lib/libopencm3_stm32f3.a(timer_common_all.o)
                0x0800171c                timer_clear_flag
 .text.timer_set_mode
                0x08001726       0x14 ../libopencm3/lib/libopencm3_stm32f3.a(timer_common_all.o)
                0x08001726                timer_set_mode
 .text.timer_enable_preload
                0x0800173a        0xa ../libopencm3/lib/libopencm3_stm32f3.a(timer_common_all.o)
                0x0800173a                timer_enable_preload
 .text.timer_continuous_mode
                0x08001744        0xa ../libopencm3/lib/libopencm3_stm32f3.a(timer_common_all.o)
                0x08001744                timer_continuous_mode
 .text.timer_enable_counter
                0x0800174e        0xa ../libopencm3/lib/libopencm3_stm32f3.a(timer_common_all.o)
                0x0800174e                timer_enable_counter
 .text.timer_set_prescaler
                0x08001758        0x4 ../libopencm3/lib/libopencm3_stm32f3.a(timer_common_all.o)
                0x08001758                timer_set_prescaler
 .text.timer_set_period
                0x0800175c        0x4 ../libopencm3/lib/libopencm3_stm32f3.a(timer_common_all.o)
                0x0800175c                timer_set_period
 .text.timer_set_oc_mode
                0x08001760      0x198 ../libopencm3/lib/libopencm3_stm32f3.a(timer_common_all.o)
                0x08001760                timer_set_oc_mode
 .text.timer_set_oc_polarity_high
                0x080018f8       0x68 ../libopencm3/lib/libopencm3_stm32f3.a(timer_common_all.o)
                0x080018f8                timer_set_oc_polarity_high
 .text.timer_enable_oc_output
                0x08001960       0x68 ../libopencm3/lib/libopencm3_stm32f3.a(timer_common_all.o)
                0x08001960                timer_enable_oc_output
 .text.timer_set_oc_value
                0x080019c8       0x20 ../libopencm3/lib/libopencm3_stm32f3.a(timer_common_all.o)
                0x080019c8                timer_set_oc_value
 .text.timer_enable_break_main_output
                0x080019e8       0x1c ../libopencm3/lib/libopencm3_stm32f3.a(timer_common_all.o)
                0x080019e8                timer_enable_break_main_output
 .text.timer_generate_event
                0x08001a04        0x8 ../libopencm3/lib/libopencm3_stm32f3.a(timer_common_all.o)
                0x08001a04                timer_generate_event
 .text.flash_set_ws
                0x08001a0c       0x14 ../libopencm3/lib/libopencm3_stm32f3.a(flash_common_f234.o)
                0x08001a0c                flash_set_ws
 .text.rcc_peripheral_reset
                0x08001a20        0x8 ../libopencm3/lib/libopencm3_stm32f3.a(rcc_common_all.o)
                0x08001a20                rcc_peripheral_reset
 .text.rcc_peripheral_clear_reset
                0x08001a28        0xa ../libopencm3/lib/libopencm3_stm32f3.a(rcc_common_all.o)
                0x08001a28                rcc_peripheral_clear_reset
 .text.rcc_periph_clock_enable
                0x08001a32       0x1c ../libopencm3/lib/libopencm3_stm32f3.a(rcc_common_all.o)
                0x08001a32                rcc_periph_clock_enable
 .text.rcc_periph_reset_pulse
                0x08001a4e       0x24 ../libopencm3/lib/libopencm3_stm32f3.a(rcc_common_all.o)
                0x08001a4e                rcc_periph_reset_pulse
 .text.spi_send8
                0x08001a72        0xa ../libopencm3/lib/libopencm3_stm32f3.a(spi_common_f03.o)
                0x08001a72                spi_send8
 .text.spi_read8
                0x08001a7c        0xa ../libopencm3/lib/libopencm3_stm32f3.a(spi_common_f03.o)
                0x08001a7c                spi_read8
 .text.spi_set_data_size
                0x08001a86       0x10 ../libopencm3/lib/libopencm3_stm32f3.a(spi_common_f03.o)
                0x08001a86                spi_set_data_size
 .text.spi_fifo_reception_threshold_8bit
                0x08001a96        0xa ../libopencm3/lib/libopencm3_stm32f3.a(spi_common_f03.o)
                0x08001a96                spi_fifo_reception_threshold_8bit
 .text.blocking_handler
                0x08001aa0        0x2 ../libopencm3/lib/libopencm3_stm32f3.a(vector.o)
                0x08001aa0                usb_lp_isr
                0x08001aa0                i2c2_ev_exti24_isr
                0x08001aa0                usb_hp_isr
                0x08001aa0                tim7_isr
                0x08001aa0                reserved_12_isr
                0x08001aa0                adc1_2_isr
                0x08001aa0                reserved_11_isr
                0x08001aa0                reserved_7_isr
                0x08001aa0                reserved_13_isr
                0x08001aa0                blocking_handler
                0x08001aa0                rtc_wkup_isr
                0x08001aa0                tim1_up_tim16_isr
                0x08001aa0                spi1_isr
                0x08001aa0                dma1_channel6_isr
                0x08001aa0                reserved_5_isr
                0x08001aa0                dma1_channel5_isr
                0x08001aa0                dma2_channel5_isr
                0x08001aa0                tamp_stamp_isr
                0x08001aa0                can1_rx1_isr
                0x08001aa0                usage_fault_handler
                0x08001aa0                tim8_trg_com_isr
                0x08001aa0                i2c1_ev_exti23_isr
                0x08001aa0                tim1_trg_com_tim17_isr
                0x08001aa0                reserved_15_isr
                0x08001aa0                usb_wkup_isr
                0x08001aa0                can1_sce_isr
                0x08001aa0                reserved_3_isr
                0x08001aa0                tim1_cc_isr
                0x08001aa0                eth_isr
                0x08001aa0                reserved_14_isr
                0x08001aa0                dma1_channel4_isr
                0x08001aa0                tim8_brk_isr
                0x08001aa0                dma2_channel4_isr
                0x08001aa0                pvd_isr
                0x08001aa0                comp123_isr
                0x08001aa0                comp456_isr
                0x08001aa0                rcc_isr
                0x08001aa0                reserved_8_isr
                0x08001aa0                flash_isr
                0x08001aa0                rtc_alarm_isr
                0x08001aa0                reserved_2_isr
                0x08001aa0                exti15_10_isr
                0x08001aa0                hard_fault_handler
                0x08001aa0                exti1_isr
                0x08001aa0                dma2_channel1_isr
                0x08001aa0                spi2_isr
                0x08001aa0                reserved_9_isr
                0x08001aa0                nvic_wwdg_isr
                0x08001aa0                tim8_up_isr
                0x08001aa0                usart1_exti25_isr
                0x08001aa0                dma2_channel2_isr
                0x08001aa0                adc3_isr
                0x08001aa0                exti3_isr
                0x08001aa0                i2c2_er_isr
                0x08001aa0                reserved_1_isr
                0x08001aa0                dma1_channel1_isr
                0x08001aa0                exti4_isr
                0x08001aa0                tim6_dac_isr
                0x08001aa0                mem_manage_handler
                0x08001aa0                exti9_5_isr
                0x08001aa0                dma2_channel3_isr
                0x08001aa0                usb_hp_can1_tx_isr
                0x08001aa0                dma1_channel7_isr
                0x08001aa0                usart3_exti28_isr
                0x08001aa0                reserved_6_isr
                0x08001aa0                usb_lp_can1_rx0_isr
                0x08001aa0                dma1_channel2_isr
                0x08001aa0                i2c1_er_isr
                0x08001aa0                comp7_isr
                0x08001aa0                uart5_exti35_isr
                0x08001aa0                reserved_4_isr
                0x08001aa0                bus_fault_handler
                0x08001aa0                tim1_brk_tim15_isr
                0x08001aa0                dma1_channel3_isr
                0x08001aa0                uart4_exti34_isr
                0x08001aa0                usart2_exti26_isr
                0x08001aa0                spi3_isr
                0x08001aa0                reserved_10_isr
                0x08001aa0                reserved_16_isr
                0x08001aa0                exti2_tsc_isr
                0x08001aa0                usb_wkup_a_isr
                0x08001aa0                exti0_isr
 .text.null_handler
                0x08001aa2        0x2 ../libopencm3/lib/libopencm3_stm32f3.a(vector.o)
                0x08001aa2                null_handler
                0x08001aa2                sv_call_handler
                0x08001aa2                pend_sv_handler
                0x08001aa2                debug_monitor_handler
                0x08001aa2                nmi_handler
 .text.reset_handler
                0x08001aa4       0x90 ../libopencm3/lib/libopencm3_stm32f3.a(vector.o)
                0x08001aa4                reset_handler
 .text.systick_set_reload
                0x08001b34       0x10 ../libopencm3/lib/libopencm3_stm32f3.a(systick.o)
                0x08001b34                systick_set_reload
 .text.systick_set_clocksource
                0x08001b44       0x18 ../libopencm3/lib/libopencm3_stm32f3.a(systick.o)
                0x08001b44                systick_set_clocksource
 .text.systick_interrupt_enable
                0x08001b5c       0x10 ../libopencm3/lib/libopencm3_stm32f3.a(systick.o)
                0x08001b5c                systick_interrupt_enable
 .text.systick_counter_enable
                0x08001b6c       0x10 ../libopencm3/lib/libopencm3_stm32f3.a(systick.o)
                0x08001b6c                systick_counter_enable
 .text.usart_send
                0x08001b7c        0x8 ../libopencm3/lib/libopencm3_stm32f3.a(usart.o)
                0x08001b7c                usart_send
 .text.usart_recv
                0x08001b84        0x8 ../libopencm3/lib/libopencm3_stm32f3.a(usart.o)
                0x08001b84                usart_recv
 .text.usart_wait_send_ready
                0x08001b8c        0x8 ../libopencm3/lib/libopencm3_stm32f3.a(usart.o)
                0x08001b8c                usart_wait_send_ready
 .text.usart_wait_recv_ready
                0x08001b94        0x8 ../libopencm3/lib/libopencm3_stm32f3.a(usart.o)
                0x08001b94                usart_wait_recv_ready
 .text.malloc   0x08001b9c       0x10 /home/aghosh01/gcc-arm-none-eabi-4_7-2012q4/bin/../lib/gcc/arm-none-eabi/4.7.3/../../../../arm-none-eabi/lib/armv7e-m/fpu/libc.a(lib_a-malloc.o)
                0x08001b9c                malloc
 .text._malloc_r
                0x08001bac      0x55c /home/aghosh01/gcc-arm-none-eabi-4_7-2012q4/bin/../lib/gcc/arm-none-eabi/4.7.3/../../../../arm-none-eabi/lib/armv7e-m/fpu/libc.a(lib_a-mallocr.o)
                0x08001bac                _malloc_r
 .text.memcpy   0x08002108      0x144 /home/aghosh01/gcc-arm-none-eabi-4_7-2012q4/bin/../lib/gcc/arm-none-eabi/4.7.3/../../../../arm-none-eabi/lib/armv7e-m/fpu/libc.a(lib_a-memcpy.o)
                0x08002108                memcpy
 .text.__malloc_lock
                0x0800224c        0x4 /home/aghosh01/gcc-arm-none-eabi-4_7-2012q4/bin/../lib/gcc/arm-none-eabi/4.7.3/../../../../arm-none-eabi/lib/armv7e-m/fpu/libc.a(lib_a-mlock.o)
                0x0800224c                __malloc_lock
 .text.__malloc_unlock
                0x08002250        0x4 /home/aghosh01/gcc-arm-none-eabi-4_7-2012q4/bin/../lib/gcc/arm-none-eabi/4.7.3/../../../../arm-none-eabi/lib/armv7e-m/fpu/libc.a(lib_a-mlock.o)
                0x08002250                __malloc_unlock
 .text._puts_r  0x08002254       0x68 /home/aghosh01/gcc-arm-none-eabi-4_7-2012q4/bin/../lib/gcc/arm-none-eabi/4.7.3/../../../../arm-none-eabi/lib/armv7e-m/fpu/libc.a(lib_a-puts.o)
                0x08002254                _puts_r
 .text.puts     0x080022bc       0x10 /home/aghosh01/gcc-arm-none-eabi-4_7-2012q4/bin/../lib/gcc/arm-none-eabi/4.7.3/../../../../arm-none-eabi/lib/armv7e-m/fpu/libc.a(lib_a-puts.o)
                0x080022bc                puts
 .text._sbrk_r  0x080022cc       0x24 /home/aghosh01/gcc-arm-none-eabi-4_7-2012q4/bin/../lib/gcc/arm-none-eabi/4.7.3/../../../../arm-none-eabi/lib/armv7e-m/fpu/libc.a(lib_a-sbrkr.o)
                0x080022cc                _sbrk_r
 .text.setvbuf  0x080022f0      0x110 /home/aghosh01/gcc-arm-none-eabi-4_7-2012q4/bin/../lib/gcc/arm-none-eabi/4.7.3/../../../../arm-none-eabi/lib/armv7e-m/fpu/libc.a(lib_a-setvbuf.o)
                0x080022f0                setvbuf
 .text.strlen   0x08002400       0x60 /home/aghosh01/gcc-arm-none-eabi-4_7-2012q4/bin/../lib/gcc/arm-none-eabi/4.7.3/../../../../arm-none-eabi/lib/armv7e-m/fpu/libc.a(lib_a-strlen.o)
                0x08002400                strlen
 .text.__swsetup_r
                0x08002460       0xc4 /home/aghosh01/gcc-arm-none-eabi-4_7-2012q4/bin/../lib/gcc/arm-none-eabi/4.7.3/../../../../arm-none-eabi/lib/armv7e-m/fpu/libc.a(lib_a-wsetup.o)
                0x08002460                __swsetup_r
 .text._fflush_r
                0x08002524      0x168 /home/aghosh01/gcc-arm-none-eabi-4_7-2012q4/bin/../lib/gcc/arm-none-eabi/4.7.3/../../../../arm-none-eabi/lib/armv7e-m/fpu/libc.a(lib_a-fflush.o)
                0x08002524                _fflush_r
 .text._cleanup_r
                0x0800268c        0xc /home/aghosh01/gcc-arm-none-eabi-4_7-2012q4/bin/../lib/gcc/arm-none-eabi/4.7.3/../../../../arm-none-eabi/lib/armv7e-m/fpu/libc.a(lib_a-findfp.o)
                0x0800268c                _cleanup_r
 .text.std.isra.0
                0x08002698       0x50 /home/aghosh01/gcc-arm-none-eabi-4_7-2012q4/bin/../lib/gcc/arm-none-eabi/4.7.3/../../../../arm-none-eabi/lib/armv7e-m/fpu/libc.a(lib_a-findfp.o)
 .text.__sinit  0x080026e8       0x4c /home/aghosh01/gcc-arm-none-eabi-4_7-2012q4/bin/../lib/gcc/arm-none-eabi/4.7.3/../../../../arm-none-eabi/lib/armv7e-m/fpu/libc.a(lib_a-findfp.o)
                0x080026e8                __sinit
 .text.__sfp_lock_acquire
                0x08002734        0x4 /home/aghosh01/gcc-arm-none-eabi-4_7-2012q4/bin/../lib/gcc/arm-none-eabi/4.7.3/../../../../arm-none-eabi/lib/armv7e-m/fpu/libc.a(lib_a-findfp.o)
                0x08002734                __sfp_lock_acquire
 .text.__sfp_lock_release
                0x08002738        0x4 /home/aghosh01/gcc-arm-none-eabi-4_7-2012q4/bin/../lib/gcc/arm-none-eabi/4.7.3/../../../../arm-none-eabi/lib/armv7e-m/fpu/libc.a(lib_a-findfp.o)
                0x08002738                __sfp_lock_release
 .text._malloc_trim_r
                0x0800273c       0x98 /home/aghosh01/gcc-arm-none-eabi-4_7-2012q4/bin/../lib/gcc/arm-none-eabi/4.7.3/../../../../arm-none-eabi/lib/armv7e-m/fpu/libc.a(lib_a-freer.o)
                0x0800273c                _malloc_trim_r
 .text._free_r  0x080027d4      0x194 /home/aghosh01/gcc-arm-none-eabi-4_7-2012q4/bin/../lib/gcc/arm-none-eabi/4.7.3/../../../../arm-none-eabi/lib/armv7e-m/fpu/libc.a(lib_a-freer.o)
                0x080027d4                _free_r
 .text.__sfvwrite_r
                0x08002968      0x314 /home/aghosh01/gcc-arm-none-eabi-4_7-2012q4/bin/../lib/gcc/arm-none-eabi/4.7.3/../../../../arm-none-eabi/lib/armv7e-m/fpu/libc.a(lib_a-fvwrite.o)
                0x08002968                __sfvwrite_r
 .text._fwalk   0x08002c7c       0xb8 /home/aghosh01/gcc-arm-none-eabi-4_7-2012q4/bin/../lib/gcc/arm-none-eabi/4.7.3/../../../../arm-none-eabi/lib/armv7e-m/fpu/libc.a(lib_a-fwalk.o)
                0x08002c7c                _fwalk
 .text.__smakebuf_r
                0x08002d34       0xe8 /home/aghosh01/gcc-arm-none-eabi-4_7-2012q4/bin/../lib/gcc/arm-none-eabi/4.7.3/../../../../arm-none-eabi/lib/armv7e-m/fpu/libc.a(lib_a-makebuf.o)
                0x08002d34                __smakebuf_r
 .text.memchr   0x08002e1c      0x140 /home/aghosh01/gcc-arm-none-eabi-4_7-2012q4/bin/../lib/gcc/arm-none-eabi/4.7.3/../../../../arm-none-eabi/lib/armv7e-m/fpu/libc.a(lib_a-memchr.o)
                0x08002e1c                memchr
 .text.memmove  0x08002f5c      0x198 /home/aghosh01/gcc-arm-none-eabi-4_7-2012q4/bin/../lib/gcc/arm-none-eabi/4.7.3/../../../../arm-none-eabi/lib/armv7e-m/fpu/libc.a(lib_a-memmove.o)
                0x08002f5c                memmove
 .text.memset   0x080030f4      0x12c /home/aghosh01/gcc-arm-none-eabi-4_7-2012q4/bin/../lib/gcc/arm-none-eabi/4.7.3/../../../../arm-none-eabi/lib/armv7e-m/fpu/libc.a(lib_a-memset.o)
                0x080030f4                memset
 .text._realloc_r
                0x08003220      0x3dc /home/aghosh01/gcc-arm-none-eabi-4_7-2012q4/bin/../lib/gcc/arm-none-eabi/4.7.3/../../../../arm-none-eabi/lib/armv7e-m/fpu/libc.a(lib_a-reallocr.o)
                0x08003220                _realloc_r
 .text.__sread  0x080035fc       0x24 /home/aghosh01/gcc-arm-none-eabi-4_7-2012q4/bin/../lib/gcc/arm-none-eabi/4.7.3/../../../../arm-none-eabi/lib/armv7e-m/fpu/libc.a(lib_a-stdio.o)
                0x080035fc                __sread
 .text.__swrite
                0x08003620       0x44 /home/aghosh01/gcc-arm-none-eabi-4_7-2012q4/bin/../lib/gcc/arm-none-eabi/4.7.3/../../../../arm-none-eabi/lib/armv7e-m/fpu/libc.a(lib_a-stdio.o)
                0x08003620                __swrite
 .text.__sseek  0x08003664       0x24 /home/aghosh01/gcc-arm-none-eabi-4_7-2012q4/bin/../lib/gcc/arm-none-eabi/4.7.3/../../../../arm-none-eabi/lib/armv7e-m/fpu/libc.a(lib_a-stdio.o)
                0x08003664                __sseek
 .text.__sclose
                0x08003688        0x8 /home/aghosh01/gcc-arm-none-eabi-4_7-2012q4/bin/../lib/gcc/arm-none-eabi/4.7.3/../../../../arm-none-eabi/lib/armv7e-m/fpu/libc.a(lib_a-stdio.o)
                0x08003688                __sclose
 .text._write_r
                0x08003690       0x28 /home/aghosh01/gcc-arm-none-eabi-4_7-2012q4/bin/../lib/gcc/arm-none-eabi/4.7.3/../../../../arm-none-eabi/lib/armv7e-m/fpu/libc.a(lib_a-writer.o)
                0x08003690                _write_r
 .text._close_r
                0x080036b8       0x24 /home/aghosh01/gcc-arm-none-eabi-4_7-2012q4/bin/../lib/gcc/arm-none-eabi/4.7.3/../../../../arm-none-eabi/lib/armv7e-m/fpu/libc.a(lib_a-closer.o)
                0x080036b8                _close_r
 .text._fclose_r
                0x080036dc       0x94 /home/aghosh01/gcc-arm-none-eabi-4_7-2012q4/bin/../lib/gcc/arm-none-eabi/4.7.3/../../../../arm-none-eabi/lib/armv7e-m/fpu/libc.a(lib_a-fclose.o)
                0x080036dc                _fclose_r
 .text.fclose   0x08003770       0x10 /home/aghosh01/gcc-arm-none-eabi-4_7-2012q4/bin/../lib/gcc/arm-none-eabi/4.7.3/../../../../arm-none-eabi/lib/armv7e-m/fpu/libc.a(lib_a-fclose.o)
                0x08003770                fclose
 .text._fstat_r
                0x08003780       0x28 /home/aghosh01/gcc-arm-none-eabi-4_7-2012q4/bin/../lib/gcc/arm-none-eabi/4.7.3/../../../../arm-none-eabi/lib/armv7e-m/fpu/libc.a(lib_a-fstatr.o)
                0x08003780                _fstat_r
 .text._isatty_r
                0x080037a8       0x24 /home/aghosh01/gcc-arm-none-eabi-4_7-2012q4/bin/../lib/gcc/arm-none-eabi/4.7.3/../../../../arm-none-eabi/lib/armv7e-m/fpu/libc.a(lib_a-isattyr.o)
                0x080037a8                _isatty_r
 .text._lseek_r
                0x080037cc       0x28 /home/aghosh01/gcc-arm-none-eabi-4_7-2012q4/bin/../lib/gcc/arm-none-eabi/4.7.3/../../../../arm-none-eabi/lib/armv7e-m/fpu/libc.a(lib_a-lseekr.o)
                0x080037cc                _lseek_r
 .text._read_r  0x080037f4       0x28 /home/aghosh01/gcc-arm-none-eabi-4_7-2012q4/bin/../lib/gcc/arm-none-eabi/4.7.3/../../../../arm-none-eabi/lib/armv7e-m/fpu/libc.a(lib_a-readr.o)
                0x080037f4                _read_r
 .text._open    0x0800381c       0x14 /home/aghosh01/gcc-arm-none-eabi-4_7-2012q4/bin/../lib/gcc/arm-none-eabi/4.7.3/../../../../arm-none-eabi/lib/armv7e-m/fpu/libnosys.a(open.o)
                0x0800381c                _open
                0x08003830                . = ALIGN (0x4)
 *(.rodata*)
 .rodata.str1.1
                0x08003830       0x1f /home/aghosh01/TARS_codebase/flight_software/source/newlib_stubs/newlib_stubs.o
 .rodata.CSWTCH.18
                0x0800384f        0x2 /home/aghosh01/TARS_codebase/flight_software/source/vehicle_firmware_hal/imu_hal.o
 .rodata.str1.1
                0x08003851        0x7 testbed_sw_app_main.o
 .rodata.hsi_8mhz
                0x08003858       0x3c ../libopencm3/lib/libopencm3_stm32f3.a(rcc.o)
                0x08003858                hsi_8mhz
 .rodata.str1.4
                0x08003894        0x2 /home/aghosh01/gcc-arm-none-eabi-4_7-2012q4/bin/../lib/gcc/arm-none-eabi/4.7.3/../../../../arm-none-eabi/lib/armv7e-m/fpu/libc.a(lib_a-impure.o)
                                  0x4 (size before relaxing)
 *fill*         0x08003896        0x2 00
 .rodata.str1.4
                0x08003898        0x4 /home/aghosh01/gcc-arm-none-eabi-4_7-2012q4/bin/../lib/gcc/arm-none-eabi/4.7.3/../../../../arm-none-eabi/lib/armv7e-m/fpu/libc.a(lib_a-puts.o)
                0x0800389c                . = ALIGN (0x4)

.glue_7         0x0800389c        0x0
 .glue_7        0x00000000        0x0 linker stubs

.glue_7t        0x0800389c        0x0
 .glue_7t       0x00000000        0x0 linker stubs

.vfp11_veneer   0x0800389c        0x0
 .vfp11_veneer  0x00000000        0x0 linker stubs

.v4_bx          0x0800389c        0x0
 .v4_bx         0x00000000        0x0 linker stubs

.iplt           0x0800389c        0x0
 .iplt          0x00000000        0x0 /home/aghosh01/TARS_codebase/flight_software/source/comp_filter/comp_filter.o

.rel.dyn        0x0800389c        0x0
 .rel.iplt      0x00000000        0x0 /home/aghosh01/TARS_codebase/flight_software/source/comp_filter/comp_filter.o

.preinit_array  0x0800389c        0x0
                0x0800389c                . = ALIGN (0x4)
                0x0800389c                __preinit_array_start = .
 *(.preinit_array)
                0x0800389c                __preinit_array_end = .

.init_array     0x0800389c        0x0
                0x0800389c                . = ALIGN (0x4)
                0x0800389c                __init_array_start = .
 *(SORT(.init_array.*))
 *(.init_array)
                0x0800389c                __init_array_end = .

.fini_array     0x0800389c        0x0
                0x0800389c                . = ALIGN (0x4)
                0x0800389c                __fini_array_start = .
 *(.fini_array)
 *(SORT(.fini_array.*))
                0x0800389c                __fini_array_end = .

.ARM.extab
 *(.ARM.extab*)

.ARM.exidx      0x0800389c        0x0
                0x0800389c                __exidx_start = .
 *(.ARM.exidx*)
                0x0800389c                __exidx_end = .
                0x0800389c                . = ALIGN (0x4)
                0x0800389c                _etext = .

.data           0x20000000      0x844 load address 0x080038a0
                0x20000000                _data = .
 *(.data*)
 .data.rcc_apb1_frequency
                0x20000000        0x4 ../libopencm3/lib/libopencm3_stm32f3.a(rcc.o)
                0x20000000                rcc_apb1_frequency
 .data.rcc_apb2_frequency
                0x20000004        0x4 ../libopencm3/lib/libopencm3_stm32f3.a(rcc.o)
                0x20000004                rcc_apb2_frequency
 .data.impure_data
                0x20000008      0x428 /home/aghosh01/gcc-arm-none-eabi-4_7-2012q4/bin/../lib/gcc/arm-none-eabi/4.7.3/../../../../arm-none-eabi/lib/armv7e-m/fpu/libc.a(lib_a-impure.o)
 .data._impure_ptr
                0x20000430        0x4 /home/aghosh01/gcc-arm-none-eabi-4_7-2012q4/bin/../lib/gcc/arm-none-eabi/4.7.3/../../../../arm-none-eabi/lib/armv7e-m/fpu/libc.a(lib_a-impure.o)
                0x20000430                _impure_ptr
 .data.__malloc_av_
                0x20000434      0x408 /home/aghosh01/gcc-arm-none-eabi-4_7-2012q4/bin/../lib/gcc/arm-none-eabi/4.7.3/../../../../arm-none-eabi/lib/armv7e-m/fpu/libc.a(lib_a-mallocr.o)
                0x20000434                __malloc_av_
 .data.__malloc_trim_threshold
                0x2000083c        0x4 /home/aghosh01/gcc-arm-none-eabi-4_7-2012q4/bin/../lib/gcc/arm-none-eabi/4.7.3/../../../../arm-none-eabi/lib/armv7e-m/fpu/libc.a(lib_a-mallocr.o)
                0x2000083c                __malloc_trim_threshold
 .data.__malloc_sbrk_base
                0x20000840        0x4 /home/aghosh01/gcc-arm-none-eabi-4_7-2012q4/bin/../lib/gcc/arm-none-eabi/4.7.3/../../../../arm-none-eabi/lib/armv7e-m/fpu/libc.a(lib_a-mallocr.o)
                0x20000840                __malloc_sbrk_base
                0x20000844                . = ALIGN (0x4)
                0x20000844                _edata = .
                0x080038a0                _data_loadaddr = LOADADDR (.data)

.igot.plt       0x20000844        0x0 load address 0x080040e4
 .igot.plt      0x00000000        0x0 /home/aghosh01/TARS_codebase/flight_software/source/comp_filter/comp_filter.o

.bss            0x20000844       0x80 load address 0x080040e4
 *(.bss*)
 .bss.flag_queue
                0x20000844        0xc /home/aghosh01/TARS_codebase/flight_software/source/timekeeping/mission_timekeeper.o
 .bss.mission_time_counter
                0x20000850        0x8 /home/aghosh01/TARS_codebase/flight_software/source/timekeeping/mission_timekeeper.o
 .bss.delay_flag
                0x20000858        0x1 /home/aghosh01/TARS_codebase/flight_software/source/timekeeping/mission_timekeeper.o
 *fill*         0x20000859        0x1 00
 .bss.delay_millis_to_go
                0x2000085a        0x2 /home/aghosh01/TARS_codebase/flight_software/source/timekeeping/mission_timekeeper.o
 .bss.heap_end.4924
                0x2000085c        0x4 /home/aghosh01/TARS_codebase/flight_software/source/newlib_stubs/newlib_stubs.o
 .bss.rc_tim4_watchdog_counter
                0x20000860        0x1 /home/aghosh01/TARS_codebase/flight_software/source/vehicle_firmware_hal/pwm_input_hal.o
 .bss.rc_tim8_watchdog_counter
                0x20000861        0x1 /home/aghosh01/TARS_codebase/flight_software/source/vehicle_firmware_hal/pwm_input_hal.o
 *fill*         0x20000862        0x2 00
 .bss.current_state
                0x20000864       0x24 /home/aghosh01/TARS_codebase/flight_software/source/vehicle_firmware_hal/pwm_input_hal.o
 .bss.rc_tim2_watchdog_counter
                0x20000888        0x1 /home/aghosh01/TARS_codebase/flight_software/source/vehicle_firmware_hal/pwm_input_hal.o
 .bss.rc_tim3_watchdog_counter
                0x20000889        0x1 /home/aghosh01/TARS_codebase/flight_software/source/vehicle_firmware_hal/pwm_input_hal.o
 *fill*         0x2000088a        0x2 00
 .bss.__malloc_max_total_mem
                0x2000088c        0x4 /home/aghosh01/gcc-arm-none-eabi-4_7-2012q4/bin/../lib/gcc/arm-none-eabi/4.7.3/../../../../arm-none-eabi/lib/armv7e-m/fpu/libc.a(lib_a-mallocr.o)
                0x2000088c                __malloc_max_total_mem
 .bss.__malloc_max_sbrked_mem
                0x20000890        0x4 /home/aghosh01/gcc-arm-none-eabi-4_7-2012q4/bin/../lib/gcc/arm-none-eabi/4.7.3/../../../../arm-none-eabi/lib/armv7e-m/fpu/libc.a(lib_a-mallocr.o)
                0x20000890                __malloc_max_sbrked_mem
 .bss.__malloc_top_pad
                0x20000894        0x4 /home/aghosh01/gcc-arm-none-eabi-4_7-2012q4/bin/../lib/gcc/arm-none-eabi/4.7.3/../../../../arm-none-eabi/lib/armv7e-m/fpu/libc.a(lib_a-mallocr.o)
                0x20000894                __malloc_top_pad
 .bss.__malloc_current_mallinfo
                0x20000898       0x28 /home/aghosh01/gcc-arm-none-eabi-4_7-2012q4/bin/../lib/gcc/arm-none-eabi/4.7.3/../../../../arm-none-eabi/lib/armv7e-m/fpu/libc.a(lib_a-mallocr.o)
                0x20000898                __malloc_current_mallinfo
 *(COMMON)
 COMMON         0x200008c0        0x4 /home/aghosh01/gcc-arm-none-eabi-4_7-2012q4/bin/../lib/gcc/arm-none-eabi/4.7.3/../../../../arm-none-eabi/lib/armv7e-m/fpu/libc.a(lib_a-reent.o)
                0x200008c0                errno
                0x200008c4                . = ALIGN (0x4)
                0x200008c4                _ebss = .

/DISCARD/
 *(.eh_frame)
                0x200008c4                . = ALIGN (0x4)
                0x200008c4                end = .
                0x2000a000                PROVIDE (_stack, (ORIGIN (ram) + 0xa000))
OUTPUT(testbed_sw_app_main.elf elf32-littlearm)

.debug_info     0x00000000     0xb04f
 .debug_info    0x00000000      0x3b4 /home/aghosh01/TARS_codebase/flight_software/source/timekeeping/mission_timekeeper.o
 .debug_info    0x000003b4      0x7f7 /home/aghosh01/TARS_codebase/flight_software/source/newlib_stubs/newlib_stubs.o
 .debug_info    0x00000bab     0x1114 /home/aghosh01/TARS_codebase/flight_software/source/vehicle_firmware_hal/pwm_input_hal.o
 .debug_info    0x00001cbf     0x137c /home/aghosh01/TARS_codebase/flight_software/source/vehicle_firmware_hal/QuadRotor_PWM_hal.o
 .debug_info    0x0000303b      0xf9f /home/aghosh01/TARS_codebase/flight_software/source/vehicle_firmware_hal/imu_hal.o
 .debug_info    0x00003fda      0x25d /home/aghosh01/TARS_codebase/flight_software/source/interrupts/interrupts.o
 .debug_info    0x00004237     0x22da testbed_sw_app_main.o
 .debug_info    0x00006511      0x871 ../libopencm3/lib/libopencm3_stm32f3.a(rcc.o)
 .debug_info    0x00006d82      0xd1f ../libopencm3/lib/libopencm3_stm32f3.a(i2c.o)
 .debug_info    0x00007aa1      0x238 ../libopencm3/lib/libopencm3_stm32f3.a(gpio_common_all.o)
 .debug_info    0x00007cd9      0x1dd ../libopencm3/lib/libopencm3_stm32f3.a(gpio_common_f0234.o)
 .debug_info    0x00007eb6      0x525 ../libopencm3/lib/libopencm3_stm32f3.a(usart_common_all.o)
 .debug_info    0x000083db      0x9e0 ../libopencm3/lib/libopencm3_stm32f3.a(spi_common_all.o)
 .debug_info    0x00008dbb     0x12ce ../libopencm3/lib/libopencm3_stm32f3.a(timer_common_all.o)
 .debug_info    0x0000a089      0x134 ../libopencm3/lib/libopencm3_stm32f3.a(flash_common_f234.o)
 .debug_info    0x0000a1bd      0x53f ../libopencm3/lib/libopencm3_stm32f3.a(rcc_common_all.o)
 .debug_info    0x0000a6fc      0x270 ../libopencm3/lib/libopencm3_stm32f3.a(spi_common_f03.o)
 .debug_info    0x0000a96c      0x2f0 ../libopencm3/lib/libopencm3_stm32f3.a(vector.o)
 .debug_info    0x0000ac5c      0x232 ../libopencm3/lib/libopencm3_stm32f3.a(systick.o)
 .debug_info    0x0000ae8e      0x1c1 ../libopencm3/lib/libopencm3_stm32f3.a(usart.o)

.debug_abbrev   0x00000000     0x1f6a
 .debug_abbrev  0x00000000      0x1c9 /home/aghosh01/TARS_codebase/flight_software/source/timekeeping/mission_timekeeper.o
 .debug_abbrev  0x000001c9      0x28e /home/aghosh01/TARS_codebase/flight_software/source/newlib_stubs/newlib_stubs.o
 .debug_abbrev  0x00000457      0x1bc /home/aghosh01/TARS_codebase/flight_software/source/vehicle_firmware_hal/pwm_input_hal.o
 .debug_abbrev  0x00000613      0x17a /home/aghosh01/TARS_codebase/flight_software/source/vehicle_firmware_hal/QuadRotor_PWM_hal.o
 .debug_abbrev  0x0000078d      0x29a /home/aghosh01/TARS_codebase/flight_software/source/vehicle_firmware_hal/imu_hal.o
 .debug_abbrev  0x00000a27       0xe2 /home/aghosh01/TARS_codebase/flight_software/source/interrupts/interrupts.o
 .debug_abbrev  0x00000b09      0x3cd testbed_sw_app_main.o
 .debug_abbrev  0x00000ed6      0x2bc ../libopencm3/lib/libopencm3_stm32f3.a(rcc.o)
 .debug_abbrev  0x00001192      0x251 ../libopencm3/lib/libopencm3_stm32f3.a(i2c.o)
 .debug_abbrev  0x000013e3      0x110 ../libopencm3/lib/libopencm3_stm32f3.a(gpio_common_all.o)
 .debug_abbrev  0x000014f3       0xb9 ../libopencm3/lib/libopencm3_stm32f3.a(gpio_common_f0234.o)
 .debug_abbrev  0x000015ac      0x147 ../libopencm3/lib/libopencm3_stm32f3.a(usart_common_all.o)
 .debug_abbrev  0x000016f3      0x1b1 ../libopencm3/lib/libopencm3_stm32f3.a(spi_common_all.o)
 .debug_abbrev  0x000018a4      0x169 ../libopencm3/lib/libopencm3_stm32f3.a(timer_common_all.o)
 .debug_abbrev  0x00001a0d       0x8c ../libopencm3/lib/libopencm3_stm32f3.a(flash_common_f234.o)
 .debug_abbrev  0x00001a99       0xc3 ../libopencm3/lib/libopencm3_stm32f3.a(rcc_common_all.o)
 .debug_abbrev  0x00001b5c       0xf1 ../libopencm3/lib/libopencm3_stm32f3.a(spi_common_f03.o)
 .debug_abbrev  0x00001c4d      0x13c ../libopencm3/lib/libopencm3_stm32f3.a(vector.o)
 .debug_abbrev  0x00001d89      0x128 ../libopencm3/lib/libopencm3_stm32f3.a(systick.o)
 .debug_abbrev  0x00001eb1       0xb9 ../libopencm3/lib/libopencm3_stm32f3.a(usart.o)

.debug_loc      0x00000000     0x3879
 .debug_loc     0x00000000      0x15f /home/aghosh01/TARS_codebase/flight_software/source/timekeeping/mission_timekeeper.o
 .debug_loc     0x0000015f      0x422 /home/aghosh01/TARS_codebase/flight_software/source/newlib_stubs/newlib_stubs.o
 .debug_loc     0x00000581      0x1b6 /home/aghosh01/TARS_codebase/flight_software/source/vehicle_firmware_hal/pwm_input_hal.o
 .debug_loc     0x00000737      0x6f0 /home/aghosh01/TARS_codebase/flight_software/source/vehicle_firmware_hal/QuadRotor_PWM_hal.o
 .debug_loc     0x00000e27      0x220 /home/aghosh01/TARS_codebase/flight_software/source/vehicle_firmware_hal/imu_hal.o
 .debug_loc     0x00001047       0x40 /home/aghosh01/TARS_codebase/flight_software/source/interrupts/interrupts.o
 .debug_loc     0x00001087      0x526 testbed_sw_app_main.o
 .debug_loc     0x000015ad      0x642 ../libopencm3/lib/libopencm3_stm32f3.a(rcc.o)
 .debug_loc     0x00001bef      0x553 ../libopencm3/lib/libopencm3_stm32f3.a(i2c.o)
 .debug_loc     0x00002142       0x97 ../libopencm3/lib/libopencm3_stm32f3.a(gpio_common_all.o)
 .debug_loc     0x000021d9       0xe7 ../libopencm3/lib/libopencm3_stm32f3.a(gpio_common_f0234.o)
 .debug_loc     0x000022c0      0x1d8 ../libopencm3/lib/libopencm3_stm32f3.a(usart_common_all.o)
 .debug_loc     0x00002498      0x1b2 ../libopencm3/lib/libopencm3_stm32f3.a(spi_common_all.o)
 .debug_loc     0x0000264a      0xcc4 ../libopencm3/lib/libopencm3_stm32f3.a(timer_common_all.o)
 .debug_loc     0x0000330e       0x4a ../libopencm3/lib/libopencm3_stm32f3.a(flash_common_f234.o)
 .debug_loc     0x00003358      0x14a ../libopencm3/lib/libopencm3_stm32f3.a(rcc_common_all.o)
 .debug_loc     0x000034a2      0x125 ../libopencm3/lib/libopencm3_stm32f3.a(spi_common_f03.o)
 .debug_loc     0x000035c7       0xcb ../libopencm3/lib/libopencm3_stm32f3.a(vector.o)
 .debug_loc     0x00003692      0x113 ../libopencm3/lib/libopencm3_stm32f3.a(systick.o)
 .debug_loc     0x000037a5       0xd4 ../libopencm3/lib/libopencm3_stm32f3.a(usart.o)

.debug_aranges  0x00000000      0xcd0
 .debug_aranges
                0x00000000       0x58 /home/aghosh01/TARS_codebase/flight_software/source/timekeeping/mission_timekeeper.o
 .debug_aranges
                0x00000058       0xa0 /home/aghosh01/TARS_codebase/flight_software/source/newlib_stubs/newlib_stubs.o
 .debug_aranges
                0x000000f8       0x70 /home/aghosh01/TARS_codebase/flight_software/source/vehicle_firmware_hal/pwm_input_hal.o
 .debug_aranges
                0x00000168       0xe0 /home/aghosh01/TARS_codebase/flight_software/source/vehicle_firmware_hal/QuadRotor_PWM_hal.o
 .debug_aranges
                0x00000248       0x30 /home/aghosh01/TARS_codebase/flight_software/source/vehicle_firmware_hal/imu_hal.o
 .debug_aranges
                0x00000278       0x58 /home/aghosh01/TARS_codebase/flight_software/source/interrupts/interrupts.o
 .debug_aranges
                0x000002d0       0x58 testbed_sw_app_main.o
 .debug_aranges
                0x00000328      0x100 ../libopencm3/lib/libopencm3_stm32f3.a(rcc.o)
 .debug_aranges
                0x00000428      0x178 ../libopencm3/lib/libopencm3_stm32f3.a(i2c.o)
 .debug_aranges
                0x000005a0       0x50 ../libopencm3/lib/libopencm3_stm32f3.a(gpio_common_all.o)
 .debug_aranges
                0x000005f0       0x30 ../libopencm3/lib/libopencm3_stm32f3.a(gpio_common_f0234.o)
 .debug_aranges
                0x00000620       0xb8 ../libopencm3/lib/libopencm3_stm32f3.a(usart_common_all.o)
 .debug_aranges
                0x000006d8      0x178 ../libopencm3/lib/libopencm3_stm32f3.a(spi_common_all.o)
 .debug_aranges
                0x00000850      0x278 ../libopencm3/lib/libopencm3_stm32f3.a(timer_common_all.o)
 .debug_aranges
                0x00000ac8       0x50 ../libopencm3/lib/libopencm3_stm32f3.a(flash_common_f234.o)
 .debug_aranges
                0x00000b18       0x68 ../libopencm3/lib/libopencm3_stm32f3.a(rcc_common_all.o)
 .debug_aranges
                0x00000b80       0x60 ../libopencm3/lib/libopencm3_stm32f3.a(spi_common_f03.o)
 .debug_aranges
                0x00000be0       0x30 ../libopencm3/lib/libopencm3_stm32f3.a(vector.o)
 .debug_aranges
                0x00000c10       0x78 ../libopencm3/lib/libopencm3_stm32f3.a(systick.o)
 .debug_aranges
                0x00000c88       0x48 ../libopencm3/lib/libopencm3_stm32f3.a(usart.o)

.debug_ranges   0x00000000      0xcd0
 .debug_ranges  0x00000000       0x48 /home/aghosh01/TARS_codebase/flight_software/source/timekeeping/mission_timekeeper.o
 .debug_ranges  0x00000048       0x90 /home/aghosh01/TARS_codebase/flight_software/source/newlib_stubs/newlib_stubs.o
 .debug_ranges  0x000000d8       0x60 /home/aghosh01/TARS_codebase/flight_software/source/vehicle_firmware_hal/pwm_input_hal.o
 .debug_ranges  0x00000138      0x108 /home/aghosh01/TARS_codebase/flight_software/source/vehicle_firmware_hal/QuadRotor_PWM_hal.o
 .debug_ranges  0x00000240       0x38 /home/aghosh01/TARS_codebase/flight_software/source/vehicle_firmware_hal/imu_hal.o
 .debug_ranges  0x00000278       0x48 /home/aghosh01/TARS_codebase/flight_software/source/interrupts/interrupts.o
 .debug_ranges  0x000002c0      0x120 testbed_sw_app_main.o
 .debug_ranges  0x000003e0       0xf0 ../libopencm3/lib/libopencm3_stm32f3.a(rcc.o)
 .debug_ranges  0x000004d0      0x180 ../libopencm3/lib/libopencm3_stm32f3.a(i2c.o)
 .debug_ranges  0x00000650       0x40 ../libopencm3/lib/libopencm3_stm32f3.a(gpio_common_all.o)
 .debug_ranges  0x00000690       0x20 ../libopencm3/lib/libopencm3_stm32f3.a(gpio_common_f0234.o)
 .debug_ranges  0x000006b0       0xa8 ../libopencm3/lib/libopencm3_stm32f3.a(usart_common_all.o)
 .debug_ranges  0x00000758      0x168 ../libopencm3/lib/libopencm3_stm32f3.a(spi_common_all.o)
 .debug_ranges  0x000008c0      0x268 ../libopencm3/lib/libopencm3_stm32f3.a(timer_common_all.o)
 .debug_ranges  0x00000b28       0x40 ../libopencm3/lib/libopencm3_stm32f3.a(flash_common_f234.o)
 .debug_ranges  0x00000b68       0x58 ../libopencm3/lib/libopencm3_stm32f3.a(rcc_common_all.o)
 .debug_ranges  0x00000bc0       0x50 ../libopencm3/lib/libopencm3_stm32f3.a(spi_common_f03.o)
 .debug_ranges  0x00000c10       0x20 ../libopencm3/lib/libopencm3_stm32f3.a(vector.o)
 .debug_ranges  0x00000c30       0x68 ../libopencm3/lib/libopencm3_stm32f3.a(systick.o)
 .debug_ranges  0x00000c98       0x38 ../libopencm3/lib/libopencm3_stm32f3.a(usart.o)

.debug_line     0x00000000     0x4c56
 .debug_line    0x00000000      0x320 /home/aghosh01/TARS_codebase/flight_software/source/timekeeping/mission_timekeeper.o
 .debug_line    0x00000320      0x388 /home/aghosh01/TARS_codebase/flight_software/source/newlib_stubs/newlib_stubs.o
 .debug_line    0x000006a8      0x442 /home/aghosh01/TARS_codebase/flight_software/source/vehicle_firmware_hal/pwm_input_hal.o
 .debug_line    0x00000aea      0x419 /home/aghosh01/TARS_codebase/flight_software/source/vehicle_firmware_hal/QuadRotor_PWM_hal.o
 .debug_line    0x00000f03      0x303 /home/aghosh01/TARS_codebase/flight_software/source/vehicle_firmware_hal/imu_hal.o
 .debug_line    0x00001206      0x261 /home/aghosh01/TARS_codebase/flight_software/source/interrupts/interrupts.o
 .debug_line    0x00001467      0x5b9 testbed_sw_app_main.o
 .debug_line    0x00001a20      0x4ce ../libopencm3/lib/libopencm3_stm32f3.a(rcc.o)
 .debug_line    0x00001eee      0x58f ../libopencm3/lib/libopencm3_stm32f3.a(i2c.o)
 .debug_line    0x0000247d      0x2b1 ../libopencm3/lib/libopencm3_stm32f3.a(gpio_common_all.o)
 .debug_line    0x0000272e      0x2ac ../libopencm3/lib/libopencm3_stm32f3.a(gpio_common_f0234.o)
 .debug_line    0x000029da      0x3ba ../libopencm3/lib/libopencm3_stm32f3.a(usart_common_all.o)
 .debug_line    0x00002d94      0x575 ../libopencm3/lib/libopencm3_stm32f3.a(spi_common_all.o)
 .debug_line    0x00003309      0x938 ../libopencm3/lib/libopencm3_stm32f3.a(timer_common_all.o)
 .debug_line    0x00003c41      0x2a5 ../libopencm3/lib/libopencm3_stm32f3.a(flash_common_f234.o)
 .debug_line    0x00003ee6      0x2c0 ../libopencm3/lib/libopencm3_stm32f3.a(rcc_common_all.o)
 .debug_line    0x000041a6      0x300 ../libopencm3/lib/libopencm3_stm32f3.a(spi_common_f03.o)
 .debug_line    0x000044a6      0x2d4 ../libopencm3/lib/libopencm3_stm32f3.a(vector.o)
 .debug_line    0x0000477a      0x24e ../libopencm3/lib/libopencm3_stm32f3.a(systick.o)
 .debug_line    0x000049c8      0x28e ../libopencm3/lib/libopencm3_stm32f3.a(usart.o)

.debug_str      0x00000000    0x14ae4
 .debug_str     0x00000000      0x2c6 /home/aghosh01/TARS_codebase/flight_software/source/timekeeping/mission_timekeeper.o
                                0x395 (size before relaxing)
 .debug_str     0x000002c6      0x224 /home/aghosh01/TARS_codebase/flight_software/source/newlib_stubs/newlib_stubs.o
                                0x3cc (size before relaxing)
 .debug_str     0x000004ea      0x648 /home/aghosh01/TARS_codebase/flight_software/source/vehicle_firmware_hal/pwm_input_hal.o
                                0x7c0 (size before relaxing)
 .debug_str     0x00000b32      0x479 /home/aghosh01/TARS_codebase/flight_software/source/vehicle_firmware_hal/QuadRotor_PWM_hal.o
                                0x83c (size before relaxing)
 .debug_str     0x00000fab      0x574 /home/aghosh01/TARS_codebase/flight_software/source/vehicle_firmware_hal/imu_hal.o
                                0x8f7 (size before relaxing)
 .debug_str     0x0000151f       0xed /home/aghosh01/TARS_codebase/flight_software/source/interrupts/interrupts.o
                                0x2c8 (size before relaxing)
 .debug_str     0x0000160c      0x8c9 testbed_sw_app_main.o
                               0x10ca (size before relaxing)
 .debug_str     0x00001ed5     0x7123 ../libopencm3/lib/libopencm3_stm32f3.a(rcc.o)
                               0x72fb (size before relaxing)
 .debug_str     0x00008ff8      0x2c3 ../libopencm3/lib/libopencm3_stm32f3.a(i2c.o)
                               0x6e10 (size before relaxing)
 .debug_str     0x000092bb      0xdc6 ../libopencm3/lib/libopencm3_stm32f3.a(gpio_common_all.o)
                               0x4872 (size before relaxing)
 .debug_str     0x0000a081       0x61 ../libopencm3/lib/libopencm3_stm32f3.a(gpio_common_f0234.o)
                               0x486f (size before relaxing)
 .debug_str     0x0000a0e2     0x1ab8 ../libopencm3/lib/libopencm3_stm32f3.a(usart_common_all.o)
                               0x7508 (size before relaxing)
 .debug_str     0x0000bb9a     0x166b ../libopencm3/lib/libopencm3_stm32f3.a(spi_common_all.o)
                               0x70cd (size before relaxing)
 .debug_str     0x0000d205     0x4a15 ../libopencm3/lib/libopencm3_stm32f3.a(timer_common_all.o)
                               0xa8a6 (size before relaxing)
 .debug_str     0x00011c1a       0x96 ../libopencm3/lib/libopencm3_stm32f3.a(flash_common_f234.o)
                               0x3fdc (size before relaxing)
 .debug_str     0x00011cb0      0x10b ../libopencm3/lib/libopencm3_stm32f3.a(rcc_common_all.o)
                               0x5ec4 (size before relaxing)
 .debug_str     0x00011dbb       0xa8 ../libopencm3/lib/libopencm3_stm32f3.a(spi_common_f03.o)
                               0x6b96 (size before relaxing)
 .debug_str     0x00011e63     0x2956 ../libopencm3/lib/libopencm3_stm32f3.a(vector.o)
                               0x59c6 (size before relaxing)
 .debug_str     0x000147b9      0x2f0 ../libopencm3/lib/libopencm3_stm32f3.a(systick.o)
                               0x33a0 (size before relaxing)
 .debug_str     0x00014aa9       0x3b ../libopencm3/lib/libopencm3_stm32f3.a(usart.o)
                               0x544f (size before relaxing)

.comment        0x00000000       0x70
 .comment       0x00000000       0x70 /home/aghosh01/TARS_codebase/flight_software/source/timekeeping/mission_timekeeper.o
                                 0x71 (size before relaxing)
 .comment       0x00000000       0x71 /home/aghosh01/TARS_codebase/flight_software/source/newlib_stubs/newlib_stubs.o
 .comment       0x00000000       0x71 /home/aghosh01/TARS_codebase/flight_software/source/vehicle_firmware_hal/pwm_input_hal.o
 .comment       0x00000000       0x71 /home/aghosh01/TARS_codebase/flight_software/source/vehicle_firmware_hal/QuadRotor_PWM_hal.o
 .comment       0x00000000       0x71 /home/aghosh01/TARS_codebase/flight_software/source/vehicle_firmware_hal/imu_hal.o
 .comment       0x00000000       0x71 /home/aghosh01/TARS_codebase/flight_software/source/interrupts/interrupts.o
 .comment       0x00000000       0x71 testbed_sw_app_main.o
 .comment       0x00000000       0x71 ../libopencm3/lib/libopencm3_stm32f3.a(rcc.o)
 .comment       0x00000000       0x71 ../libopencm3/lib/libopencm3_stm32f3.a(i2c.o)
 .comment       0x00000000       0x71 ../libopencm3/lib/libopencm3_stm32f3.a(gpio_common_all.o)
 .comment       0x00000000       0x71 ../libopencm3/lib/libopencm3_stm32f3.a(gpio_common_f0234.o)
 .comment       0x00000000       0x71 ../libopencm3/lib/libopencm3_stm32f3.a(usart_common_all.o)
 .comment       0x00000000       0x71 ../libopencm3/lib/libopencm3_stm32f3.a(spi_common_all.o)
 .comment       0x00000000       0x71 ../libopencm3/lib/libopencm3_stm32f3.a(timer_common_all.o)
 .comment       0x00000000       0x71 ../libopencm3/lib/libopencm3_stm32f3.a(flash_common_f234.o)
 .comment       0x00000000       0x71 ../libopencm3/lib/libopencm3_stm32f3.a(rcc_common_all.o)
 .comment       0x00000000       0x71 ../libopencm3/lib/libopencm3_stm32f3.a(spi_common_f03.o)
 .comment       0x00000000       0x71 ../libopencm3/lib/libopencm3_stm32f3.a(vector.o)
 .comment       0x00000000       0x71 ../libopencm3/lib/libopencm3_stm32f3.a(systick.o)
 .comment       0x00000000       0x71 ../libopencm3/lib/libopencm3_stm32f3.a(usart.o)

.ARM.attributes
                0x00000000       0x3b
 .ARM.attributes
                0x00000000       0x3b /home/aghosh01/TARS_codebase/flight_software/source/timekeeping/mission_timekeeper.o
 .ARM.attributes
                0x0000003b       0x3b /home/aghosh01/TARS_codebase/flight_software/source/newlib_stubs/newlib_stubs.o
 .ARM.attributes
                0x00000076       0x3b /home/aghosh01/TARS_codebase/flight_software/source/vehicle_firmware_hal/pwm_input_hal.o
 .ARM.attributes
                0x000000b1       0x3b /home/aghosh01/TARS_codebase/flight_software/source/vehicle_firmware_hal/QuadRotor_PWM_hal.o
 .ARM.attributes
                0x000000ec       0x3b /home/aghosh01/TARS_codebase/flight_software/source/vehicle_firmware_hal/imu_hal.o
 .ARM.attributes
                0x00000127       0x3b /home/aghosh01/TARS_codebase/flight_software/source/interrupts/interrupts.o
 .ARM.attributes
                0x00000162       0x3b testbed_sw_app_main.o
 .ARM.attributes
                0x0000019d       0x3b ../libopencm3/lib/libopencm3_stm32f3.a(rcc.o)
 .ARM.attributes
                0x000001d8       0x3b ../libopencm3/lib/libopencm3_stm32f3.a(i2c.o)
 .ARM.attributes
                0x00000213       0x3b ../libopencm3/lib/libopencm3_stm32f3.a(gpio_common_all.o)
 .ARM.attributes
                0x0000024e       0x3b ../libopencm3/lib/libopencm3_stm32f3.a(gpio_common_f0234.o)
 .ARM.attributes
                0x00000289       0x3b ../libopencm3/lib/libopencm3_stm32f3.a(usart_common_all.o)
 .ARM.attributes
                0x000002c4       0x3b ../libopencm3/lib/libopencm3_stm32f3.a(spi_common_all.o)
 .ARM.attributes
                0x000002ff       0x3b ../libopencm3/lib/libopencm3_stm32f3.a(timer_common_all.o)
 .ARM.attributes
                0x0000033a       0x3b ../libopencm3/lib/libopencm3_stm32f3.a(flash_common_f234.o)
 .ARM.attributes
                0x00000375       0x3b ../libopencm3/lib/libopencm3_stm32f3.a(rcc_common_all.o)
 .ARM.attributes
                0x000003b0       0x3b ../libopencm3/lib/libopencm3_stm32f3.a(spi_common_f03.o)
 .ARM.attributes
                0x000003eb       0x3b ../libopencm3/lib/libopencm3_stm32f3.a(vector.o)
 .ARM.attributes
                0x00000426       0x3b ../libopencm3/lib/libopencm3_stm32f3.a(systick.o)
 .ARM.attributes
                0x00000461       0x3b ../libopencm3/lib/libopencm3_stm32f3.a(usart.o)
 .ARM.attributes
                0x0000049c       0x36 /home/aghosh01/gcc-arm-none-eabi-4_7-2012q4/bin/../lib/gcc/arm-none-eabi/4.7.3/../../../../arm-none-eabi/lib/armv7e-m/fpu/libc.a(lib_a-impure.o)
 .ARM.attributes
                0x000004d2       0x36 /home/aghosh01/gcc-arm-none-eabi-4_7-2012q4/bin/../lib/gcc/arm-none-eabi/4.7.3/../../../../arm-none-eabi/lib/armv7e-m/fpu/libc.a(lib_a-malloc.o)
 .ARM.attributes
                0x00000508       0x36 /home/aghosh01/gcc-arm-none-eabi-4_7-2012q4/bin/../lib/gcc/arm-none-eabi/4.7.3/../../../../arm-none-eabi/lib/armv7e-m/fpu/libc.a(lib_a-mallocr.o)
 .ARM.attributes
                0x0000053e       0x36 /home/aghosh01/gcc-arm-none-eabi-4_7-2012q4/bin/../lib/gcc/arm-none-eabi/4.7.3/../../../../arm-none-eabi/lib/armv7e-m/fpu/libc.a(lib_a-memcpy.o)
 .ARM.attributes
                0x00000574       0x36 /home/aghosh01/gcc-arm-none-eabi-4_7-2012q4/bin/../lib/gcc/arm-none-eabi/4.7.3/../../../../arm-none-eabi/lib/armv7e-m/fpu/libc.a(lib_a-mlock.o)
 .ARM.attributes
                0x000005aa       0x36 /home/aghosh01/gcc-arm-none-eabi-4_7-2012q4/bin/../lib/gcc/arm-none-eabi/4.7.3/../../../../arm-none-eabi/lib/armv7e-m/fpu/libc.a(lib_a-puts.o)
 .ARM.attributes
                0x000005e0       0x36 /home/aghosh01/gcc-arm-none-eabi-4_7-2012q4/bin/../lib/gcc/arm-none-eabi/4.7.3/../../../../arm-none-eabi/lib/armv7e-m/fpu/libc.a(lib_a-reent.o)
 .ARM.attributes
                0x00000616       0x36 /home/aghosh01/gcc-arm-none-eabi-4_7-2012q4/bin/../lib/gcc/arm-none-eabi/4.7.3/../../../../arm-none-eabi/lib/armv7e-m/fpu/libc.a(lib_a-sbrkr.o)
 .ARM.attributes
                0x0000064c       0x36 /home/aghosh01/gcc-arm-none-eabi-4_7-2012q4/bin/../lib/gcc/arm-none-eabi/4.7.3/../../../../arm-none-eabi/lib/armv7e-m/fpu/libc.a(lib_a-setvbuf.o)
 .ARM.attributes
                0x00000682       0x36 /home/aghosh01/gcc-arm-none-eabi-4_7-2012q4/bin/../lib/gcc/arm-none-eabi/4.7.3/../../../../arm-none-eabi/lib/armv7e-m/fpu/libc.a(lib_a-strlen.o)
 .ARM.attributes
                0x000006b8       0x36 /home/aghosh01/gcc-arm-none-eabi-4_7-2012q4/bin/../lib/gcc/arm-none-eabi/4.7.3/../../../../arm-none-eabi/lib/armv7e-m/fpu/libc.a(lib_a-wsetup.o)
 .ARM.attributes
                0x000006ee       0x36 /home/aghosh01/gcc-arm-none-eabi-4_7-2012q4/bin/../lib/gcc/arm-none-eabi/4.7.3/../../../../arm-none-eabi/lib/armv7e-m/fpu/libc.a(lib_a-fflush.o)
 .ARM.attributes
                0x00000724       0x36 /home/aghosh01/gcc-arm-none-eabi-4_7-2012q4/bin/../lib/gcc/arm-none-eabi/4.7.3/../../../../arm-none-eabi/lib/armv7e-m/fpu/libc.a(lib_a-findfp.o)
 .ARM.attributes
                0x0000075a       0x36 /home/aghosh01/gcc-arm-none-eabi-4_7-2012q4/bin/../lib/gcc/arm-none-eabi/4.7.3/../../../../arm-none-eabi/lib/armv7e-m/fpu/libc.a(lib_a-freer.o)
 .ARM.attributes
                0x00000790       0x36 /home/aghosh01/gcc-arm-none-eabi-4_7-2012q4/bin/../lib/gcc/arm-none-eabi/4.7.3/../../../../arm-none-eabi/lib/armv7e-m/fpu/libc.a(lib_a-fvwrite.o)
 .ARM.attributes
                0x000007c6       0x36 /home/aghosh01/gcc-arm-none-eabi-4_7-2012q4/bin/../lib/gcc/arm-none-eabi/4.7.3/../../../../arm-none-eabi/lib/armv7e-m/fpu/libc.a(lib_a-fwalk.o)
 .ARM.attributes
                0x000007fc       0x36 /home/aghosh01/gcc-arm-none-eabi-4_7-2012q4/bin/../lib/gcc/arm-none-eabi/4.7.3/../../../../arm-none-eabi/lib/armv7e-m/fpu/libc.a(lib_a-makebuf.o)
 .ARM.attributes
                0x00000832       0x36 /home/aghosh01/gcc-arm-none-eabi-4_7-2012q4/bin/../lib/gcc/arm-none-eabi/4.7.3/../../../../arm-none-eabi/lib/armv7e-m/fpu/libc.a(lib_a-memchr.o)
 .ARM.attributes
                0x00000868       0x36 /home/aghosh01/gcc-arm-none-eabi-4_7-2012q4/bin/../lib/gcc/arm-none-eabi/4.7.3/../../../../arm-none-eabi/lib/armv7e-m/fpu/libc.a(lib_a-memmove.o)
 .ARM.attributes
                0x0000089e       0x36 /home/aghosh01/gcc-arm-none-eabi-4_7-2012q4/bin/../lib/gcc/arm-none-eabi/4.7.3/../../../../arm-none-eabi/lib/armv7e-m/fpu/libc.a(lib_a-memset.o)
 .ARM.attributes
                0x000008d4       0x36 /home/aghosh01/gcc-arm-none-eabi-4_7-2012q4/bin/../lib/gcc/arm-none-eabi/4.7.3/../../../../arm-none-eabi/lib/armv7e-m/fpu/libc.a(lib_a-reallocr.o)
 .ARM.attributes
                0x0000090a       0x36 /home/aghosh01/gcc-arm-none-eabi-4_7-2012q4/bin/../lib/gcc/arm-none-eabi/4.7.3/../../../../arm-none-eabi/lib/armv7e-m/fpu/libc.a(lib_a-stdio.o)
 .ARM.attributes
                0x00000940       0x36 /home/aghosh01/gcc-arm-none-eabi-4_7-2012q4/bin/../lib/gcc/arm-none-eabi/4.7.3/../../../../arm-none-eabi/lib/armv7e-m/fpu/libc.a(lib_a-writer.o)
 .ARM.attributes
                0x00000976       0x36 /home/aghosh01/gcc-arm-none-eabi-4_7-2012q4/bin/../lib/gcc/arm-none-eabi/4.7.3/../../../../arm-none-eabi/lib/armv7e-m/fpu/libc.a(lib_a-closer.o)
 .ARM.attributes
                0x000009ac       0x36 /home/aghosh01/gcc-arm-none-eabi-4_7-2012q4/bin/../lib/gcc/arm-none-eabi/4.7.3/../../../../arm-none-eabi/lib/armv7e-m/fpu/libc.a(lib_a-fclose.o)
 .ARM.attributes
                0x000009e2       0x36 /home/aghosh01/gcc-arm-none-eabi-4_7-2012q4/bin/../lib/gcc/arm-none-eabi/4.7.3/../../../../arm-none-eabi/lib/armv7e-m/fpu/libc.a(lib_a-fstatr.o)
 .ARM.attributes
                0x00000a18       0x36 /home/aghosh01/gcc-arm-none-eabi-4_7-2012q4/bin/../lib/gcc/arm-none-eabi/4.7.3/../../../../arm-none-eabi/lib/armv7e-m/fpu/libc.a(lib_a-isattyr.o)
 .ARM.attributes
                0x00000a4e       0x36 /home/aghosh01/gcc-arm-none-eabi-4_7-2012q4/bin/../lib/gcc/arm-none-eabi/4.7.3/../../../../arm-none-eabi/lib/armv7e-m/fpu/libc.a(lib_a-lseekr.o)
 .ARM.attributes
                0x00000a84       0x36 /home/aghosh01/gcc-arm-none-eabi-4_7-2012q4/bin/../lib/gcc/arm-none-eabi/4.7.3/../../../../arm-none-eabi/lib/armv7e-m/fpu/libc.a(lib_a-readr.o)
 .ARM.attributes
                0x00000aba       0x36 /home/aghosh01/gcc-arm-none-eabi-4_7-2012q4/bin/../lib/gcc/arm-none-eabi/4.7.3/../../../../arm-none-eabi/lib/armv7e-m/fpu/libnosys.a(open.o)

.debug_frame    0x00000000     0x2068
 .debug_frame   0x00000000       0xa8 /home/aghosh01/TARS_codebase/flight_software/source/timekeeping/mission_timekeeper.o
 .debug_frame   0x000000a8      0x148 /home/aghosh01/TARS_codebase/flight_software/source/newlib_stubs/newlib_stubs.o
 .debug_frame   0x000001f0      0x118 /home/aghosh01/TARS_codebase/flight_software/source/vehicle_firmware_hal/pwm_input_hal.o
 .debug_frame   0x00000308      0x228 /home/aghosh01/TARS_codebase/flight_software/source/vehicle_firmware_hal/QuadRotor_PWM_hal.o
 .debug_frame   0x00000530       0x6c /home/aghosh01/TARS_codebase/flight_software/source/vehicle_firmware_hal/imu_hal.o
 .debug_frame   0x0000059c       0xa0 /home/aghosh01/TARS_codebase/flight_software/source/interrupts/interrupts.o
 .debug_frame   0x0000063c       0xb4 testbed_sw_app_main.o
 .debug_frame   0x000006f0      0x1f0 ../libopencm3/lib/libopencm3_stm32f3.a(rcc.o)
 .debug_frame   0x000008e0      0x300 ../libopencm3/lib/libopencm3_stm32f3.a(i2c.o)
 .debug_frame   0x00000be0       0x80 ../libopencm3/lib/libopencm3_stm32f3.a(gpio_common_all.o)
 .debug_frame   0x00000c60       0x6c ../libopencm3/lib/libopencm3_stm32f3.a(gpio_common_f0234.o)
 .debug_frame   0x00000ccc      0x164 ../libopencm3/lib/libopencm3_stm32f3.a(usart_common_all.o)
 .debug_frame   0x00000e30      0x2d0 ../libopencm3/lib/libopencm3_stm32f3.a(spi_common_all.o)
 .debug_frame   0x00001100      0x4d8 ../libopencm3/lib/libopencm3_stm32f3.a(timer_common_all.o)
 .debug_frame   0x000015d8       0x80 ../libopencm3/lib/libopencm3_stm32f3.a(flash_common_f234.o)
 .debug_frame   0x00001658       0xb0 ../libopencm3/lib/libopencm3_stm32f3.a(rcc_common_all.o)
 .debug_frame   0x00001708       0xa8 ../libopencm3/lib/libopencm3_stm32f3.a(spi_common_f03.o)
 .debug_frame   0x000017b0       0x40 ../libopencm3/lib/libopencm3_stm32f3.a(vector.o)
 .debug_frame   0x000017f0       0xd8 ../libopencm3/lib/libopencm3_stm32f3.a(systick.o)
 .debug_frame   0x000018c8       0x70 ../libopencm3/lib/libopencm3_stm32f3.a(usart.o)
 .debug_frame   0x00001938       0x30 /home/aghosh01/gcc-arm-none-eabi-4_7-2012q4/bin/../lib/gcc/arm-none-eabi/4.7.3/../../../../arm-none-eabi/lib/armv7e-m/fpu/libc.a(lib_a-malloc.o)
 .debug_frame   0x00001968       0x38 /home/aghosh01/gcc-arm-none-eabi-4_7-2012q4/bin/../lib/gcc/arm-none-eabi/4.7.3/../../../../arm-none-eabi/lib/armv7e-m/fpu/libc.a(lib_a-mallocr.o)
 .debug_frame   0x000019a0       0x30 /home/aghosh01/gcc-arm-none-eabi-4_7-2012q4/bin/../lib/gcc/arm-none-eabi/4.7.3/../../../../arm-none-eabi/lib/armv7e-m/fpu/libc.a(lib_a-memcpy.o)
 .debug_frame   0x000019d0       0x30 /home/aghosh01/gcc-arm-none-eabi-4_7-2012q4/bin/../lib/gcc/arm-none-eabi/4.7.3/../../../../arm-none-eabi/lib/armv7e-m/fpu/libc.a(lib_a-mlock.o)
 .debug_frame   0x00001a00       0x3c /home/aghosh01/gcc-arm-none-eabi-4_7-2012q4/bin/../lib/gcc/arm-none-eabi/4.7.3/../../../../arm-none-eabi/lib/armv7e-m/fpu/libc.a(lib_a-puts.o)
 .debug_frame   0x00001a3c       0x6c /home/aghosh01/gcc-arm-none-eabi-4_7-2012q4/bin/../lib/gcc/arm-none-eabi/4.7.3/../../../../arm-none-eabi/lib/armv7e-m/fpu/libc.a(lib_a-reent.o)
 .debug_frame   0x00001aa8       0x2c /home/aghosh01/gcc-arm-none-eabi-4_7-2012q4/bin/../lib/gcc/arm-none-eabi/4.7.3/../../../../arm-none-eabi/lib/armv7e-m/fpu/libc.a(lib_a-sbrkr.o)
 .debug_frame   0x00001ad4       0x34 /home/aghosh01/gcc-arm-none-eabi-4_7-2012q4/bin/../lib/gcc/arm-none-eabi/4.7.3/../../../../arm-none-eabi/lib/armv7e-m/fpu/libc.a(lib_a-setvbuf.o)
 .debug_frame   0x00001b08       0x20 /home/aghosh01/gcc-arm-none-eabi-4_7-2012q4/bin/../lib/gcc/arm-none-eabi/4.7.3/../../../../arm-none-eabi/lib/armv7e-m/fpu/libc.a(lib_a-strlen.o)
 .debug_frame   0x00001b28       0x2c /home/aghosh01/gcc-arm-none-eabi-4_7-2012q4/bin/../lib/gcc/arm-none-eabi/4.7.3/../../../../arm-none-eabi/lib/armv7e-m/fpu/libc.a(lib_a-wsetup.o)
 .debug_frame   0x00001b54       0x40 /home/aghosh01/gcc-arm-none-eabi-4_7-2012q4/bin/../lib/gcc/arm-none-eabi/4.7.3/../../../../arm-none-eabi/lib/armv7e-m/fpu/libc.a(lib_a-fflush.o)
 .debug_frame   0x00001b94      0x11c /home/aghosh01/gcc-arm-none-eabi-4_7-2012q4/bin/../lib/gcc/arm-none-eabi/4.7.3/../../../../arm-none-eabi/lib/armv7e-m/fpu/libc.a(lib_a-findfp.o)
 .debug_frame   0x00001cb0       0x50 /home/aghosh01/gcc-arm-none-eabi-4_7-2012q4/bin/../lib/gcc/arm-none-eabi/4.7.3/../../../../arm-none-eabi/lib/armv7e-m/fpu/libc.a(lib_a-freer.o)
 .debug_frame   0x00001d00       0x38 /home/aghosh01/gcc-arm-none-eabi-4_7-2012q4/bin/../lib/gcc/arm-none-eabi/4.7.3/../../../../arm-none-eabi/lib/armv7e-m/fpu/libc.a(lib_a-fvwrite.o)
 .debug_frame   0x00001d38       0x5c /home/aghosh01/gcc-arm-none-eabi-4_7-2012q4/bin/../lib/gcc/arm-none-eabi/4.7.3/../../../../arm-none-eabi/lib/armv7e-m/fpu/libc.a(lib_a-fwalk.o)
 .debug_frame   0x00001d94       0x30 /home/aghosh01/gcc-arm-none-eabi-4_7-2012q4/bin/../lib/gcc/arm-none-eabi/4.7.3/../../../../arm-none-eabi/lib/armv7e-m/fpu/libc.a(lib_a-makebuf.o)
 .debug_frame   0x00001dc4       0x2c /home/aghosh01/gcc-arm-none-eabi-4_7-2012q4/bin/../lib/gcc/arm-none-eabi/4.7.3/../../../../arm-none-eabi/lib/armv7e-m/fpu/libc.a(lib_a-memchr.o)
 .debug_frame   0x00001df0       0x30 /home/aghosh01/gcc-arm-none-eabi-4_7-2012q4/bin/../lib/gcc/arm-none-eabi/4.7.3/../../../../arm-none-eabi/lib/armv7e-m/fpu/libc.a(lib_a-memmove.o)
 .debug_frame   0x00001e20       0x2c /home/aghosh01/gcc-arm-none-eabi-4_7-2012q4/bin/../lib/gcc/arm-none-eabi/4.7.3/../../../../arm-none-eabi/lib/armv7e-m/fpu/libc.a(lib_a-memset.o)
 .debug_frame   0x00001e4c       0x38 /home/aghosh01/gcc-arm-none-eabi-4_7-2012q4/bin/../lib/gcc/arm-none-eabi/4.7.3/../../../../arm-none-eabi/lib/armv7e-m/fpu/libc.a(lib_a-reallocr.o)
 .debug_frame   0x00001e84       0x80 /home/aghosh01/gcc-arm-none-eabi-4_7-2012q4/bin/../lib/gcc/arm-none-eabi/4.7.3/../../../../arm-none-eabi/lib/armv7e-m/fpu/libc.a(lib_a-stdio.o)
 .debug_frame   0x00001f04       0x2c /home/aghosh01/gcc-arm-none-eabi-4_7-2012q4/bin/../lib/gcc/arm-none-eabi/4.7.3/../../../../arm-none-eabi/lib/armv7e-m/fpu/libc.a(lib_a-writer.o)
 .debug_frame   0x00001f30       0x2c /home/aghosh01/gcc-arm-none-eabi-4_7-2012q4/bin/../lib/gcc/arm-none-eabi/4.7.3/../../../../arm-none-eabi/lib/armv7e-m/fpu/libc.a(lib_a-closer.o)
 .debug_frame   0x00001f5c       0x3c /home/aghosh01/gcc-arm-none-eabi-4_7-2012q4/bin/../lib/gcc/arm-none-eabi/4.7.3/../../../../arm-none-eabi/lib/armv7e-m/fpu/libc.a(lib_a-fclose.o)
 .debug_frame   0x00001f98       0x2c /home/aghosh01/gcc-arm-none-eabi-4_7-2012q4/bin/../lib/gcc/arm-none-eabi/4.7.3/../../../../arm-none-eabi/lib/armv7e-m/fpu/libc.a(lib_a-fstatr.o)
 .debug_frame   0x00001fc4       0x2c /home/aghosh01/gcc-arm-none-eabi-4_7-2012q4/bin/../lib/gcc/arm-none-eabi/4.7.3/../../../../arm-none-eabi/lib/armv7e-m/fpu/libc.a(lib_a-isattyr.o)
 .debug_frame   0x00001ff0       0x2c /home/aghosh01/gcc-arm-none-eabi-4_7-2012q4/bin/../lib/gcc/arm-none-eabi/4.7.3/../../../../arm-none-eabi/lib/armv7e-m/fpu/libc.a(lib_a-lseekr.o)
 .debug_frame   0x0000201c       0x2c /home/aghosh01/gcc-arm-none-eabi-4_7-2012q4/bin/../lib/gcc/arm-none-eabi/4.7.3/../../../../arm-none-eabi/lib/armv7e-m/fpu/libc.a(lib_a-readr.o)
 .debug_frame   0x00002048       0x20 /home/aghosh01/gcc-arm-none-eabi-4_7-2012q4/bin/../lib/gcc/arm-none-eabi/4.7.3/../../../../arm-none-eabi/lib/armv7e-m/fpu/libnosys.a(open.o)

.debug_macro    0x00000000     0x42b8
 .debug_macro   0x00000000       0xae ../libopencm3/lib/libopencm3_stm32f3.a(rcc.o)
 .debug_macro   0x000000ae      0x802 ../libopencm3/lib/libopencm3_stm32f3.a(rcc.o)
 .debug_macro   0x000008b0      0x214 ../libopencm3/lib/libopencm3_stm32f3.a(rcc.o)
 .debug_macro   0x00000ac4       0x22 ../libopencm3/lib/libopencm3_stm32f3.a(rcc.o)
 .debug_macro   0x00000ae6       0xfa ../libopencm3/lib/libopencm3_stm32f3.a(rcc.o)
 .debug_macro   0x00000be0       0x16 ../libopencm3/lib/libopencm3_stm32f3.a(rcc.o)
 .debug_macro   0x00000bf6       0x52 ../libopencm3/lib/libopencm3_stm32f3.a(rcc.o)
 .debug_macro   0x00000c48      0x18a ../libopencm3/lib/libopencm3_stm32f3.a(rcc.o)
 .debug_macro   0x00000dd2      0x712 ../libopencm3/lib/libopencm3_stm32f3.a(rcc.o)
 .debug_macro   0x000014e4       0x64 ../libopencm3/lib/libopencm3_stm32f3.a(rcc.o)
 .debug_macro   0x00001548       0x88 ../libopencm3/lib/libopencm3_stm32f3.a(rcc.o)
 .debug_macro   0x000015d0      0x3c9 ../libopencm3/lib/libopencm3_stm32f3.a(rcc.o)
 .debug_macro   0x00001999       0x83 ../libopencm3/lib/libopencm3_stm32f3.a(i2c.o)
 .debug_macro   0x00001a1c       0x8a ../libopencm3/lib/libopencm3_stm32f3.a(gpio_common_all.o)
 .debug_macro   0x00001aa6       0x76 ../libopencm3/lib/libopencm3_stm32f3.a(gpio_common_all.o)
 .debug_macro   0x00001b1c      0x2e6 ../libopencm3/lib/libopencm3_stm32f3.a(gpio_common_all.o)
 .debug_macro   0x00001e02       0x84 ../libopencm3/lib/libopencm3_stm32f3.a(gpio_common_f0234.o)
 .debug_macro   0x00001e86       0x92 ../libopencm3/lib/libopencm3_stm32f3.a(usart_common_all.o)
 .debug_macro   0x00001f18       0x8e ../libopencm3/lib/libopencm3_stm32f3.a(usart_common_all.o)
 .debug_macro   0x00001fa6      0x4ed ../libopencm3/lib/libopencm3_stm32f3.a(usart_common_all.o)
 .debug_macro   0x00002493       0x9c ../libopencm3/lib/libopencm3_stm32f3.a(spi_common_all.o)
 .debug_macro   0x0000252f      0x2eb ../libopencm3/lib/libopencm3_stm32f3.a(spi_common_all.o)
 .debug_macro   0x0000281a       0xca ../libopencm3/lib/libopencm3_stm32f3.a(spi_common_all.o)
 .debug_macro   0x000028e4       0xa8 ../libopencm3/lib/libopencm3_stm32f3.a(timer_common_all.o)
 .debug_macro   0x0000298c      0xf6b ../libopencm3/lib/libopencm3_stm32f3.a(timer_common_all.o)
 .debug_macro   0x000038f7       0x52 ../libopencm3/lib/libopencm3_stm32f3.a(timer_common_all.o)
 .debug_macro   0x00003949       0x7a ../libopencm3/lib/libopencm3_stm32f3.a(flash_common_f234.o)
 .debug_macro   0x000039c3       0x90 ../libopencm3/lib/libopencm3_stm32f3.a(rcc_common_all.o)
 .debug_macro   0x00003a53       0x9c ../libopencm3/lib/libopencm3_stm32f3.a(spi_common_f03.o)
 .debug_macro   0x00003aef       0x95 ../libopencm3/lib/libopencm3_stm32f3.a(vector.o)
 .debug_macro   0x00003b84       0x6b ../libopencm3/lib/libopencm3_stm32f3.a(vector.o)
 .debug_macro   0x00003bef      0x1f0 ../libopencm3/lib/libopencm3_stm32f3.a(vector.o)
 .debug_macro   0x00003ddf      0x3a7 ../libopencm3/lib/libopencm3_stm32f3.a(vector.o)
 .debug_macro   0x00004186       0x54 ../libopencm3/lib/libopencm3_stm32f3.a(systick.o)
 .debug_macro   0x000041da       0x64 ../libopencm3/lib/libopencm3_stm32f3.a(systick.o)
 .debug_macro   0x0000423e       0x7a ../libopencm3/lib/libopencm3_stm32f3.a(usart.o)

.stab           0x00000000       0x24
 .stab          0x00000000       0x24 /home/aghosh01/gcc-arm-none-eabi-4_7-2012q4/bin/../lib/gcc/arm-none-eabi/4.7.3/../../../../arm-none-eabi/lib/armv7e-m/fpu/libnosys.a(open.o)

.stabstr        0x00000000       0x3c
 .stabstr       0x00000000       0x3c /home/aghosh01/gcc-arm-none-eabi-4_7-2012q4/bin/../lib/gcc/arm-none-eabi/4.7.3/../../../../arm-none-eabi/lib/armv7e-m/fpu/libnosys.a(open.o)
