Archive member included because of file (symbol)

../libopencm3/lib/libopencm3_stm32f3.a(rcc.o)
                              testbed_sw_app_main.o (rcc_clock_setup_hsi)
../libopencm3/lib/libopencm3_stm32f3.a(i2c.o)
                              /home/aghosh01/TARS_codebase/flight_software/source/vehicle_firmware_hal/imu_hal.o (i2c_reset)
../libopencm3/lib/libopencm3_stm32f3.a(usart.o)
                              /home/aghosh01/TARS_codebase/flight_software/source/interrupts/interrupts.o (usart_get_interrupt_source)
../libopencm3/lib/libopencm3_stm32f3.a(gpio_common_all.o)
                              /home/aghosh01/TARS_codebase/flight_software/source/vehicle_firmware_hal/imu_hal.o (gpio_set)
../libopencm3/lib/libopencm3_stm32f3.a(gpio_common_f0234.o)
                              /home/aghosh01/TARS_codebase/flight_software/source/vehicle_firmware_hal/QuadRotor_PWM_hal.o (gpio_mode_setup)
../libopencm3/lib/libopencm3_stm32f3.a(usart_common_all.o)
                              testbed_sw_app_main.o (usart_set_baudrate)
../libopencm3/lib/libopencm3_stm32f3.a(spi_common_all.o)
                              /home/aghosh01/TARS_codebase/flight_software/source/vehicle_firmware_hal/imu_hal.o (spi_enable)
../libopencm3/lib/libopencm3_stm32f3.a(timer_common_all.o)
                              /home/aghosh01/TARS_codebase/flight_software/source/vehicle_firmware_hal/QuadRotor_PWM_hal.o (timer_reset)
../libopencm3/lib/libopencm3_stm32f3.a(flash_common_f234.o)
                              ../libopencm3/lib/libopencm3_stm32f3.a(rcc.o) (flash_set_ws)
../libopencm3/lib/libopencm3_stm32f3.a(rcc_common_all.o)
                              ../libopencm3/lib/libopencm3_stm32f3.a(i2c.o) (rcc_peripheral_reset)
../libopencm3/lib/libopencm3_stm32f3.a(spi_common_f03.o)
                              /home/aghosh01/TARS_codebase/flight_software/source/vehicle_firmware_hal/imu_hal.o (spi_send8)
../libopencm3/lib/libopencm3_stm32f3.a(vector.o)
                              (reset_handler)
../libopencm3/lib/libopencm3_stm32f3.a(systick.o)
                              /home/aghosh01/TARS_codebase/flight_software/source/interrupts/interrupts.o (systick_set_reload)
../libopencm3/lib/libopencm3_stm32f3.a(nvic.o)
                              testbed_sw_app_main.o (nvic_enable_irq)
../libopencm3/lib/libopencm3_stm32f3.a(assert.o)
                              ../libopencm3/lib/libopencm3_stm32f3.a(rcc.o) (cm3_assert_failed)
/home/aghosh01/gcc-arm-none-eabi-4_7-2012q4/bin/../lib/gcc/arm-none-eabi/4.7.3/../../../../arm-none-eabi/lib/armv7e-m/fpu/libc.a(lib_a-impure.o)
                              testbed_sw_app_main.o (_impure_ptr)
/home/aghosh01/gcc-arm-none-eabi-4_7-2012q4/bin/../lib/gcc/arm-none-eabi/4.7.3/../../../../arm-none-eabi/lib/armv7e-m/fpu/libc.a(lib_a-malloc.o)
                              /home/aghosh01/TARS_codebase/flight_software/source/timekeeping/mission_timekeeper.o (malloc)
/home/aghosh01/gcc-arm-none-eabi-4_7-2012q4/bin/../lib/gcc/arm-none-eabi/4.7.3/../../../../arm-none-eabi/lib/armv7e-m/fpu/libc.a(lib_a-mallocr.o)
                              /home/aghosh01/gcc-arm-none-eabi-4_7-2012q4/bin/../lib/gcc/arm-none-eabi/4.7.3/../../../../arm-none-eabi/lib/armv7e-m/fpu/libc.a(lib_a-malloc.o) (_malloc_r)
/home/aghosh01/gcc-arm-none-eabi-4_7-2012q4/bin/../lib/gcc/arm-none-eabi/4.7.3/../../../../arm-none-eabi/lib/armv7e-m/fpu/libc.a(lib_a-mlock.o)
                              /home/aghosh01/gcc-arm-none-eabi-4_7-2012q4/bin/../lib/gcc/arm-none-eabi/4.7.3/../../../../arm-none-eabi/lib/armv7e-m/fpu/libc.a(lib_a-mallocr.o) (__malloc_lock)
/home/aghosh01/gcc-arm-none-eabi-4_7-2012q4/bin/../lib/gcc/arm-none-eabi/4.7.3/../../../../arm-none-eabi/lib/armv7e-m/fpu/libc.a(lib_a-printf.o)
                              testbed_sw_app_main.o (printf)
/home/aghosh01/gcc-arm-none-eabi-4_7-2012q4/bin/../lib/gcc/arm-none-eabi/4.7.3/../../../../arm-none-eabi/lib/armv7e-m/fpu/libc.a(lib_a-puts.o)
                              testbed_sw_app_main.o (puts)
/home/aghosh01/gcc-arm-none-eabi-4_7-2012q4/bin/../lib/gcc/arm-none-eabi/4.7.3/../../../../arm-none-eabi/lib/armv7e-m/fpu/libc.a(lib_a-reent.o)
                              /home/aghosh01/TARS_codebase/flight_software/source/newlib_stubs/newlib_stubs.o (errno)
/home/aghosh01/gcc-arm-none-eabi-4_7-2012q4/bin/../lib/gcc/arm-none-eabi/4.7.3/../../../../arm-none-eabi/lib/armv7e-m/fpu/libc.a(lib_a-sbrkr.o)
                              /home/aghosh01/gcc-arm-none-eabi-4_7-2012q4/bin/../lib/gcc/arm-none-eabi/4.7.3/../../../../arm-none-eabi/lib/armv7e-m/fpu/libc.a(lib_a-mallocr.o) (_sbrk_r)
/home/aghosh01/gcc-arm-none-eabi-4_7-2012q4/bin/../lib/gcc/arm-none-eabi/4.7.3/../../../../arm-none-eabi/lib/armv7e-m/fpu/libc.a(lib_a-setvbuf.o)
                              testbed_sw_app_main.o (setvbuf)
/home/aghosh01/gcc-arm-none-eabi-4_7-2012q4/bin/../lib/gcc/arm-none-eabi/4.7.3/../../../../arm-none-eabi/lib/armv7e-m/fpu/libc.a(lib_a-strlen.o)
[...]
Memory Configuration

Name             Origin             Length             Attributes
rom              0x08000000         0x00040000         xr
ram              0x20000000         0x0000a000         xrw
*default*        0x00000000         0xffffffff

Linker script and memory map

LOAD /home/aghosh01/TARS_codebase/flight_software/source/timekeeping/mission_timekeeper.o
LOAD /home/aghosh01/TARS_codebase/flight_software/source/newlib_stubs/newlib_stubs.o
LOAD /home/aghosh01/TARS_codebase/flight_software/source/vehicle_firmware_hal/QuadRotor_PWM_hal.o
LOAD /home/aghosh01/TARS_codebase/flight_software/source/vehicle_firmware_hal/imu_hal.o
LOAD /home/aghosh01/TARS_codebase/flight_software/source/vehicle_firmware_hal/polling_delay.o
LOAD /home/aghosh01/TARS_codebase/flight_software/source/vehicle_pwm/QuadRotor_PWM.o
LOAD /home/aghosh01/TARS_codebase/flight_software/source/rpi_comms/rpi_comms.o
LOAD /home/aghosh01/TARS_codebase/flight_software/source/imu/imu.o
LOAD /home/aghosh01/TARS_codebase/flight_software/source/interrupts/interrupts.o
LOAD testbed_sw_app_main.o
LOAD ../libopencm3/lib/libopencm3_stm32f3.a
START GROUP
LOAD /home/aghosh01/gcc-arm-none-eabi-4_7-2012q4/bin/../lib/gcc/arm-none-eabi/4.7.3/../../../../arm-none-eabi/lib/armv7e-m/fpu/libc.a
LOAD /home/aghosh01/gcc-arm-none-eabi-4_7-2012q4/bin/../lib/gcc/arm-none-eabi/4.7.3/../../../../arm-none-eabi/lib/armv7e-m/fpu/libm.a
LOAD /home/aghosh01/gcc-arm-none-eabi-4_7-2012q4/bin/../lib/gcc/arm-none-eabi/4.7.3/armv7e-m/fpu/libgcc.a
LOAD /home/aghosh01/gcc-arm-none-eabi-4_7-2012q4/bin/../lib/gcc/arm-none-eabi/4.7.3/../../../../arm-none-eabi/lib/armv7e-m/fpu/libnosys.a
END GROUP
START GROUP
LOAD /home/aghosh01/gcc-arm-none-eabi-4_7-2012q4/bin/../lib/gcc/arm-none-eabi/4.7.3/armv7e-m/fpu/libgcc.a
LOAD /home/aghosh01/gcc-arm-none-eabi-4_7-2012q4/bin/../lib/gcc/arm-none-eabi/4.7.3/../../../../arm-none-eabi/lib/armv7e-m/fpu/libc.a
END GROUP

.text           0x08000000     0x8568
 *(.vectors)
 .vectors       0x08000000      0x184 ../libopencm3/lib/libopencm3_stm32f3.a(vector.o)
                0x08000000                vector_table
 *(.text*)
 .text.init_mission_timekeeper
                0x08000184       0x34 /home/aghosh01/TARS_codebase/flight_software/source/timekeeping/mission_timekeeper.o
                0x08000184                init_mission_timekeeper
 .text.flag_scheduler_callback
                0x080001b8       0x24 /home/aghosh01/TARS_codebase/flight_software/source/timekeeping/mission_timekeeper.o
                0x080001b8                flag_scheduler_callback
 .text.update_mission_time_counter
                0x080001dc       0x48 /home/aghosh01/TARS_codebase/flight_software/source/timekeeping/mission_timekeeper.o
                0x080001dc                update_mission_time_counter
 .text.timekeeper_delay
                0x08000224       0x28 /home/aghosh01/TARS_codebase/flight_software/source/timekeeping/mission_timekeeper.o
                0x08000224                timekeeper_delay
 .text._close   0x0800024c        0x6 /home/aghosh01/TARS_codebase/flight_software/source/newlib_stubs/newlib_stubs.o
                0x0800024c                _close
 .text._fstat   0x08000252        0xa /home/aghosh01/TARS_codebase/flight_software/source/newlib_stubs/newlib_stubs.o
                0x08000252                _fstat
 .text._isatty  0x0800025c       0x18 /home/aghosh01/TARS_codebase/flight_software/source/newlib_stubs/newlib_stubs.o
                0x0800025c                _isatty
 .text._lseek   0x08000274        0x4 /home/aghosh01/TARS_codebase/flight_software/source/newlib_stubs/newlib_stubs.o
                0x08000274                _lseek
 .text._read    0x08000278       0x34 /home/aghosh01/TARS_codebase/flight_software/source/newlib_stubs/newlib_stubs.o
                0x08000278                _read
 .text._stat    0x080002ac        0xa /home/aghosh01/TARS_codebase/flight_software/source/newlib_stubs/newlib_stubs.o
                0x080002ac                _stat
 *fill*         0x080002b6        0x2 00
 .text._write   0x080002b8       0x4c /home/aghosh01/TARS_codebase/flight_software/source/newlib_stubs/newlib_stubs.o
                0x080002b8                _write
 .text._sbrk    0x08000304       0x48 /home/aghosh01/TARS_codebase/flight_software/source/newlib_stubs/newlib_stubs.o
                0x08000304                _sbrk
 .text.QuadRotor_PWM_init
                0x0800034c      0x238 /home/aghosh01/TARS_codebase/flight_software/source/vehicle_firmware_hal/QuadRotor_PWM_hal.o
                0x0800034c                QuadRotor_PWM_init
 .text.QuadRotor_motor1_start
                0x08000584       0x20 /home/aghosh01/TARS_codebase/flight_software/source/vehicle_firmware_hal/QuadRotor_PWM_hal.o
                0x08000584                QuadRotor_motor1_start
 .text.QuadRotor_motor2_start
                0x080005a4       0x20 /home/aghosh01/TARS_codebase/flight_software/source/vehicle_firmware_hal/QuadRotor_PWM_hal.o
                0x080005a4                QuadRotor_motor2_start
 .text.QuadRotor_motor3_start
                0x080005c4       0x20 /home/aghosh01/TARS_codebase/flight_software/source/vehicle_firmware_hal/QuadRotor_PWM_hal.o
                0x080005c4                QuadRotor_motor3_start
 .text.QuadRotor_motor4_start
                0x080005e4       0x20 /home/aghosh01/TARS_codebase/flight_software/source/vehicle_firmware_hal/QuadRotor_PWM_hal.o
                0x080005e4                QuadRotor_motor4_start
 .text.QuadRotor_motor5_start
                0x08000604       0x20 /home/aghosh01/TARS_codebase/flight_software/source/vehicle_firmware_hal/QuadRotor_PWM_hal.o
                0x08000604                QuadRotor_motor5_start
 .text.QuadRotor_motor6_start
                0x08000624       0x20 /home/aghosh01/TARS_codebase/flight_software/source/vehicle_firmware_hal/QuadRotor_PWM_hal.o
                0x08000624                QuadRotor_motor6_start
 .text.QuadRotor_motor7_start
                0x08000644       0x20 /home/aghosh01/TARS_codebase/flight_software/source/vehicle_firmware_hal/QuadRotor_PWM_hal.o
                0x08000644                QuadRotor_motor7_start
 .text.QuadRotor_motor8_start
                0x08000664       0x20 /home/aghosh01/TARS_codebase/flight_software/source/vehicle_firmware_hal/QuadRotor_PWM_hal.o
                0x08000664                QuadRotor_motor8_start
 .text.QuadRotor_motor1_setDuty
                0x08000684       0x44 /home/aghosh01/TARS_codebase/flight_software/source/vehicle_firmware_hal/QuadRotor_PWM_hal.o
                0x08000684                QuadRotor_motor1_setDuty
 .text.QuadRotor_motor2_setDuty
                0x080006c8       0x44 /home/aghosh01/TARS_codebase/flight_software/source/vehicle_firmware_hal/QuadRotor_PWM_hal.o
                0x080006c8                QuadRotor_motor2_setDuty
 .text.QuadRotor_motor3_setDuty
                0x0800070c       0x44 /home/aghosh01/TARS_codebase/flight_software/source/vehicle_firmware_hal/QuadRotor_PWM_hal.o
                0x0800070c                QuadRotor_motor3_setDuty
 .text.QuadRotor_motor4_setDuty
                0x08000750       0x44 /home/aghosh01/TARS_codebase/flight_software/source/vehicle_firmware_hal/QuadRotor_PWM_hal.o
                0x08000750                QuadRotor_motor4_setDuty
 .text.QuadRotor_motor5_setDuty
                0x08000794       0x44 /home/aghosh01/TARS_codebase/flight_software/source/vehicle_firmware_hal/QuadRotor_PWM_hal.o
                0x08000794                QuadRotor_motor5_setDuty
 .text.QuadRotor_motor6_setDuty
                0x080007d8       0x44 /home/aghosh01/TARS_codebase/flight_software/source/vehicle_firmware_hal/QuadRotor_PWM_hal.o
                0x080007d8                QuadRotor_motor6_setDuty
 .text.QuadRotor_motor7_setDuty
                0x0800081c       0x44 /home/aghosh01/TARS_codebase/flight_software/source/vehicle_firmware_hal/QuadRotor_PWM_hal.o
                0x0800081c                QuadRotor_motor7_setDuty
 .text.QuadRotor_motor8_setDuty
                0x08000860       0x44 /home/aghosh01/TARS_codebase/flight_software/source/vehicle_firmware_hal/QuadRotor_PWM_hal.o
                0x08000860                QuadRotor_motor8_setDuty
 .text.init_pi_comms
                0x080008a4       0x14 /home/aghosh01/TARS_codebase/flight_software/source/rpi_comms/rpi_comms.o
                0x080008a4                init_pi_comms
 .text.process_incoming_data
                0x080008b8       0x80 /home/aghosh01/TARS_codebase/flight_software/source/rpi_comms/rpi_comms.o
                0x080008b8                process_incoming_data
 .text.get_last_cmd_packet
                0x08000938       0x10 /home/aghosh01/TARS_codebase/flight_software/source/rpi_comms/rpi_comms.o
                0x08000938                get_last_cmd_packet
 .text._enable_interrupts
                0x08000948        0x4 /home/aghosh01/TARS_codebase/flight_software/source/interrupts/interrupts.o
                0x08000948                _enable_interrupts
 .text._disable_interrupts
                0x0800094c        0x4 /home/aghosh01/TARS_codebase/flight_software/source/interrupts/interrupts.o
                0x0800094c                _disable_interrupts
 .text.systick_setup
                0x08000950       0x1c /home/aghosh01/TARS_codebase/flight_software/source/interrupts/interrupts.o
                0x08000950                systick_setup
 .text.sys_tick_handler
                0x0800096c        0xe /home/aghosh01/TARS_codebase/flight_software/source/interrupts/interrupts.o
                0x0800096c                sys_tick_handler
 *fill*         0x0800097a        0x2 00
 .text.usart1_exti25_isr
                0x0800097c       0x1c /home/aghosh01/TARS_codebase/flight_software/source/interrupts/interrupts.o
                0x0800097c                usart1_exti25_isr
 .text.usart2_exti26_isr
                0x08000998       0x24 /home/aghosh01/TARS_codebase/flight_software/source/interrupts/interrupts.o
                0x08000998                usart2_exti26_isr
 .text.setup_led_pins
                0x080009bc       0x2c testbed_sw_app_main.o
                0x080009bc                setup_led_pins
 .text.usart1_setup
                0x080009e8       0x80 testbed_sw_app_main.o
                0x080009e8                usart1_setup
 .text.usart2_setup
                0x08000a68       0x7c testbed_sw_app_main.o
                0x08000a68                usart2_setup
 .text.startup.main
                0x08000ae4      0x1b8 testbed_sw_app_main.o
                0x08000ae4                main
 .text.rcc_wait_for_osc_ready
                0x08000c9c       0x4c ../libopencm3/lib/libopencm3_stm32f3.a(rcc.o)
                0x08000c9c                rcc_wait_for_osc_ready
 .text.rcc_wait_for_osc_not_ready
                0x08000ce8       0x4c ../libopencm3/lib/libopencm3_stm32f3.a(rcc.o)
                0x08000ce8                rcc_wait_for_osc_not_ready
 .text.rcc_wait_for_sysclk_status
                0x08000d34       0x38 ../libopencm3/lib/libopencm3_stm32f3.a(rcc.o)
                0x08000d34                rcc_wait_for_sysclk_status
 .text.rcc_osc_on
                0x08000d6c       0x44 ../libopencm3/lib/libopencm3_stm32f3.a(rcc.o)
                0x08000d6c                rcc_osc_on
 .text.rcc_osc_off
                0x08000db0       0x44 ../libopencm3/lib/libopencm3_stm32f3.a(rcc.o)
                0x08000db0                rcc_osc_off
 .text.rcc_set_sysclk_source
                0x08000df4       0x14 ../libopencm3/lib/libopencm3_stm32f3.a(rcc.o)
                0x08000df4                rcc_set_sysclk_source
 .text.rcc_set_pll_source
                0x08000e08       0x14 ../libopencm3/lib/libopencm3_stm32f3.a(rcc.o)
                0x08000e08                rcc_set_pll_source
 .text.rcc_set_ppre2
                0x08000e1c       0x14 ../libopencm3/lib/libopencm3_stm32f3.a(rcc.o)
                0x08000e1c                rcc_set_ppre2
 .text.rcc_set_ppre1
                0x08000e30       0x14 ../libopencm3/lib/libopencm3_stm32f3.a(rcc.o)
                0x08000e30                rcc_set_ppre1
 .text.rcc_set_hpre
                0x08000e44       0x14 ../libopencm3/lib/libopencm3_stm32f3.a(rcc.o)
                0x08000e44                rcc_set_hpre
 .text.rcc_set_main_pll_hsi
                0x08000e58       0x14 ../libopencm3/lib/libopencm3_stm32f3.a(rcc.o)
                0x08000e58                rcc_set_main_pll_hsi
 .text.rcc_clock_setup_hsi
                0x08000e6c       0x8c ../libopencm3/lib/libopencm3_stm32f3.a(rcc.o)
                0x08000e6c                rcc_clock_setup_hsi
 .text.usart_send
                0x08000ef8        0x8 ../libopencm3/lib/libopencm3_stm32f3.a(usart.o)
                0x08000ef8                usart_send
 .text.usart_recv
                0x08000f00        0x8 ../libopencm3/lib/libopencm3_stm32f3.a(usart.o)
                0x08000f00                usart_recv
 .text.usart_wait_send_ready
                0x08000f08        0x8 ../libopencm3/lib/libopencm3_stm32f3.a(usart.o)
                0x08000f08                usart_wait_send_ready
 .text.usart_wait_recv_ready
                0x08000f10        0x8 ../libopencm3/lib/libopencm3_stm32f3.a(usart.o)
                0x08000f10                usart_wait_recv_ready
 .text.usart_get_interrupt_source
                0x08000f18       0x30 ../libopencm3/lib/libopencm3_stm32f3.a(usart.o)
                0x08000f18                usart_get_interrupt_source
 .text.gpio_set
                0x08000f48        0x4 ../libopencm3/lib/libopencm3_stm32f3.a(gpio_common_all.o)
                0x08000f48                gpio_set
 .text.gpio_clear
                0x08000f4c        0x6 ../libopencm3/lib/libopencm3_stm32f3.a(gpio_common_all.o)
                0x08000f4c                gpio_clear
 .text.gpio_get
                0x08000f52        0x6 ../libopencm3/lib/libopencm3_stm32f3.a(gpio_common_all.o)
                0x08000f52                gpio_get
 .text.gpio_mode_setup
                0x08000f58       0x46 ../libopencm3/lib/libopencm3_stm32f3.a(gpio_common_f0234.o)
                0x08000f58                gpio_mode_setup
 .text.gpio_set_output_options
                0x08000f9e       0x38 ../libopencm3/lib/libopencm3_stm32f3.a(gpio_common_f0234.o)
                0x08000f9e                gpio_set_output_options
 .text.gpio_set_af
                0x08000fd6       0x56 ../libopencm3/lib/libopencm3_stm32f3.a(gpio_common_f0234.o)
                0x08000fd6                gpio_set_af
 .text.usart_set_baudrate
                0x0800102c       0x28 ../libopencm3/lib/libopencm3_stm32f3.a(usart_common_all.o)
                0x0800102c                usart_set_baudrate
 .text.usart_set_databits
                0x08001054       0x12 ../libopencm3/lib/libopencm3_stm32f3.a(usart_common_all.o)
                0x08001054                usart_set_databits
 .text.usart_set_stopbits
                0x08001066        0xc ../libopencm3/lib/libopencm3_stm32f3.a(usart_common_all.o)
                0x08001066                usart_set_stopbits
 .text.usart_set_parity
                0x08001072        0xc ../libopencm3/lib/libopencm3_stm32f3.a(usart_common_all.o)
                0x08001072                usart_set_parity
 .text.usart_set_mode
                0x0800107e        0xc ../libopencm3/lib/libopencm3_stm32f3.a(usart_common_all.o)
                0x0800107e                usart_set_mode
 .text.usart_set_flow_control
                0x0800108a        0xc ../libopencm3/lib/libopencm3_stm32f3.a(usart_common_all.o)
                0x0800108a                usart_set_flow_control
 .text.usart_enable
                0x08001096        0xa ../libopencm3/lib/libopencm3_stm32f3.a(usart_common_all.o)
                0x08001096                usart_enable
 .text.usart_send_blocking
                0x080010a0       0x16 ../libopencm3/lib/libopencm3_stm32f3.a(usart_common_all.o)
                0x080010a0                usart_send_blocking
 .text.usart_recv_blocking
                0x080010b6       0x12 ../libopencm3/lib/libopencm3_stm32f3.a(usart_common_all.o)
                0x080010b6                usart_recv_blocking
 .text.usart_enable_rx_interrupt
                0x080010c8        0xa ../libopencm3/lib/libopencm3_stm32f3.a(usart_common_all.o)
                0x080010c8                usart_enable_rx_interrupt
 *fill*         0x080010d2        0x2 00
 .text.timer_reset
                0x080010d4       0x6c ../libopencm3/lib/libopencm3_stm32f3.a(timer_common_all.o)
                0x080010d4                timer_reset
 .text.timer_set_mode
                0x08001140       0x14 ../libopencm3/lib/libopencm3_stm32f3.a(timer_common_all.o)
                0x08001140                timer_set_mode
 .text.timer_enable_preload
                0x08001154        0xa ../libopencm3/lib/libopencm3_stm32f3.a(timer_common_all.o)
                0x08001154                timer_enable_preload
 .text.timer_continuous_mode
                0x0800115e        0xa ../libopencm3/lib/libopencm3_stm32f3.a(timer_common_all.o)
                0x0800115e                timer_continuous_mode
 .text.timer_enable_counter
                0x08001168        0xa ../libopencm3/lib/libopencm3_stm32f3.a(timer_common_all.o)
                0x08001168                timer_enable_counter
 .text.timer_set_prescaler
                0x08001172        0x4 ../libopencm3/lib/libopencm3_stm32f3.a(timer_common_all.o)
                0x08001172                timer_set_prescaler
 .text.timer_set_period
                0x08001176        0x4 ../libopencm3/lib/libopencm3_stm32f3.a(timer_common_all.o)
                0x08001176                timer_set_period
 .text.timer_set_oc_mode
                0x0800117a      0x198 ../libopencm3/lib/libopencm3_stm32f3.a(timer_common_all.o)
                0x0800117a                timer_set_oc_mode
 *fill*         0x08001312        0x2 00
 .text.timer_set_oc_polarity_high
                0x08001314       0x68 ../libopencm3/lib/libopencm3_stm32f3.a(timer_common_all.o)
                0x08001314                timer_set_oc_polarity_high
 .text.timer_enable_oc_output
                0x0800137c       0x68 ../libopencm3/lib/libopencm3_stm32f3.a(timer_common_all.o)
                0x0800137c                timer_enable_oc_output
 .text.timer_set_oc_value
                0x080013e4       0x20 ../libopencm3/lib/libopencm3_stm32f3.a(timer_common_all.o)
                0x080013e4                timer_set_oc_value
 .text.timer_enable_break_main_output
                0x08001404       0x1c ../libopencm3/lib/libopencm3_stm32f3.a(timer_common_all.o)
                0x08001404                timer_enable_break_main_output
 .text.timer_generate_event
                0x08001420        0x8 ../libopencm3/lib/libopencm3_stm32f3.a(timer_common_all.o)
                0x08001420                timer_generate_event
 .text.flash_set_ws
                0x08001428       0x14 ../libopencm3/lib/libopencm3_stm32f3.a(flash_common_f234.o)
                0x08001428                flash_set_ws
 .text.rcc_periph_clock_enable
                0x0800143c       0x1c ../libopencm3/lib/libopencm3_stm32f3.a(rcc_common_all.o)
                0x0800143c                rcc_periph_clock_enable
 .text.rcc_periph_reset_pulse
                0x08001458       0x24 ../libopencm3/lib/libopencm3_stm32f3.a(rcc_common_all.o)
                0x08001458                rcc_periph_reset_pulse
 .text.blocking_handler
                0x0800147c        0x2 ../libopencm3/lib/libopencm3_stm32f3.a(vector.o)
                0x0800147c                usb_lp_isr
                0x0800147c                i2c2_ev_exti24_isr
                0x0800147c                usb_hp_isr
                0x0800147c                tim7_isr
                0x0800147c                reserved_12_isr
                0x0800147c                adc1_2_isr
                0x0800147c                reserved_11_isr
                0x0800147c                reserved_7_isr
                0x0800147c                reserved_13_isr
                0x0800147c                blocking_handler
                0x0800147c                rtc_wkup_isr
                0x0800147c                tim1_up_tim16_isr
                0x0800147c                spi1_isr
                0x0800147c                dma1_channel6_isr
                0x0800147c                reserved_5_isr
                0x0800147c                dma1_channel5_isr
                0x0800147c                dma2_channel5_isr
                0x0800147c                tamp_stamp_isr
                0x0800147c                can1_rx1_isr
                0x0800147c                usage_fault_handler
                0x0800147c                tim8_trg_com_isr
                0x0800147c                i2c1_ev_exti23_isr
                0x0800147c                tim1_trg_com_tim17_isr
                0x0800147c                reserved_15_isr
                0x0800147c                usb_wkup_isr
                0x0800147c                can1_sce_isr
                0x0800147c                reserved_3_isr
                0x0800147c                tim1_cc_isr
                0x0800147c                eth_isr
                0x0800147c                reserved_14_isr
                0x0800147c                dma1_channel4_isr
                0x0800147c                tim8_brk_isr
                0x0800147c                dma2_channel4_isr
                0x0800147c                pvd_isr
                0x0800147c                comp123_isr
                0x0800147c                comp456_isr
                0x0800147c                rcc_isr
                0x0800147c                reserved_8_isr
                0x0800147c                flash_isr
                0x0800147c                rtc_alarm_isr
                0x0800147c                reserved_2_isr
                0x0800147c                exti15_10_isr
                0x0800147c                hard_fault_handler
                0x0800147c                exti1_isr
                0x0800147c                dma2_channel1_isr
                0x0800147c                spi2_isr
                0x0800147c                reserved_9_isr
                0x0800147c                nvic_wwdg_isr
                0x0800147c                tim8_up_isr
                0x0800147c                dma2_channel2_isr
                0x0800147c                adc3_isr
                0x0800147c                exti3_isr
                0x0800147c                tim3_isr
                0x0800147c                i2c2_er_isr
                0x0800147c                reserved_1_isr
                0x0800147c                dma1_channel1_isr
                0x0800147c                exti4_isr
                0x0800147c                tim6_dac_isr
                0x0800147c                mem_manage_handler
                0x0800147c                exti9_5_isr
                0x0800147c                dma2_channel3_isr
                0x0800147c                usb_hp_can1_tx_isr
                0x0800147c                dma1_channel7_isr
                0x0800147c                usart3_exti28_isr
                0x0800147c                reserved_6_isr
                0x0800147c                tim4_isr
                0x0800147c                usb_lp_can1_rx0_isr
                0x0800147c                dma1_channel2_isr
                0x0800147c                i2c1_er_isr
                0x0800147c                tim8_cc_isr
                0x0800147c                comp7_isr
                0x0800147c                uart5_exti35_isr
                0x0800147c                reserved_4_isr
                0x0800147c                bus_fault_handler
                0x0800147c                tim1_brk_tim15_isr
                0x0800147c                dma1_channel3_isr
                0x0800147c                uart4_exti34_isr
                0x0800147c                spi3_isr
                0x0800147c                reserved_10_isr
                0x0800147c                tim2_isr
                0x0800147c                reserved_16_isr
                0x0800147c                exti2_tsc_isr
                0x0800147c                usb_wkup_a_isr
                0x0800147c                exti0_isr
 .text.null_handler
                0x0800147e        0x2 ../libopencm3/lib/libopencm3_stm32f3.a(vector.o)
                0x0800147e                null_handler
                0x0800147e                sv_call_handler
                0x0800147e                pend_sv_handler
                0x0800147e                debug_monitor_handler
                0x0800147e                nmi_handler
 .text.reset_handler
                0x08001480       0x90 ../libopencm3/lib/libopencm3_stm32f3.a(vector.o)
                0x08001480                reset_handler
 .text.systick_set_reload
                0x08001510       0x10 ../libopencm3/lib/libopencm3_stm32f3.a(systick.o)
                0x08001510                systick_set_reload
 .text.systick_set_clocksource
                0x08001520       0x18 ../libopencm3/lib/libopencm3_stm32f3.a(systick.o)
                0x08001520                systick_set_clocksource
 .text.systick_interrupt_enable
                0x08001538       0x10 ../libopencm3/lib/libopencm3_stm32f3.a(systick.o)
                0x08001538                systick_interrupt_enable
 .text.systick_counter_enable
                0x08001548       0x10 ../libopencm3/lib/libopencm3_stm32f3.a(systick.o)
                0x08001548                systick_counter_enable
 .text.nvic_enable_irq
                0x08001558       0x1a ../libopencm3/lib/libopencm3_stm32f3.a(nvic.o)
                0x08001558                nvic_enable_irq
 *fill*         0x08001572        0x2 00
 .text.malloc   0x08001574       0x10 /home/aghosh01/gcc-arm-none-eabi-4_7-2012q4/bin/../lib/gcc/arm-none-eabi/4.7.3/../../../../arm-none-eabi/lib/armv7e-m/fpu/libc.a(lib_a-malloc.o)
                0x08001574                malloc
 .text._malloc_r
                0x08001584      0x55c /home/aghosh01/gcc-arm-none-eabi-4_7-2012q4/bin/../lib/gcc/arm-none-eabi/4.7.3/../../../../arm-none-eabi/lib/armv7e-m/fpu/libc.a(lib_a-mallocr.o)
                0x08001584                _malloc_r
 .text.__malloc_lock
                0x08001ae0        0x4 /home/aghosh01/gcc-arm-none-eabi-4_7-2012q4/bin/../lib/gcc/arm-none-eabi/4.7.3/../../../../arm-none-eabi/lib/armv7e-m/fpu/libc.a(lib_a-mlock.o)
                0x08001ae0                __malloc_lock
 .text.__malloc_unlock
                0x08001ae4        0x4 /home/aghosh01/gcc-arm-none-eabi-4_7-2012q4/bin/../lib/gcc/arm-none-eabi/4.7.3/../../../../arm-none-eabi/lib/armv7e-m/fpu/libc.a(lib_a-mlock.o)
                0x08001ae4                __malloc_unlock
 .text.printf   0x08001ae8       0x28 /home/aghosh01/gcc-arm-none-eabi-4_7-2012q4/bin/../lib/gcc/arm-none-eabi/4.7.3/../../../../arm-none-eabi/lib/armv7e-m/fpu/libc.a(lib_a-printf.o)
                0x08001ae8                printf
 .text._puts_r  0x08001b10       0x68 /home/aghosh01/gcc-arm-none-eabi-4_7-2012q4/bin/../lib/gcc/arm-none-eabi/4.7.3/../../../../arm-none-eabi/lib/armv7e-m/fpu/libc.a(lib_a-puts.o)
                0x08001b10                _puts_r
 .text.puts     0x08001b78       0x10 /home/aghosh01/gcc-arm-none-eabi-4_7-2012q4/bin/../lib/gcc/arm-none-eabi/4.7.3/../../../../arm-none-eabi/lib/armv7e-m/fpu/libc.a(lib_a-puts.o)
                0x08001b78                puts
 .text._sbrk_r  0x08001b88       0x24 /home/aghosh01/gcc-arm-none-eabi-4_7-2012q4/bin/../lib/gcc/arm-none-eabi/4.7.3/../../../../arm-none-eabi/lib/armv7e-m/fpu/libc.a(lib_a-sbrkr.o)
                0x08001b88                _sbrk_r
 .text.setvbuf  0x08001bac      0x110 /home/aghosh01/gcc-arm-none-eabi-4_7-2012q4/bin/../lib/gcc/arm-none-eabi/4.7.3/../../../../arm-none-eabi/lib/armv7e-m/fpu/libc.a(lib_a-setvbuf.o)
                0x08001bac                setvbuf
 .text.strlen   0x08001cbc       0x60 /home/aghosh01/gcc-arm-none-eabi-4_7-2012q4/bin/../lib/gcc/arm-none-eabi/4.7.3/../../../../arm-none-eabi/lib/armv7e-m/fpu/libc.a(lib_a-strlen.o)
                0x08001cbc                strlen
 .text._vfprintf_r
                0x08001d1c     0x1e90 /home/aghosh01/gcc-arm-none-eabi-4_7-2012q4/bin/../lib/gcc/arm-none-eabi/4.7.3/../../../../arm-none-eabi/lib/armv7e-m/fpu/libc.a(lib_a-vfprintf.o)
                0x08001d1c                _vfprintf_r
 .text.__swsetup_r
                0x08003bac       0xc4 /home/aghosh01/gcc-arm-none-eabi-4_7-2012q4/bin/../lib/gcc/arm-none-eabi/4.7.3/../../../../arm-none-eabi/lib/armv7e-m/fpu/libc.a(lib_a-wsetup.o)
                0x08003bac                __swsetup_r
 .text.quorem   0x08003c70      0x2ec /home/aghosh01/gcc-arm-none-eabi-4_7-2012q4/bin/../lib/gcc/arm-none-eabi/4.7.3/../../../../arm-none-eabi/lib/armv7e-m/fpu/libc.a(lib_a-dtoa.o)
 *fill*         0x08003f5c        0x4 00
 .text._dtoa_r  0x08003f60     0x1260 /home/aghosh01/gcc-arm-none-eabi-4_7-2012q4/bin/../lib/gcc/arm-none-eabi/4.7.3/../../../../arm-none-eabi/lib/armv7e-m/fpu/libc.a(lib_a-dtoa.o)
                0x08003f60                _dtoa_r
 .text._fflush_r
                0x080051c0      0x168 /home/aghosh01/gcc-arm-none-eabi-4_7-2012q4/bin/../lib/gcc/arm-none-eabi/4.7.3/../../../../arm-none-eabi/lib/armv7e-m/fpu/libc.a(lib_a-fflush.o)
                0x080051c0                _fflush_r
 .text._cleanup_r
                0x08005328        0xc /home/aghosh01/gcc-arm-none-eabi-4_7-2012q4/bin/../lib/gcc/arm-none-eabi/4.7.3/../../../../arm-none-eabi/lib/armv7e-m/fpu/libc.a(lib_a-findfp.o)
                0x08005328                _cleanup_r
 .text.std.isra.0
                0x08005334       0x50 /home/aghosh01/gcc-arm-none-eabi-4_7-2012q4/bin/../lib/gcc/arm-none-eabi/4.7.3/../../../../arm-none-eabi/lib/armv7e-m/fpu/libc.a(lib_a-findfp.o)
 .text.__sinit  0x08005384       0x4c /home/aghosh01/gcc-arm-none-eabi-4_7-2012q4/bin/../lib/gcc/arm-none-eabi/4.7.3/../../../../arm-none-eabi/lib/armv7e-m/fpu/libc.a(lib_a-findfp.o)
                0x08005384                __sinit
 .text.__sfp_lock_acquire
                0x080053d0        0x4 /home/aghosh01/gcc-arm-none-eabi-4_7-2012q4/bin/../lib/gcc/arm-none-eabi/4.7.3/../../../../arm-none-eabi/lib/armv7e-m/fpu/libc.a(lib_a-findfp.o)
                0x080053d0                __sfp_lock_acquire
 .text.__sfp_lock_release
                0x080053d4        0x4 /home/aghosh01/gcc-arm-none-eabi-4_7-2012q4/bin/../lib/gcc/arm-none-eabi/4.7.3/../../../../arm-none-eabi/lib/armv7e-m/fpu/libc.a(lib_a-findfp.o)
                0x080053d4                __sfp_lock_release
 .text._malloc_trim_r
                0x080053d8       0x98 /home/aghosh01/gcc-arm-none-eabi-4_7-2012q4/bin/../lib/gcc/arm-none-eabi/4.7.3/../../../../arm-none-eabi/lib/armv7e-m/fpu/libc.a(lib_a-freer.o)
                0x080053d8                _malloc_trim_r
 .text._free_r  0x08005470      0x194 /home/aghosh01/gcc-arm-none-eabi-4_7-2012q4/bin/../lib/gcc/arm-none-eabi/4.7.3/../../../../arm-none-eabi/lib/armv7e-m/fpu/libc.a(lib_a-freer.o)
                0x08005470                _free_r
 .text.__sfvwrite_r
                0x08005604      0x314 /home/aghosh01/gcc-arm-none-eabi-4_7-2012q4/bin/../lib/gcc/arm-none-eabi/4.7.3/../../../../arm-none-eabi/lib/armv7e-m/fpu/libc.a(lib_a-fvwrite.o)
                0x08005604                __sfvwrite_r
 .text._fwalk   0x08005918       0xb8 /home/aghosh01/gcc-arm-none-eabi-4_7-2012q4/bin/../lib/gcc/arm-none-eabi/4.7.3/../../../../arm-none-eabi/lib/armv7e-m/fpu/libc.a(lib_a-fwalk.o)
                0x08005918                _fwalk
 .text.__locale_charset
                0x080059d0        0xc /home/aghosh01/gcc-arm-none-eabi-4_7-2012q4/bin/../lib/gcc/arm-none-eabi/4.7.3/../../../../arm-none-eabi/lib/armv7e-m/fpu/libc.a(lib_a-locale.o)
                0x080059d0                __locale_charset
 .text.__locale_mb_cur_max
                0x080059dc        0xc /home/aghosh01/gcc-arm-none-eabi-4_7-2012q4/bin/../lib/gcc/arm-none-eabi/4.7.3/../../../../arm-none-eabi/lib/armv7e-m/fpu/libc.a(lib_a-locale.o)
                0x080059dc                __locale_mb_cur_max
 .text._localeconv_r
                0x080059e8        0xc /home/aghosh01/gcc-arm-none-eabi-4_7-2012q4/bin/../lib/gcc/arm-none-eabi/4.7.3/../../../../arm-none-eabi/lib/armv7e-m/fpu/libc.a(lib_a-locale.o)
                0x080059e8                _localeconv_r
 .text.__smakebuf_r
                0x080059f4       0xe8 /home/aghosh01/gcc-arm-none-eabi-4_7-2012q4/bin/../lib/gcc/arm-none-eabi/4.7.3/../../../../arm-none-eabi/lib/armv7e-m/fpu/libc.a(lib_a-makebuf.o)
                0x080059f4                __smakebuf_r
 .text.memchr   0x08005adc      0x140 /home/aghosh01/gcc-arm-none-eabi-4_7-2012q4/bin/../lib/gcc/arm-none-eabi/4.7.3/../../../../arm-none-eabi/lib/armv7e-m/fpu/libc.a(lib_a-memchr.o)
                0x08005adc                memchr
 .text.memcpy   0x08005c1c      0x144 /home/aghosh01/gcc-arm-none-eabi-4_7-2012q4/bin/../lib/gcc/arm-none-eabi/4.7.3/../../../../arm-none-eabi/lib/armv7e-m/fpu/libc.a(lib_a-memcpy.o)
                0x08005c1c                memcpy
 .text.memmove  0x08005d60      0x198 /home/aghosh01/gcc-arm-none-eabi-4_7-2012q4/bin/../lib/gcc/arm-none-eabi/4.7.3/../../../../arm-none-eabi/lib/armv7e-m/fpu/libc.a(lib_a-memmove.o)
                0x08005d60                memmove
 .text.memset   0x08005ef8      0x12c /home/aghosh01/gcc-arm-none-eabi-4_7-2012q4/bin/../lib/gcc/arm-none-eabi/4.7.3/../../../../arm-none-eabi/lib/armv7e-m/fpu/libc.a(lib_a-memset.o)
                0x08005ef8                memset
 .text._Balloc  0x08006024       0x4c /home/aghosh01/gcc-arm-none-eabi-4_7-2012q4/bin/../lib/gcc/arm-none-eabi/4.7.3/../../../../arm-none-eabi/lib/armv7e-m/fpu/libc.a(lib_a-mprec.o)
                0x08006024                _Balloc
 .text._Bfree   0x08006070       0x14 /home/aghosh01/gcc-arm-none-eabi-4_7-2012q4/bin/../lib/gcc/arm-none-eabi/4.7.3/../../../../arm-none-eabi/lib/armv7e-m/fpu/libc.a(lib_a-mprec.o)
                0x08006070                _Bfree
 .text.__multadd
                0x08006084       0xf8 /home/aghosh01/gcc-arm-none-eabi-4_7-2012q4/bin/../lib/gcc/arm-none-eabi/4.7.3/../../../../arm-none-eabi/lib/armv7e-m/fpu/libc.a(lib_a-mprec.o)
                0x08006084                __multadd
 .text.__hi0bits
                0x0800617c       0x3c /home/aghosh01/gcc-arm-none-eabi-4_7-2012q4/bin/../lib/gcc/arm-none-eabi/4.7.3/../../../../arm-none-eabi/lib/armv7e-m/fpu/libc.a(lib_a-mprec.o)
                0x0800617c                __hi0bits
 .text.__lo0bits
                0x080061b8       0x5c /home/aghosh01/gcc-arm-none-eabi-4_7-2012q4/bin/../lib/gcc/arm-none-eabi/4.7.3/../../../../arm-none-eabi/lib/armv7e-m/fpu/libc.a(lib_a-mprec.o)
                0x080061b8                __lo0bits
 .text.__i2b    0x08006214       0x14 /home/aghosh01/gcc-arm-none-eabi-4_7-2012q4/bin/../lib/gcc/arm-none-eabi/4.7.3/../../../../arm-none-eabi/lib/armv7e-m/fpu/libc.a(lib_a-mprec.o)
                0x08006214                __i2b
 .text.__multiply
                0x08006228      0x2d0 /home/aghosh01/gcc-arm-none-eabi-4_7-2012q4/bin/../lib/gcc/arm-none-eabi/4.7.3/../../../../arm-none-eabi/lib/armv7e-m/fpu/libc.a(lib_a-mprec.o)
                0x08006228                __multiply
 .text.__pow5mult
                0x080064f8       0x94 /home/aghosh01/gcc-arm-none-eabi-4_7-2012q4/bin/../lib/gcc/arm-none-eabi/4.7.3/../../../../arm-none-eabi/lib/armv7e-m/fpu/libc.a(lib_a-mprec.o)
                0x080064f8                __pow5mult
 .text.__lshift
                0x0800658c      0x188 /home/aghosh01/gcc-arm-none-eabi-4_7-2012q4/bin/../lib/gcc/arm-none-eabi/4.7.3/../../../../arm-none-eabi/lib/armv7e-m/fpu/libc.a(lib_a-mprec.o)
                0x0800658c                __lshift
 .text.__mcmp   0x08006714       0x5c /home/aghosh01/gcc-arm-none-eabi-4_7-2012q4/bin/../lib/gcc/arm-none-eabi/4.7.3/../../../../arm-none-eabi/lib/armv7e-m/fpu/libc.a(lib_a-mprec.o)
                0x08006714                __mcmp
 .text.__mdiff  0x08006770      0x20c /home/aghosh01/gcc-arm-none-eabi-4_7-2012q4/bin/../lib/gcc/arm-none-eabi/4.7.3/../../../../arm-none-eabi/lib/armv7e-m/fpu/libc.a(lib_a-mprec.o)
                0x08006770                __mdiff
 .text.__d2b    0x0800697c       0xb4 /home/aghosh01/gcc-arm-none-eabi-4_7-2012q4/bin/../lib/gcc/arm-none-eabi/4.7.3/../../../../arm-none-eabi/lib/armv7e-m/fpu/libc.a(lib_a-mprec.o)
                0x0800697c                __d2b
 .text._realloc_r
                0x08006a30      0x3dc /home/aghosh01/gcc-arm-none-eabi-4_7-2012q4/bin/../lib/gcc/arm-none-eabi/4.7.3/../../../../arm-none-eabi/lib/armv7e-m/fpu/libc.a(lib_a-reallocr.o)
                0x08006a30                _realloc_r
 .text.__fpclassifyd
                0x08006e0c       0x70 /home/aghosh01/gcc-arm-none-eabi-4_7-2012q4/bin/../lib/gcc/arm-none-eabi/4.7.3/../../../../arm-none-eabi/lib/armv7e-m/fpu/libc.a(lib_a-s_fpclassify.o)
                0x08006e0c                __fpclassifyd
 .text.__sread  0x08006e7c       0x24 /home/aghosh01/gcc-arm-none-eabi-4_7-2012q4/bin/../lib/gcc/arm-none-eabi/4.7.3/../../../../arm-none-eabi/lib/armv7e-m/fpu/libc.a(lib_a-stdio.o)
                0x08006e7c                __sread
 .text.__swrite
                0x08006ea0       0x44 /home/aghosh01/gcc-arm-none-eabi-4_7-2012q4/bin/../lib/gcc/arm-none-eabi/4.7.3/../../../../arm-none-eabi/lib/armv7e-m/fpu/libc.a(lib_a-stdio.o)
                0x08006ea0                __swrite
 .text.__sseek  0x08006ee4       0x24 /home/aghosh01/gcc-arm-none-eabi-4_7-2012q4/bin/../lib/gcc/arm-none-eabi/4.7.3/../../../../arm-none-eabi/lib/armv7e-m/fpu/libc.a(lib_a-stdio.o)
                0x08006ee4                __sseek
 .text.__sclose
                0x08006f08        0x8 /home/aghosh01/gcc-arm-none-eabi-4_7-2012q4/bin/../lib/gcc/arm-none-eabi/4.7.3/../../../../arm-none-eabi/lib/armv7e-m/fpu/libc.a(lib_a-stdio.o)
                0x08006f08                __sclose
 .text.__sprint_r
                0x08006f10       0xc0 /home/aghosh01/gcc-arm-none-eabi-4_7-2012q4/bin/../lib/gcc/arm-none-eabi/4.7.3/../../../../arm-none-eabi/lib/armv7e-m/fpu/libc.a(lib_a-vfiprintf.o)
                0x08006f10                __sprint_r
 .text._write_r
                0x08006fd0       0x28 /home/aghosh01/gcc-arm-none-eabi-4_7-2012q4/bin/../lib/gcc/arm-none-eabi/4.7.3/../../../../arm-none-eabi/lib/armv7e-m/fpu/libc.a(lib_a-writer.o)
                0x08006fd0                _write_r
 .text._calloc_r
                0x08006ff8       0x60 /home/aghosh01/gcc-arm-none-eabi-4_7-2012q4/bin/../lib/gcc/arm-none-eabi/4.7.3/../../../../arm-none-eabi/lib/armv7e-m/fpu/libc.a(lib_a-callocr.o)
                0x08006ff8                _calloc_r
 .text._close_r
                0x08007058       0x24 /home/aghosh01/gcc-arm-none-eabi-4_7-2012q4/bin/../lib/gcc/arm-none-eabi/4.7.3/../../../../arm-none-eabi/lib/armv7e-m/fpu/libc.a(lib_a-closer.o)
                0x08007058                _close_r
 .text._fclose_r
                0x0800707c       0x94 /home/aghosh01/gcc-arm-none-eabi-4_7-2012q4/bin/../lib/gcc/arm-none-eabi/4.7.3/../../../../arm-none-eabi/lib/armv7e-m/fpu/libc.a(lib_a-fclose.o)
                0x0800707c                _fclose_r
 .text.fclose   0x08007110       0x10 /home/aghosh01/gcc-arm-none-eabi-4_7-2012q4/bin/../lib/gcc/arm-none-eabi/4.7.3/../../../../arm-none-eabi/lib/armv7e-m/fpu/libc.a(lib_a-fclose.o)
                0x08007110                fclose
 .text._fputwc_r
                0x08007120      0x1b0 /home/aghosh01/gcc-arm-none-eabi-4_7-2012q4/bin/../lib/gcc/arm-none-eabi/4.7.3/../../../../arm-none-eabi/lib/armv7e-m/fpu/libc.a(lib_a-fputwc.o)
                0x08007120                _fputwc_r
 .text._fstat_r
                0x080072d0       0x28 /home/aghosh01/gcc-arm-none-eabi-4_7-2012q4/bin/../lib/gcc/arm-none-eabi/4.7.3/../../../../arm-none-eabi/lib/armv7e-m/fpu/libc.a(lib_a-fstatr.o)
                0x080072d0                _fstat_r
 .text._isatty_r
                0x080072f8       0x24 /home/aghosh01/gcc-arm-none-eabi-4_7-2012q4/bin/../lib/gcc/arm-none-eabi/4.7.3/../../../../arm-none-eabi/lib/armv7e-m/fpu/libc.a(lib_a-isattyr.o)
                0x080072f8                _isatty_r
 .text._lseek_r
                0x0800731c       0x28 /home/aghosh01/gcc-arm-none-eabi-4_7-2012q4/bin/../lib/gcc/arm-none-eabi/4.7.3/../../../../arm-none-eabi/lib/armv7e-m/fpu/libc.a(lib_a-lseekr.o)
                0x0800731c                _lseek_r
 .text._read_r  0x08007344       0x28 /home/aghosh01/gcc-arm-none-eabi-4_7-2012q4/bin/../lib/gcc/arm-none-eabi/4.7.3/../../../../arm-none-eabi/lib/armv7e-m/fpu/libc.a(lib_a-readr.o)
                0x08007344                _read_r
 .text.__swbuf_r
                0x0800736c       0xbc /home/aghosh01/gcc-arm-none-eabi-4_7-2012q4/bin/../lib/gcc/arm-none-eabi/4.7.3/../../../../arm-none-eabi/lib/armv7e-m/fpu/libc.a(lib_a-wbuf.o)
                0x0800736c                __swbuf_r
 .text._wcrtomb_r
                0x08007428       0x50 /home/aghosh01/gcc-arm-none-eabi-4_7-2012q4/bin/../lib/gcc/arm-none-eabi/4.7.3/../../../../arm-none-eabi/lib/armv7e-m/fpu/libc.a(lib_a-wcrtomb.o)
                0x08007428                _wcrtomb_r
 .text.__ascii_wctomb
                0x08007478       0x1c /home/aghosh01/gcc-arm-none-eabi-4_7-2012q4/bin/../lib/gcc/arm-none-eabi/4.7.3/../../../../arm-none-eabi/lib/armv7e-m/fpu/libc.a(lib_a-wctomb_r.o)
                0x08007478                __ascii_wctomb
 .text          0x08007494      0x370 /home/aghosh01/gcc-arm-none-eabi-4_7-2012q4/bin/../lib/gcc/arm-none-eabi/4.7.3/armv7e-m/fpu/libgcc.a(_arm_addsubdf3.o)
                0x08007494                __aeabi_drsub
                0x0800749c                __aeabi_dsub
                0x0800749c                __subdf3
                0x080074a0                __adddf3
                0x080074a0                __aeabi_dadd
                0x08007718                __aeabi_ui2d
                0x08007718                __floatunsidf
                0x08007738                __floatsidf
                0x08007738                __aeabi_i2d
                0x0800775c                __extendsfdf2
                0x0800775c                __aeabi_f2d
                0x08007798                __aeabi_ul2d
                0x08007798                __floatundidf
                0x080077a8                __floatdidf
                0x080077a8                __aeabi_l2d
 .text          0x08007804      0x424 /home/aghosh01/gcc-arm-none-eabi-4_7-2012q4/bin/../lib/gcc/arm-none-eabi/4.7.3/armv7e-m/fpu/libgcc.a(_arm_muldivdf3.o)
                0x08007804                __aeabi_dmul
                0x08007804                __muldf3
                0x08007a58                __aeabi_ddiv
                0x08007a58                __divdf3
 .text          0x08007c28      0x110 /home/aghosh01/gcc-arm-none-eabi-4_7-2012q4/bin/../lib/gcc/arm-none-eabi/4.7.3/armv7e-m/fpu/libgcc.a(_arm_cmpdf2.o)
                0x08007c28                __gtdf2
                0x08007c28                __gedf2
                0x08007c30                __ltdf2
                0x08007c30                __ledf2
                0x08007c38                __cmpdf2
                0x08007c38                __eqdf2
                0x08007c38                __nedf2
                0x08007cb4                __aeabi_cdrcmple
                0x08007cc4                __aeabi_cdcmple
                0x08007cc4                __aeabi_cdcmpeq
                0x08007cd4                __aeabi_dcmpeq
                0x08007ce8                __aeabi_dcmplt
                0x08007cfc                __aeabi_dcmple
                0x08007d10                __aeabi_dcmpge
                0x08007d24                __aeabi_dcmpgt
 .text          0x08007d38       0x50 /home/aghosh01/gcc-arm-none-eabi-4_7-2012q4/bin/../lib/gcc/arm-none-eabi/4.7.3/armv7e-m/fpu/libgcc.a(_arm_fixdfsi.o)
                0x08007d38                __fixdfsi
                0x08007d38                __aeabi_d2iz
 .text          0x08007d88       0x2c /home/aghosh01/gcc-arm-none-eabi-4_7-2012q4/bin/../lib/gcc/arm-none-eabi/4.7.3/armv7e-m/fpu/libgcc.a(_aeabi_uldivmod.o)
                0x08007d88                __aeabi_uldivmod
 .text          0x08007db4       0x58 /home/aghosh01/gcc-arm-none-eabi-4_7-2012q4/bin/../lib/gcc/arm-none-eabi/4.7.3/armv7e-m/fpu/libgcc.a(bpabi.o)
                0x08007db4                __gnu_ldivmod_helper
                0x08007de0                __gnu_uldivmod_helper
 .text          0x08007e0c        0x4 /home/aghosh01/gcc-arm-none-eabi-4_7-2012q4/bin/../lib/gcc/arm-none-eabi/4.7.3/armv7e-m/fpu/libgcc.a(_dvmd_tls.o)
                0x08007e0c                __aeabi_ldiv0
                0x08007e0c                __aeabi_idiv0
 .text          0x08007e10      0x2bc /home/aghosh01/gcc-arm-none-eabi-4_7-2012q4/bin/../lib/gcc/arm-none-eabi/4.7.3/armv7e-m/fpu/libgcc.a(_divdi3.o)
                0x08007e10                __divdi3
 .text          0x080080cc      0x288 /home/aghosh01/gcc-arm-none-eabi-4_7-2012q4/bin/../lib/gcc/arm-none-eabi/4.7.3/armv7e-m/fpu/libgcc.a(_udivdi3.o)
                0x080080cc                __udivdi3
 .text._open    0x08008354       0x14 /home/aghosh01/gcc-arm-none-eabi-4_7-2012q4/bin/../lib/gcc/arm-none-eabi/4.7.3/../../../../arm-none-eabi/lib/armv7e-m/fpu/libnosys.a(open.o)
                0x08008354                _open
                0x08008368                . = ALIGN (0x4)
 *(.rodata*)
 .rodata.str1.1
                0x08008368       0x1f /home/aghosh01/TARS_codebase/flight_software/source/newlib_stubs/newlib_stubs.o
 .rodata.str1.1
                0x08008387       0x21 testbed_sw_app_main.o
 .rodata.hsi_8mhz
                0x080083a8       0x3c ../libopencm3/lib/libopencm3_stm32f3.a(rcc.o)
                0x080083a8                hsi_8mhz
 .rodata.str1.4
                0x080083e4        0x2 /home/aghosh01/gcc-arm-none-eabi-4_7-2012q4/bin/../lib/gcc/arm-none-eabi/4.7.3/../../../../arm-none-eabi/lib/armv7e-m/fpu/libc.a(lib_a-impure.o)
                                  0x4 (size before relaxing)
 *fill*         0x080083e6        0x2 00
 .rodata.str1.4
                0x080083e8        0x2 /home/aghosh01/gcc-arm-none-eabi-4_7-2012q4/bin/../lib/gcc/arm-none-eabi/4.7.3/../../../../arm-none-eabi/lib/armv7e-m/fpu/libc.a(lib_a-puts.o)
                                  0x4 (size before relaxing)
 *fill*         0x080083ea        0x2 00
 .rodata.blanks.6735
                0x080083ec       0x10 /home/aghosh01/gcc-arm-none-eabi-4_7-2012q4/bin/../lib/gcc/arm-none-eabi/4.7.3/../../../../arm-none-eabi/lib/armv7e-m/fpu/libc.a(lib_a-vfprintf.o)
 .rodata.str1.4
                0x080083fc       0x42 /home/aghosh01/gcc-arm-none-eabi-4_7-2012q4/bin/../lib/gcc/arm-none-eabi/4.7.3/../../../../arm-none-eabi/lib/armv7e-m/fpu/libc.a(lib_a-vfprintf.o)
                                 0x44 (size before relaxing)
 *fill*         0x0800843e        0x2 00
 .rodata.zeroes.6736
                0x08008440       0x10 /home/aghosh01/gcc-arm-none-eabi-4_7-2012q4/bin/../lib/gcc/arm-none-eabi/4.7.3/../../../../arm-none-eabi/lib/armv7e-m/fpu/libc.a(lib_a-vfprintf.o)
 .rodata.str1.4
                0x08008450       0x10 /home/aghosh01/gcc-arm-none-eabi-4_7-2012q4/bin/../lib/gcc/arm-none-eabi/4.7.3/../../../../arm-none-eabi/lib/armv7e-m/fpu/libc.a(lib_a-dtoa.o)
                                 0x14 (size before relaxing)
 .rodata.str1.4
                0x08008460        0xc /home/aghosh01/gcc-arm-none-eabi-4_7-2012q4/bin/../lib/gcc/arm-none-eabi/4.7.3/../../../../arm-none-eabi/lib/armv7e-m/fpu/libc.a(lib_a-locale.o)
                                 0x14 (size before relaxing)
 .rodata.p05.5242
                0x0800846c        0xc /home/aghosh01/gcc-arm-none-eabi-4_7-2012q4/bin/../lib/gcc/arm-none-eabi/4.7.3/../../../../arm-none-eabi/lib/armv7e-m/fpu/libc.a(lib_a-mprec.o)
 .rodata.__mprec_tens
                0x08008478       0xc8 /home/aghosh01/gcc-arm-none-eabi-4_7-2012q4/bin/../lib/gcc/arm-none-eabi/4.7.3/../../../../arm-none-eabi/lib/armv7e-m/fpu/libc.a(lib_a-mprec.o)
                0x08008478                __mprec_tens
 .rodata.__mprec_bigtens
                0x08008540       0x28 /home/aghosh01/gcc-arm-none-eabi-4_7-2012q4/bin/../lib/gcc/arm-none-eabi/4.7.3/../../../../arm-none-eabi/lib/armv7e-m/fpu/libc.a(lib_a-mprec.o)
                0x08008540                __mprec_bigtens
                0x08008568                . = ALIGN (0x4)

.glue_7         0x08008568        0x0
 .glue_7        0x00000000        0x0 linker stubs

.glue_7t        0x08008568        0x0
 .glue_7t       0x00000000        0x0 linker stubs

.vfp11_veneer   0x08008568        0x0
 .vfp11_veneer  0x00000000        0x0 linker stubs

.v4_bx          0x08008568        0x0
 .v4_bx         0x00000000        0x0 linker stubs

.iplt           0x08008568        0x0
 .iplt          0x00000000        0x0 /home/aghosh01/TARS_codebase/flight_software/source/timekeeping/mission_timekeeper.o

.preinit_array  0x08008568        0x0
                0x08008568                . = ALIGN (0x4)
                0x08008568                __preinit_array_start = .
 *(.preinit_array)
                0x08008568                __preinit_array_end = .

.init_array     0x08008568        0x0
                0x08008568                . = ALIGN (0x4)
                0x08008568                __init_array_start = .
 *(SORT(.init_array.*))
 *(.init_array)
                0x08008568                __init_array_end = .

.fini_array     0x08008568        0x0
                0x08008568                . = ALIGN (0x4)
                0x08008568                __fini_array_start = .
 *(.fini_array)
 *(SORT(.fini_array.*))
                0x08008568                __fini_array_end = .

.ARM.extab
 *(.ARM.extab*)

.ARM.exidx      0x08008568        0x8
                0x08008568                __exidx_start = .
 *(.ARM.exidx*)
 .ARM.exidx     0x08008568        0x8 /home/aghosh01/gcc-arm-none-eabi-4_7-2012q4/bin/../lib/gcc/arm-none-eabi/4.7.3/armv7e-m/fpu/libgcc.a(_divdi3.o)
 .ARM.exidx     0x08008570        0x0 /home/aghosh01/gcc-arm-none-eabi-4_7-2012q4/bin/../lib/gcc/arm-none-eabi/4.7.3/armv7e-m/fpu/libgcc.a(_udivdi3.o)
                                  0x8 (size before relaxing)
                0x08008570                __exidx_end = .

.rel.dyn        0x08008570        0x0
 .rel.iplt      0x00000000        0x0 /home/aghosh01/TARS_codebase/flight_software/source/timekeeping/mission_timekeeper.o
                0x08008570                . = ALIGN (0x4)
                0x08008570                _etext = .

.data           0x20000000      0x8a4 load address 0x08008570
                0x20000000                _data = .
 *(.data*)
 .data.rcc_apb1_frequency
                0x20000000        0x4 ../libopencm3/lib/libopencm3_stm32f3.a(rcc.o)
                0x20000000                rcc_apb1_frequency
 .data.rcc_apb2_frequency
                0x20000004        0x4 ../libopencm3/lib/libopencm3_stm32f3.a(rcc.o)
                0x20000004                rcc_apb2_frequency
 .data.impure_data
                0x20000008      0x428 /home/aghosh01/gcc-arm-none-eabi-4_7-2012q4/bin/../lib/gcc/arm-none-eabi/4.7.3/../../../../arm-none-eabi/lib/armv7e-m/fpu/libc.a(lib_a-impure.o)
 .data._impure_ptr
                0x20000430        0x4 /home/aghosh01/gcc-arm-none-eabi-4_7-2012q4/bin/../lib/gcc/arm-none-eabi/4.7.3/../../../../arm-none-eabi/lib/armv7e-m/fpu/libc.a(lib_a-impure.o)
                0x20000430                _impure_ptr
 .data.__malloc_av_
                0x20000434      0x408 /home/aghosh01/gcc-arm-none-eabi-4_7-2012q4/bin/../lib/gcc/arm-none-eabi/4.7.3/../../../../arm-none-eabi/lib/armv7e-m/fpu/libc.a(lib_a-mallocr.o)
                0x20000434                __malloc_av_
 .data.__malloc_trim_threshold
                0x2000083c        0x4 /home/aghosh01/gcc-arm-none-eabi-4_7-2012q4/bin/../lib/gcc/arm-none-eabi/4.7.3/../../../../arm-none-eabi/lib/armv7e-m/fpu/libc.a(lib_a-mallocr.o)
                0x2000083c                __malloc_trim_threshold
 .data.__malloc_sbrk_base
                0x20000840        0x4 /home/aghosh01/gcc-arm-none-eabi-4_7-2012q4/bin/../lib/gcc/arm-none-eabi/4.7.3/../../../../arm-none-eabi/lib/armv7e-m/fpu/libc.a(lib_a-mallocr.o)
                0x20000840                __malloc_sbrk_base
 .data.lconv    0x20000844       0x38 /home/aghosh01/gcc-arm-none-eabi-4_7-2012q4/bin/../lib/gcc/arm-none-eabi/4.7.3/../../../../arm-none-eabi/lib/armv7e-m/fpu/libc.a(lib_a-locale.o)
 .data.lc_ctype_charset
                0x2000087c       0x20 /home/aghosh01/gcc-arm-none-eabi-4_7-2012q4/bin/../lib/gcc/arm-none-eabi/4.7.3/../../../../arm-none-eabi/lib/armv7e-m/fpu/libc.a(lib_a-locale.o)
 .data.__mb_cur_max
                0x2000089c        0x4 /home/aghosh01/gcc-arm-none-eabi-4_7-2012q4/bin/../lib/gcc/arm-none-eabi/4.7.3/../../../../arm-none-eabi/lib/armv7e-m/fpu/libc.a(lib_a-locale.o)
                0x2000089c                __mb_cur_max
 .data.__wctomb
                0x200008a0        0x4 /home/aghosh01/gcc-arm-none-eabi-4_7-2012q4/bin/../lib/gcc/arm-none-eabi/4.7.3/../../../../arm-none-eabi/lib/armv7e-m/fpu/libc.a(lib_a-wctomb_r.o)
                0x200008a0                __wctomb
                0x200008a4                . = ALIGN (0x4)
                0x200008a4                _edata = .
                0x08008570                _data_loadaddr = LOADADDR (.data)

.igot.plt       0x200008a4        0x0 load address 0x08008e14
 .igot.plt      0x00000000        0x0 /home/aghosh01/TARS_codebase/flight_software/source/timekeeping/mission_timekeeper.o

.bss            0x200008a4       0x68 load address 0x08008e14
 *(.bss*)
 .bss.flag_queue
                0x200008a4        0xc /home/aghosh01/TARS_codebase/flight_software/source/timekeeping/mission_timekeeper.o
 .bss.mission_time_counter
                0x200008b0        0x8 /home/aghosh01/TARS_codebase/flight_software/source/timekeeping/mission_timekeeper.o
 .bss.delay_flag
                0x200008b8        0x1 /home/aghosh01/TARS_codebase/flight_software/source/timekeeping/mission_timekeeper.o
 *fill*         0x200008b9        0x1 00
 .bss.delay_millis_to_go
                0x200008ba        0x2 /home/aghosh01/TARS_codebase/flight_software/source/timekeeping/mission_timekeeper.o
 .bss.heap_end.4924
                0x200008bc        0x4 /home/aghosh01/TARS_codebase/flight_software/source/newlib_stubs/newlib_stubs.o
 .bss.st        0x200008c0        0x1 /home/aghosh01/TARS_codebase/flight_software/source/rpi_comms/rpi_comms.o
 .bss.p         0x200008c1        0x6 /home/aghosh01/TARS_codebase/flight_software/source/rpi_comms/rpi_comms.o
 *fill*         0x200008c7        0x1 00
 .bss.recv_buffer_iterator
                0x200008c8        0x4 /home/aghosh01/TARS_codebase/flight_software/source/rpi_comms/rpi_comms.o
 .bss.recv_buffer
                0x200008cc        0x6 /home/aghosh01/TARS_codebase/flight_software/source/rpi_comms/rpi_comms.o
 *fill*         0x200008d2        0x2 00
 .bss.__malloc_max_total_mem
                0x200008d4        0x4 /home/aghosh01/gcc-arm-none-eabi-4_7-2012q4/bin/../lib/gcc/arm-none-eabi/4.7.3/../../../../arm-none-eabi/lib/armv7e-m/fpu/libc.a(lib_a-mallocr.o)
                0x200008d4                __malloc_max_total_mem
 .bss.__malloc_max_sbrked_mem
                0x200008d8        0x4 /home/aghosh01/gcc-arm-none-eabi-4_7-2012q4/bin/../lib/gcc/arm-none-eabi/4.7.3/../../../../arm-none-eabi/lib/armv7e-m/fpu/libc.a(lib_a-mallocr.o)
                0x200008d8                __malloc_max_sbrked_mem
 .bss.__malloc_top_pad
                0x200008dc        0x4 /home/aghosh01/gcc-arm-none-eabi-4_7-2012q4/bin/../lib/gcc/arm-none-eabi/4.7.3/../../../../arm-none-eabi/lib/armv7e-m/fpu/libc.a(lib_a-mallocr.o)
                0x200008dc                __malloc_top_pad
 .bss.__malloc_current_mallinfo
                0x200008e0       0x28 /home/aghosh01/gcc-arm-none-eabi-4_7-2012q4/bin/../lib/gcc/arm-none-eabi/4.7.3/../../../../arm-none-eabi/lib/armv7e-m/fpu/libc.a(lib_a-mallocr.o)
                0x200008e0                __malloc_current_mallinfo
 *(COMMON)
 COMMON         0x20000908        0x4 /home/aghosh01/gcc-arm-none-eabi-4_7-2012q4/bin/../lib/gcc/arm-none-eabi/4.7.3/../../../../arm-none-eabi/lib/armv7e-m/fpu/libc.a(lib_a-reent.o)
                0x20000908                errno
                0x2000090c                . = ALIGN (0x4)
                0x2000090c                _ebss = .

/DISCARD/
 *(.eh_frame)
                0x2000090c                . = ALIGN (0x4)
                0x2000090c                end = .
                0x2000a000                PROVIDE (_stack, (ORIGIN (ram) + 0xa000))
OUTPUT(testbed_sw_app_main.elf elf32-littlearm)

.debug_info     0x00000000     0x7d1b
 .debug_info    0x00000000      0x3b4 /home/aghosh01/TARS_codebase/flight_software/source/timekeeping/mission_timekeeper.o
 .debug_info    0x000003b4      0x7f7 /home/aghosh01/TARS_codebase/flight_software/source/newlib_stubs/newlib_stubs.o
 .debug_info    0x00000bab     0x1383 /home/aghosh01/TARS_codebase/flight_software/source/vehicle_firmware_hal/QuadRotor_PWM_hal.o
 .debug_info    0x00001f2e      0x3e6 /home/aghosh01/TARS_codebase/flight_software/source/rpi_comms/rpi_comms.o
 .debug_info    0x00002314      0x2a4 /home/aghosh01/TARS_codebase/flight_software/source/interrupts/interrupts.o
 .debug_info    0x000025b8     0x2379 testbed_sw_app_main.o
 .debug_info    0x00004931      0x871 ../libopencm3/lib/libopencm3_stm32f3.a(rcc.o)
 .debug_info    0x000051a2      0x1c1 ../libopencm3/lib/libopencm3_stm32f3.a(usart.o)
 .debug_info    0x00005363      0x238 ../libopencm3/lib/libopencm3_stm32f3.a(gpio_common_all.o)
 .debug_info    0x0000559b      0x1dd ../libopencm3/lib/libopencm3_stm32f3.a(gpio_common_f0234.o)
 .debug_info    0x00005778      0x525 ../libopencm3/lib/libopencm3_stm32f3.a(usart_common_all.o)
 .debug_info    0x00005c9d     0x12ce ../libopencm3/lib/libopencm3_stm32f3.a(timer_common_all.o)
 .debug_info    0x00006f6b      0x134 ../libopencm3/lib/libopencm3_stm32f3.a(flash_common_f234.o)
 .debug_info    0x0000709f      0x53f ../libopencm3/lib/libopencm3_stm32f3.a(rcc_common_all.o)
 .debug_info    0x000075de      0x2f0 ../libopencm3/lib/libopencm3_stm32f3.a(vector.o)
 .debug_info    0x000078ce      0x232 ../libopencm3/lib/libopencm3_stm32f3.a(systick.o)
 .debug_info    0x00007b00      0x21b ../libopencm3/lib/libopencm3_stm32f3.a(nvic.o)

.debug_abbrev   0x00000000     0x1877
 .debug_abbrev  0x00000000      0x1c9 /home/aghosh01/TARS_codebase/flight_software/source/timekeeping/mission_timekeeper.o
 .debug_abbrev  0x000001c9      0x28e /home/aghosh01/TARS_codebase/flight_software/source/newlib_stubs/newlib_stubs.o
 .debug_abbrev  0x00000457      0x15c /home/aghosh01/TARS_codebase/flight_software/source/vehicle_firmware_hal/QuadRotor_PWM_hal.o
 .debug_abbrev  0x000005b3      0x1ab /home/aghosh01/TARS_codebase/flight_software/source/rpi_comms/rpi_comms.o
 .debug_abbrev  0x0000075e      0x118 /home/aghosh01/TARS_codebase/flight_software/source/interrupts/interrupts.o
 .debug_abbrev  0x00000876      0x3b8 testbed_sw_app_main.o
 .debug_abbrev  0x00000c2e      0x2bc ../libopencm3/lib/libopencm3_stm32f3.a(rcc.o)
 .debug_abbrev  0x00000eea       0xb9 ../libopencm3/lib/libopencm3_stm32f3.a(usart.o)
 .debug_abbrev  0x00000fa3      0x110 ../libopencm3/lib/libopencm3_stm32f3.a(gpio_common_all.o)
 .debug_abbrev  0x000010b3       0xb9 ../libopencm3/lib/libopencm3_stm32f3.a(gpio_common_f0234.o)
 .debug_abbrev  0x0000116c      0x147 ../libopencm3/lib/libopencm3_stm32f3.a(usart_common_all.o)
 .debug_abbrev  0x000012b3      0x169 ../libopencm3/lib/libopencm3_stm32f3.a(timer_common_all.o)
 .debug_abbrev  0x0000141c       0x8c ../libopencm3/lib/libopencm3_stm32f3.a(flash_common_f234.o)
 .debug_abbrev  0x000014a8       0xc3 ../libopencm3/lib/libopencm3_stm32f3.a(rcc_common_all.o)
 .debug_abbrev  0x0000156b      0x13c ../libopencm3/lib/libopencm3_stm32f3.a(vector.o)
 .debug_abbrev  0x000016a7      0x128 ../libopencm3/lib/libopencm3_stm32f3.a(systick.o)
 .debug_abbrev  0x000017cf       0xa8 ../libopencm3/lib/libopencm3_stm32f3.a(nvic.o)

.debug_loc      0x00000000     0x3121
 .debug_loc     0x00000000      0x15f /home/aghosh01/TARS_codebase/flight_software/source/timekeeping/mission_timekeeper.o
 .debug_loc     0x0000015f      0x422 /home/aghosh01/TARS_codebase/flight_software/source/newlib_stubs/newlib_stubs.o
 .debug_loc     0x00000581      0x6f0 /home/aghosh01/TARS_codebase/flight_software/source/vehicle_firmware_hal/QuadRotor_PWM_hal.o
 .debug_loc     0x00000c71      0x1ab /home/aghosh01/TARS_codebase/flight_software/source/rpi_comms/rpi_comms.o
 .debug_loc     0x00000e1c       0x93 /home/aghosh01/TARS_codebase/flight_software/source/interrupts/interrupts.o
 .debug_loc     0x00000eaf      0x68e testbed_sw_app_main.o
 .debug_loc     0x0000153d      0x642 ../libopencm3/lib/libopencm3_stm32f3.a(rcc.o)
 .debug_loc     0x00001b7f       0xd4 ../libopencm3/lib/libopencm3_stm32f3.a(usart.o)
 .debug_loc     0x00001c53       0x97 ../libopencm3/lib/libopencm3_stm32f3.a(gpio_common_all.o)
 .debug_loc     0x00001cea       0xe7 ../libopencm3/lib/libopencm3_stm32f3.a(gpio_common_f0234.o)
 .debug_loc     0x00001dd1      0x1d8 ../libopencm3/lib/libopencm3_stm32f3.a(usart_common_all.o)
 .debug_loc     0x00001fa9      0xcc4 ../libopencm3/lib/libopencm3_stm32f3.a(timer_common_all.o)
 .debug_loc     0x00002c6d       0x4a ../libopencm3/lib/libopencm3_stm32f3.a(flash_common_f234.o)
 .debug_loc     0x00002cb7      0x14a ../libopencm3/lib/libopencm3_stm32f3.a(rcc_common_all.o)
 .debug_loc     0x00002e01       0xcb ../libopencm3/lib/libopencm3_stm32f3.a(vector.o)
 .debug_loc     0x00002ecc      0x113 ../libopencm3/lib/libopencm3_stm32f3.a(systick.o)
 .debug_loc     0x00002fdf      0x142 ../libopencm3/lib/libopencm3_stm32f3.a(nvic.o)

.debug_aranges  0x00000000      0x970
 .debug_aranges
                0x00000000       0x58 /home/aghosh01/TARS_codebase/flight_software/source/timekeeping/mission_timekeeper.o
 .debug_aranges
                0x00000058       0xa0 /home/aghosh01/TARS_codebase/flight_software/source/newlib_stubs/newlib_stubs.o
 .debug_aranges
                0x000000f8       0xe0 /home/aghosh01/TARS_codebase/flight_software/source/vehicle_firmware_hal/QuadRotor_PWM_hal.o
 .debug_aranges
                0x000001d8       0x40 /home/aghosh01/TARS_codebase/flight_software/source/rpi_comms/rpi_comms.o
 .debug_aranges
                0x00000218       0x48 /home/aghosh01/TARS_codebase/flight_software/source/interrupts/interrupts.o
 .debug_aranges
                0x00000260       0x58 testbed_sw_app_main.o
 .debug_aranges
                0x000002b8      0x100 ../libopencm3/lib/libopencm3_stm32f3.a(rcc.o)
 .debug_aranges
                0x000003b8       0x48 ../libopencm3/lib/libopencm3_stm32f3.a(usart.o)
 .debug_aranges
                0x00000400       0x50 ../libopencm3/lib/libopencm3_stm32f3.a(gpio_common_all.o)
 .debug_aranges
                0x00000450       0x30 ../libopencm3/lib/libopencm3_stm32f3.a(gpio_common_f0234.o)
 .debug_aranges
                0x00000480       0xb8 ../libopencm3/lib/libopencm3_stm32f3.a(usart_common_all.o)
 .debug_aranges
                0x00000538      0x278 ../libopencm3/lib/libopencm3_stm32f3.a(timer_common_all.o)
 .debug_aranges
                0x000007b0       0x50 ../libopencm3/lib/libopencm3_stm32f3.a(flash_common_f234.o)
 .debug_aranges
                0x00000800       0x68 ../libopencm3/lib/libopencm3_stm32f3.a(rcc_common_all.o)
 .debug_aranges
                0x00000868       0x30 ../libopencm3/lib/libopencm3_stm32f3.a(vector.o)
 .debug_aranges
                0x00000898       0x78 ../libopencm3/lib/libopencm3_stm32f3.a(systick.o)
 .debug_aranges
                0x00000910       0x60 ../libopencm3/lib/libopencm3_stm32f3.a(nvic.o)

.debug_ranges   0x00000000      0x9a0
 .debug_ranges  0x00000000       0x48 /home/aghosh01/TARS_codebase/flight_software/source/timekeeping/mission_timekeeper.o
 .debug_ranges  0x00000048       0x90 /home/aghosh01/TARS_codebase/flight_software/source/newlib_stubs/newlib_stubs.o
 .debug_ranges  0x000000d8      0x108 /home/aghosh01/TARS_codebase/flight_software/source/vehicle_firmware_hal/QuadRotor_PWM_hal.o
 .debug_ranges  0x000001e0       0x60 /home/aghosh01/TARS_codebase/flight_software/source/rpi_comms/rpi_comms.o
 .debug_ranges  0x00000240       0x38 /home/aghosh01/TARS_codebase/flight_software/source/interrupts/interrupts.o
 .debug_ranges  0x00000278      0x120 testbed_sw_app_main.o
 .debug_ranges  0x00000398       0xf0 ../libopencm3/lib/libopencm3_stm32f3.a(rcc.o)
 .debug_ranges  0x00000488       0x38 ../libopencm3/lib/libopencm3_stm32f3.a(usart.o)
 .debug_ranges  0x000004c0       0x40 ../libopencm3/lib/libopencm3_stm32f3.a(gpio_common_all.o)
 .debug_ranges  0x00000500       0x20 ../libopencm3/lib/libopencm3_stm32f3.a(gpio_common_f0234.o)
 .debug_ranges  0x00000520       0xa8 ../libopencm3/lib/libopencm3_stm32f3.a(usart_common_all.o)
 .debug_ranges  0x000005c8      0x268 ../libopencm3/lib/libopencm3_stm32f3.a(timer_common_all.o)
 .debug_ranges  0x00000830       0x40 ../libopencm3/lib/libopencm3_stm32f3.a(flash_common_f234.o)
 .debug_ranges  0x00000870       0x58 ../libopencm3/lib/libopencm3_stm32f3.a(rcc_common_all.o)
 .debug_ranges  0x000008c8       0x20 ../libopencm3/lib/libopencm3_stm32f3.a(vector.o)
 .debug_ranges  0x000008e8       0x68 ../libopencm3/lib/libopencm3_stm32f3.a(systick.o)
 .debug_ranges  0x00000950       0x50 ../libopencm3/lib/libopencm3_stm32f3.a(nvic.o)

.debug_line     0x00000000     0x3bab
 .debug_line    0x00000000      0x320 /home/aghosh01/TARS_codebase/flight_software/source/timekeeping/mission_timekeeper.o
 .debug_line    0x00000320      0x388 /home/aghosh01/TARS_codebase/flight_software/source/newlib_stubs/newlib_stubs.o
 .debug_line    0x000006a8      0x419 /home/aghosh01/TARS_codebase/flight_software/source/vehicle_firmware_hal/QuadRotor_PWM_hal.o
 .debug_line    0x00000ac1      0x1fb /home/aghosh01/TARS_codebase/flight_software/source/rpi_comms/rpi_comms.o
 .debug_line    0x00000cbc      0x276 /home/aghosh01/TARS_codebase/flight_software/source/interrupts/interrupts.o
 .debug_line    0x00000f32      0x5df testbed_sw_app_main.o
 .debug_line    0x00001511      0x4ce ../libopencm3/lib/libopencm3_stm32f3.a(rcc.o)
 .debug_line    0x000019df      0x28e ../libopencm3/lib/libopencm3_stm32f3.a(usart.o)
 .debug_line    0x00001c6d      0x2b1 ../libopencm3/lib/libopencm3_stm32f3.a(gpio_common_all.o)
 .debug_line    0x00001f1e      0x2ac ../libopencm3/lib/libopencm3_stm32f3.a(gpio_common_f0234.o)
 .debug_line    0x000021ca      0x3ba ../libopencm3/lib/libopencm3_stm32f3.a(usart_common_all.o)
 .debug_line    0x00002584      0x938 ../libopencm3/lib/libopencm3_stm32f3.a(timer_common_all.o)
 .debug_line    0x00002ebc      0x2a5 ../libopencm3/lib/libopencm3_stm32f3.a(flash_common_f234.o)
 .debug_line    0x00003161      0x2c0 ../libopencm3/lib/libopencm3_stm32f3.a(rcc_common_all.o)
 .debug_line    0x00003421      0x2d4 ../libopencm3/lib/libopencm3_stm32f3.a(vector.o)
 .debug_line    0x000036f5      0x24e ../libopencm3/lib/libopencm3_stm32f3.a(systick.o)
 .debug_line    0x00003943      0x268 ../libopencm3/lib/libopencm3_stm32f3.a(nvic.o)

.debug_str      0x00000000    0x134d2
 .debug_str     0x00000000      0x2c6 /home/aghosh01/TARS_codebase/flight_software/source/timekeeping/mission_timekeeper.o
                                0x395 (size before relaxing)
 .debug_str     0x000002c6      0x224 /home/aghosh01/TARS_codebase/flight_software/source/newlib_stubs/newlib_stubs.o
                                0x3cc (size before relaxing)
 .debug_str     0x000004ea      0x72c /home/aghosh01/TARS_codebase/flight_software/source/vehicle_firmware_hal/QuadRotor_PWM_hal.o
                                0x83c (size before relaxing)
 .debug_str     0x00000c16      0x25b /home/aghosh01/TARS_codebase/flight_software/source/rpi_comms/rpi_comms.o
                                0x37f (size before relaxing)
 .debug_str     0x00000e71      0x105 /home/aghosh01/TARS_codebase/flight_software/source/interrupts/interrupts.o
                                0x2ae (size before relaxing)
 .debug_str     0x00000f76      0x64a testbed_sw_app_main.o
                                0xcff (size before relaxing)
 .debug_str     0x000015c0     0x7139 ../libopencm3/lib/libopencm3_stm32f3.a(rcc.o)
                               0x72fb (size before relaxing)
 .debug_str     0x000086f9     0x19a5 ../libopencm3/lib/libopencm3_stm32f3.a(usart.o)
                               0x544f (size before relaxing)
 .debug_str     0x0000a09e      0xdc6 ../libopencm3/lib/libopencm3_stm32f3.a(gpio_common_all.o)
                               0x4872 (size before relaxing)
 .debug_str     0x0000ae64       0x5b ../libopencm3/lib/libopencm3_stm32f3.a(gpio_common_f0234.o)
                               0x486f (size before relaxing)
 .debug_str     0x0000aebf      0x119 ../libopencm3/lib/libopencm3_stm32f3.a(usart_common_all.o)
                               0x7508 (size before relaxing)
 .debug_str     0x0000afd8     0x4d05 ../libopencm3/lib/libopencm3_stm32f3.a(timer_common_all.o)
                               0xa8a6 (size before relaxing)
 .debug_str     0x0000fcdd       0x96 ../libopencm3/lib/libopencm3_stm32f3.a(flash_common_f234.o)
                               0x3fdc (size before relaxing)
 .debug_str     0x0000fd73      0x13b ../libopencm3/lib/libopencm3_stm32f3.a(rcc_common_all.o)
                               0x5ec4 (size before relaxing)
 .debug_str     0x0000feae     0x2956 ../libopencm3/lib/libopencm3_stm32f3.a(vector.o)
                               0x59c6 (size before relaxing)
 .debug_str     0x00012804      0x2f0 ../libopencm3/lib/libopencm3_stm32f3.a(systick.o)
                               0x33a0 (size before relaxing)
 .debug_str     0x00012af4      0x9de ../libopencm3/lib/libopencm3_stm32f3.a(nvic.o)
                               0x43d8 (size before relaxing)

.comment        0x00000000       0x70
 .comment       0x00000000       0x70 /home/aghosh01/TARS_codebase/flight_software/source/timekeeping/mission_timekeeper.o
                                 0x71 (size before relaxing)
 .comment       0x00000000       0x71 /home/aghosh01/TARS_codebase/flight_software/source/newlib_stubs/newlib_stubs.o
 .comment       0x00000000       0x71 /home/aghosh01/TARS_codebase/flight_software/source/vehicle_firmware_hal/QuadRotor_PWM_hal.o
 .comment       0x00000000       0x71 /home/aghosh01/TARS_codebase/flight_software/source/rpi_comms/rpi_comms.o
 .comment       0x00000000       0x71 /home/aghosh01/TARS_codebase/flight_software/source/interrupts/interrupts.o
 .comment       0x00000000       0x71 testbed_sw_app_main.o
 .comment       0x00000000       0x71 ../libopencm3/lib/libopencm3_stm32f3.a(rcc.o)
 .comment       0x00000000       0x71 ../libopencm3/lib/libopencm3_stm32f3.a(usart.o)
 .comment       0x00000000       0x71 ../libopencm3/lib/libopencm3_stm32f3.a(gpio_common_all.o)
 .comment       0x00000000       0x71 ../libopencm3/lib/libopencm3_stm32f3.a(gpio_common_f0234.o)
 .comment       0x00000000       0x71 ../libopencm3/lib/libopencm3_stm32f3.a(usart_common_all.o)
 .comment       0x00000000       0x71 ../libopencm3/lib/libopencm3_stm32f3.a(timer_common_all.o)
 .comment       0x00000000       0x71 ../libopencm3/lib/libopencm3_stm32f3.a(flash_common_f234.o)
 .comment       0x00000000       0x71 ../libopencm3/lib/libopencm3_stm32f3.a(rcc_common_all.o)
 .comment       0x00000000       0x71 ../libopencm3/lib/libopencm3_stm32f3.a(vector.o)
 .comment       0x00000000       0x71 ../libopencm3/lib/libopencm3_stm32f3.a(systick.o)
 .comment       0x00000000       0x71 ../libopencm3/lib/libopencm3_stm32f3.a(nvic.o)

.ARM.attributes
                0x00000000       0x3b
 .ARM.attributes
                0x00000000       0x3b /home/aghosh01/TARS_codebase/flight_software/source/timekeeping/mission_timekeeper.o
 .ARM.attributes
                0x0000003b       0x3b /home/aghosh01/TARS_codebase/flight_software/source/newlib_stubs/newlib_stubs.o
 .ARM.attributes
                0x00000076       0x3b /home/aghosh01/TARS_codebase/flight_software/source/vehicle_firmware_hal/QuadRotor_PWM_hal.o
 .ARM.attributes
                0x000000b1       0x3b /home/aghosh01/TARS_codebase/flight_software/source/rpi_comms/rpi_comms.o
 .ARM.attributes
                0x000000ec       0x3b /home/aghosh01/TARS_codebase/flight_software/source/interrupts/interrupts.o
 .ARM.attributes
                0x00000127       0x3b testbed_sw_app_main.o
 .ARM.attributes
                0x00000162       0x3b ../libopencm3/lib/libopencm3_stm32f3.a(rcc.o)
 .ARM.attributes
                0x0000019d       0x3b ../libopencm3/lib/libopencm3_stm32f3.a(usart.o)
 .ARM.attributes
                0x000001d8       0x3b ../libopencm3/lib/libopencm3_stm32f3.a(gpio_common_all.o)
 .ARM.attributes
                0x00000213       0x3b ../libopencm3/lib/libopencm3_stm32f3.a(gpio_common_f0234.o)
 .ARM.attributes
                0x0000024e       0x3b ../libopencm3/lib/libopencm3_stm32f3.a(usart_common_all.o)
 .ARM.attributes
                0x00000289       0x3b ../libopencm3/lib/libopencm3_stm32f3.a(timer_common_all.o)
 .ARM.attributes
                0x000002c4       0x3b ../libopencm3/lib/libopencm3_stm32f3.a(flash_common_f234.o)
 .ARM.attributes
                0x000002ff       0x3b ../libopencm3/lib/libopencm3_stm32f3.a(rcc_common_all.o)
 .ARM.attributes
                0x0000033a       0x3b ../libopencm3/lib/libopencm3_stm32f3.a(vector.o)
 .ARM.attributes
                0x00000375       0x3b ../libopencm3/lib/libopencm3_stm32f3.a(systick.o)
 .ARM.attributes
                0x000003b0       0x3b ../libopencm3/lib/libopencm3_stm32f3.a(nvic.o)
 .ARM.attributes
                0x000003eb       0x36 /home/aghosh01/gcc-arm-none-eabi-4_7-2012q4/bin/../lib/gcc/arm-none-eabi/4.7.3/../../../../arm-none-eabi/lib/armv7e-m/fpu/libc.a(lib_a-impure.o)
 .ARM.attributes
                0x00000421       0x36 /home/aghosh01/gcc-arm-none-eabi-4_7-2012q4/bin/../lib/gcc/arm-none-eabi/4.7.3/../../../../arm-none-eabi/lib/armv7e-m/fpu/libc.a(lib_a-malloc.o)
 .ARM.attributes
                0x00000457       0x36 /home/aghosh01/gcc-arm-none-eabi-4_7-2012q4/bin/../lib/gcc/arm-none-eabi/4.7.3/../../../../arm-none-eabi/lib/armv7e-m/fpu/libc.a(lib_a-mallocr.o)
 .ARM.attributes
                0x0000048d       0x36 /home/aghosh01/gcc-arm-none-eabi-4_7-2012q4/bin/../lib/gcc/arm-none-eabi/4.7.3/../../../../arm-none-eabi/lib/armv7e-m/fpu/libc.a(lib_a-mlock.o)
 .ARM.attributes
                0x000004c3       0x36 /home/aghosh01/gcc-arm-none-eabi-4_7-2012q4/bin/../lib/gcc/arm-none-eabi/4.7.3/../../../../arm-none-eabi/lib/armv7e-m/fpu/libc.a(lib_a-printf.o)
 .ARM.attributes
                0x000004f9       0x36 /home/aghosh01/gcc-arm-none-eabi-4_7-2012q4/bin/../lib/gcc/arm-none-eabi/4.7.3/../../../../arm-none-eabi/lib/armv7e-m/fpu/libc.a(lib_a-puts.o)
 .ARM.attributes
                0x0000052f       0x36 /home/aghosh01/gcc-arm-none-eabi-4_7-2012q4/bin/../lib/gcc/arm-none-eabi/4.7.3/../../../../arm-none-eabi/lib/armv7e-m/fpu/libc.a(lib_a-reent.o)
 .ARM.attributes
                0x00000565       0x36 /home/aghosh01/gcc-arm-none-eabi-4_7-2012q4/bin/../lib/gcc/arm-none-eabi/4.7.3/../../../../arm-none-eabi/lib/armv7e-m/fpu/libc.a(lib_a-sbrkr.o)
 .ARM.attributes
                0x0000059b       0x36 /home/aghosh01/gcc-arm-none-eabi-4_7-2012q4/bin/../lib/gcc/arm-none-eabi/4.7.3/../../../../arm-none-eabi/lib/armv7e-m/fpu/libc.a(lib_a-setvbuf.o)
 .ARM.attributes
                0x000005d1       0x36 /home/aghosh01/gcc-arm-none-eabi-4_7-2012q4/bin/../lib/gcc/arm-none-eabi/4.7.3/../../../../arm-none-eabi/lib/armv7e-m/fpu/libc.a(lib_a-strlen.o)
 .ARM.attributes
                0x00000607       0x36 /home/aghosh01/gcc-arm-none-eabi-4_7-2012q4/bin/../lib/gcc/arm-none-eabi/4.7.3/../../../../arm-none-eabi/lib/armv7e-m/fpu/libc.a(lib_a-vfprintf.o)
 .ARM.attributes
                0x0000063d       0x36 /home/aghosh01/gcc-arm-none-eabi-4_7-2012q4/bin/../lib/gcc/arm-none-eabi/4.7.3/../../../../arm-none-eabi/lib/armv7e-m/fpu/libc.a(lib_a-wsetup.o)
 .ARM.attributes
                0x00000673       0x36 /home/aghosh01/gcc-arm-none-eabi-4_7-2012q4/bin/../lib/gcc/arm-none-eabi/4.7.3/../../../../arm-none-eabi/lib/armv7e-m/fpu/libc.a(lib_a-dtoa.o)
 .ARM.attributes
                0x000006a9       0x36 /home/aghosh01/gcc-arm-none-eabi-4_7-2012q4/bin/../lib/gcc/arm-none-eabi/4.7.3/../../../../arm-none-eabi/lib/armv7e-m/fpu/libc.a(lib_a-fflush.o)
 .ARM.attributes
                0x000006df       0x36 /home/aghosh01/gcc-arm-none-eabi-4_7-2012q4/bin/../lib/gcc/arm-none-eabi/4.7.3/../../../../arm-none-eabi/lib/armv7e-m/fpu/libc.a(lib_a-findfp.o)
 .ARM.attributes
                0x00000715       0x36 /home/aghosh01/gcc-arm-none-eabi-4_7-2012q4/bin/../lib/gcc/arm-none-eabi/4.7.3/../../../../arm-none-eabi/lib/armv7e-m/fpu/libc.a(lib_a-freer.o)
 .ARM.attributes
                0x0000074b       0x36 /home/aghosh01/gcc-arm-none-eabi-4_7-2012q4/bin/../lib/gcc/arm-none-eabi/4.7.3/../../../../arm-none-eabi/lib/armv7e-m/fpu/libc.a(lib_a-fvwrite.o)
 .ARM.attributes
                0x00000781       0x36 /home/aghosh01/gcc-arm-none-eabi-4_7-2012q4/bin/../lib/gcc/arm-none-eabi/4.7.3/../../../../arm-none-eabi/lib/armv7e-m/fpu/libc.a(lib_a-fwalk.o)
 .ARM.attributes
                0x000007b7       0x36 /home/aghosh01/gcc-arm-none-eabi-4_7-2012q4/bin/../lib/gcc/arm-none-eabi/4.7.3/../../../../arm-none-eabi/lib/armv7e-m/fpu/libc.a(lib_a-locale.o)
 .ARM.attributes
                0x000007ed       0x36 /home/aghosh01/gcc-arm-none-eabi-4_7-2012q4/bin/../lib/gcc/arm-none-eabi/4.7.3/../../../../arm-none-eabi/lib/armv7e-m/fpu/libc.a(lib_a-makebuf.o)
 .ARM.attributes
                0x00000823       0x36 /home/aghosh01/gcc-arm-none-eabi-4_7-2012q4/bin/../lib/gcc/arm-none-eabi/4.7.3/../../../../arm-none-eabi/lib/armv7e-m/fpu/libc.a(lib_a-memchr.o)
 .ARM.attributes
                0x00000859       0x36 /home/aghosh01/gcc-arm-none-eabi-4_7-2012q4/bin/../lib/gcc/arm-none-eabi/4.7.3/../../../../arm-none-eabi/lib/armv7e-m/fpu/libc.a(lib_a-memcpy.o)
 .ARM.attributes
                0x0000088f       0x36 /home/aghosh01/gcc-arm-none-eabi-4_7-2012q4/bin/../lib/gcc/arm-none-eabi/4.7.3/../../../../arm-none-eabi/lib/armv7e-m/fpu/libc.a(lib_a-memmove.o)
 .ARM.attributes
                0x000008c5       0x36 /home/aghosh01/gcc-arm-none-eabi-4_7-2012q4/bin/../lib/gcc/arm-none-eabi/4.7.3/../../../../arm-none-eabi/lib/armv7e-m/fpu/libc.a(lib_a-memset.o)
 .ARM.attributes
                0x000008fb       0x36 /home/aghosh01/gcc-arm-none-eabi-4_7-2012q4/bin/../lib/gcc/arm-none-eabi/4.7.3/../../../../arm-none-eabi/lib/armv7e-m/fpu/libc.a(lib_a-mprec.o)
 .ARM.attributes
                0x00000931       0x36 /home/aghosh01/gcc-arm-none-eabi-4_7-2012q4/bin/../lib/gcc/arm-none-eabi/4.7.3/../../../../arm-none-eabi/lib/armv7e-m/fpu/libc.a(lib_a-reallocr.o)
 .ARM.attributes
                0x00000967       0x36 /home/aghosh01/gcc-arm-none-eabi-4_7-2012q4/bin/../lib/gcc/arm-none-eabi/4.7.3/../../../../arm-none-eabi/lib/armv7e-m/fpu/libc.a(lib_a-s_fpclassify.o)
 .ARM.attributes
                0x0000099d       0x36 /home/aghosh01/gcc-arm-none-eabi-4_7-2012q4/bin/../lib/gcc/arm-none-eabi/4.7.3/../../../../arm-none-eabi/lib/armv7e-m/fpu/libc.a(lib_a-stdio.o)
 .ARM.attributes
                0x000009d3       0x36 /home/aghosh01/gcc-arm-none-eabi-4_7-2012q4/bin/../lib/gcc/arm-none-eabi/4.7.3/../../../../arm-none-eabi/lib/armv7e-m/fpu/libc.a(lib_a-vfiprintf.o)
 .ARM.attributes
                0x00000a09       0x36 /home/aghosh01/gcc-arm-none-eabi-4_7-2012q4/bin/../lib/gcc/arm-none-eabi/4.7.3/../../../../arm-none-eabi/lib/armv7e-m/fpu/libc.a(lib_a-writer.o)
 .ARM.attributes
                0x00000a3f       0x36 /home/aghosh01/gcc-arm-none-eabi-4_7-2012q4/bin/../lib/gcc/arm-none-eabi/4.7.3/../../../../arm-none-eabi/lib/armv7e-m/fpu/libc.a(lib_a-callocr.o)
 .ARM.attributes
                0x00000a75       0x36 /home/aghosh01/gcc-arm-none-eabi-4_7-2012q4/bin/../lib/gcc/arm-none-eabi/4.7.3/../../../../arm-none-eabi/lib/armv7e-m/fpu/libc.a(lib_a-closer.o)
 .ARM.attributes
                0x00000aab       0x36 /home/aghosh01/gcc-arm-none-eabi-4_7-2012q4/bin/../lib/gcc/arm-none-eabi/4.7.3/../../../../arm-none-eabi/lib/armv7e-m/fpu/libc.a(lib_a-fclose.o)
 .ARM.attributes
                0x00000ae1       0x36 /home/aghosh01/gcc-arm-none-eabi-4_7-2012q4/bin/../lib/gcc/arm-none-eabi/4.7.3/../../../../arm-none-eabi/lib/armv7e-m/fpu/libc.a(lib_a-fputwc.o)
 .ARM.attributes
                0x00000b17       0x36 /home/aghosh01/gcc-arm-none-eabi-4_7-2012q4/bin/../lib/gcc/arm-none-eabi/4.7.3/../../../../arm-none-eabi/lib/armv7e-m/fpu/libc.a(lib_a-fstatr.o)
 .ARM.attributes
                0x00000b4d       0x36 /home/aghosh01/gcc-arm-none-eabi-4_7-2012q4/bin/../lib/gcc/arm-none-eabi/4.7.3/../../../../arm-none-eabi/lib/armv7e-m/fpu/libc.a(lib_a-isattyr.o)
 .ARM.attributes
                0x00000b83       0x36 /home/aghosh01/gcc-arm-none-eabi-4_7-2012q4/bin/../lib/gcc/arm-none-eabi/4.7.3/../../../../arm-none-eabi/lib/armv7e-m/fpu/libc.a(lib_a-lseekr.o)
 .ARM.attributes
                0x00000bb9       0x36 /home/aghosh01/gcc-arm-none-eabi-4_7-2012q4/bin/../lib/gcc/arm-none-eabi/4.7.3/../../../../arm-none-eabi/lib/armv7e-m/fpu/libc.a(lib_a-readr.o)
 .ARM.attributes
                0x00000bef       0x36 /home/aghosh01/gcc-arm-none-eabi-4_7-2012q4/bin/../lib/gcc/arm-none-eabi/4.7.3/../../../../arm-none-eabi/lib/armv7e-m/fpu/libc.a(lib_a-wbuf.o)
 .ARM.attributes
                0x00000c25       0x36 /home/aghosh01/gcc-arm-none-eabi-4_7-2012q4/bin/../lib/gcc/arm-none-eabi/4.7.3/../../../../arm-none-eabi/lib/armv7e-m/fpu/libc.a(lib_a-wcrtomb.o)
 .ARM.attributes
                0x00000c5b       0x36 /home/aghosh01/gcc-arm-none-eabi-4_7-2012q4/bin/../lib/gcc/arm-none-eabi/4.7.3/../../../../arm-none-eabi/lib/armv7e-m/fpu/libc.a(lib_a-wctomb_r.o)
 .ARM.attributes
                0x00000c91       0x24 /home/aghosh01/gcc-arm-none-eabi-4_7-2012q4/bin/../lib/gcc/arm-none-eabi/4.7.3/armv7e-m/fpu/libgcc.a(_arm_addsubdf3.o)
 .ARM.attributes
                0x00000cb5       0x24 /home/aghosh01/gcc-arm-none-eabi-4_7-2012q4/bin/../lib/gcc/arm-none-eabi/4.7.3/armv7e-m/fpu/libgcc.a(_arm_muldivdf3.o)
 .ARM.attributes
                0x00000cd9       0x24 /home/aghosh01/gcc-arm-none-eabi-4_7-2012q4/bin/../lib/gcc/arm-none-eabi/4.7.3/armv7e-m/fpu/libgcc.a(_arm_cmpdf2.o)
 .ARM.attributes
                0x00000cfd       0x24 /home/aghosh01/gcc-arm-none-eabi-4_7-2012q4/bin/../lib/gcc/arm-none-eabi/4.7.3/armv7e-m/fpu/libgcc.a(_arm_fixdfsi.o)
 .ARM.attributes
                0x00000d21       0x24 /home/aghosh01/gcc-arm-none-eabi-4_7-2012q4/bin/../lib/gcc/arm-none-eabi/4.7.3/armv7e-m/fpu/libgcc.a(_aeabi_uldivmod.o)
 .ARM.attributes
                0x00000d45       0x36 /home/aghosh01/gcc-arm-none-eabi-4_7-2012q4/bin/../lib/gcc/arm-none-eabi/4.7.3/armv7e-m/fpu/libgcc.a(bpabi.o)
 .ARM.attributes
                0x00000d7b       0x24 /home/aghosh01/gcc-arm-none-eabi-4_7-2012q4/bin/../lib/gcc/arm-none-eabi/4.7.3/armv7e-m/fpu/libgcc.a(_dvmd_tls.o)
 .ARM.attributes
                0x00000d9f       0x36 /home/aghosh01/gcc-arm-none-eabi-4_7-2012q4/bin/../lib/gcc/arm-none-eabi/4.7.3/armv7e-m/fpu/libgcc.a(_divdi3.o)
 .ARM.attributes
                0x00000dd5       0x36 /home/aghosh01/gcc-arm-none-eabi-4_7-2012q4/bin/../lib/gcc/arm-none-eabi/4.7.3/armv7e-m/fpu/libgcc.a(_udivdi3.o)
 .ARM.attributes
                0x00000e0b       0x36 /home/aghosh01/gcc-arm-none-eabi-4_7-2012q4/bin/../lib/gcc/arm-none-eabi/4.7.3/../../../../arm-none-eabi/lib/armv7e-m/fpu/libnosys.a(open.o)

.debug_frame    0x00000000     0x2024
 .debug_frame   0x00000000       0xa8 /home/aghosh01/TARS_codebase/flight_software/source/timekeeping/mission_timekeeper.o
 .debug_frame   0x000000a8      0x148 /home/aghosh01/TARS_codebase/flight_software/source/newlib_stubs/newlib_stubs.o
 .debug_frame   0x000001f0      0x228 /home/aghosh01/TARS_codebase/flight_software/source/vehicle_firmware_hal/QuadRotor_PWM_hal.o
 .debug_frame   0x00000418       0x74 /home/aghosh01/TARS_codebase/flight_software/source/rpi_comms/rpi_comms.o
 .debug_frame   0x0000048c       0x90 /home/aghosh01/TARS_codebase/flight_software/source/interrupts/interrupts.o
 .debug_frame   0x0000051c       0xcc testbed_sw_app_main.o
 .debug_frame   0x000005e8      0x1f0 ../libopencm3/lib/libopencm3_stm32f3.a(rcc.o)
 .debug_frame   0x000007d8       0x70 ../libopencm3/lib/libopencm3_stm32f3.a(usart.o)
 .debug_frame   0x00000848       0x80 ../libopencm3/lib/libopencm3_stm32f3.a(gpio_common_all.o)
 .debug_frame   0x000008c8       0x6c ../libopencm3/lib/libopencm3_stm32f3.a(gpio_common_f0234.o)
 .debug_frame   0x00000934      0x164 ../libopencm3/lib/libopencm3_stm32f3.a(usart_common_all.o)
 .debug_frame   0x00000a98      0x4d8 ../libopencm3/lib/libopencm3_stm32f3.a(timer_common_all.o)
 .debug_frame   0x00000f70       0x80 ../libopencm3/lib/libopencm3_stm32f3.a(flash_common_f234.o)
 .debug_frame   0x00000ff0       0xb0 ../libopencm3/lib/libopencm3_stm32f3.a(rcc_common_all.o)
 .debug_frame   0x000010a0       0x40 ../libopencm3/lib/libopencm3_stm32f3.a(vector.o)
 .debug_frame   0x000010e0       0xd8 ../libopencm3/lib/libopencm3_stm32f3.a(systick.o)
 .debug_frame   0x000011b8       0xa0 ../libopencm3/lib/libopencm3_stm32f3.a(nvic.o)
 .debug_frame   0x00001258       0x30 /home/aghosh01/gcc-arm-none-eabi-4_7-2012q4/bin/../lib/gcc/arm-none-eabi/4.7.3/../../../../arm-none-eabi/lib/armv7e-m/fpu/libc.a(lib_a-malloc.o)
 .debug_frame   0x00001288       0x38 /home/aghosh01/gcc-arm-none-eabi-4_7-2012q4/bin/../lib/gcc/arm-none-eabi/4.7.3/../../../../arm-none-eabi/lib/armv7e-m/fpu/libc.a(lib_a-mallocr.o)
 .debug_frame   0x000012c0       0x30 /home/aghosh01/gcc-arm-none-eabi-4_7-2012q4/bin/../lib/gcc/arm-none-eabi/4.7.3/../../../../arm-none-eabi/lib/armv7e-m/fpu/libc.a(lib_a-mlock.o)
 .debug_frame   0x000012f0       0x58 /home/aghosh01/gcc-arm-none-eabi-4_7-2012q4/bin/../lib/gcc/arm-none-eabi/4.7.3/../../../../arm-none-eabi/lib/armv7e-m/fpu/libc.a(lib_a-printf.o)
 .debug_frame   0x00001348       0x3c /home/aghosh01/gcc-arm-none-eabi-4_7-2012q4/bin/../lib/gcc/arm-none-eabi/4.7.3/../../../../arm-none-eabi/lib/armv7e-m/fpu/libc.a(lib_a-puts.o)
 .debug_frame   0x00001384       0x6c /home/aghosh01/gcc-arm-none-eabi-4_7-2012q4/bin/../lib/gcc/arm-none-eabi/4.7.3/../../../../arm-none-eabi/lib/armv7e-m/fpu/libc.a(lib_a-reent.o)
 .debug_frame   0x000013f0       0x2c /home/aghosh01/gcc-arm-none-eabi-4_7-2012q4/bin/../lib/gcc/arm-none-eabi/4.7.3/../../../../arm-none-eabi/lib/armv7e-m/fpu/libc.a(lib_a-sbrkr.o)
 .debug_frame   0x0000141c       0x34 /home/aghosh01/gcc-arm-none-eabi-4_7-2012q4/bin/../lib/gcc/arm-none-eabi/4.7.3/../../../../arm-none-eabi/lib/armv7e-m/fpu/libc.a(lib_a-setvbuf.o)
 .debug_frame   0x00001450       0x20 /home/aghosh01/gcc-arm-none-eabi-4_7-2012q4/bin/../lib/gcc/arm-none-eabi/4.7.3/../../../../arm-none-eabi/lib/armv7e-m/fpu/libc.a(lib_a-strlen.o)
 .debug_frame   0x00001470       0x58 /home/aghosh01/gcc-arm-none-eabi-4_7-2012q4/bin/../lib/gcc/arm-none-eabi/4.7.3/../../../../arm-none-eabi/lib/armv7e-m/fpu/libc.a(lib_a-vfprintf.o)
 .debug_frame   0x000014c8       0x2c /home/aghosh01/gcc-arm-none-eabi-4_7-2012q4/bin/../lib/gcc/arm-none-eabi/4.7.3/../../../../arm-none-eabi/lib/armv7e-m/fpu/libc.a(lib_a-wsetup.o)
 .debug_frame   0x000014f4       0x64 /home/aghosh01/gcc-arm-none-eabi-4_7-2012q4/bin/../lib/gcc/arm-none-eabi/4.7.3/../../../../arm-none-eabi/lib/armv7e-m/fpu/libc.a(lib_a-dtoa.o)
 .debug_frame   0x00001558       0x40 /home/aghosh01/gcc-arm-none-eabi-4_7-2012q4/bin/../lib/gcc/arm-none-eabi/4.7.3/../../../../arm-none-eabi/lib/armv7e-m/fpu/libc.a(lib_a-fflush.o)
 .debug_frame   0x00001598      0x11c /home/aghosh01/gcc-arm-none-eabi-4_7-2012q4/bin/../lib/gcc/arm-none-eabi/4.7.3/../../../../arm-none-eabi/lib/armv7e-m/fpu/libc.a(lib_a-findfp.o)
 .debug_frame   0x000016b4       0x50 /home/aghosh01/gcc-arm-none-eabi-4_7-2012q4/bin/../lib/gcc/arm-none-eabi/4.7.3/../../../../arm-none-eabi/lib/armv7e-m/fpu/libc.a(lib_a-freer.o)
 .debug_frame   0x00001704       0x38 /home/aghosh01/gcc-arm-none-eabi-4_7-2012q4/bin/../lib/gcc/arm-none-eabi/4.7.3/../../../../arm-none-eabi/lib/armv7e-m/fpu/libc.a(lib_a-fvwrite.o)
 .debug_frame   0x0000173c       0x5c /home/aghosh01/gcc-arm-none-eabi-4_7-2012q4/bin/../lib/gcc/arm-none-eabi/4.7.3/../../../../arm-none-eabi/lib/armv7e-m/fpu/libc.a(lib_a-fwalk.o)
 .debug_frame   0x00001798       0xa0 /home/aghosh01/gcc-arm-none-eabi-4_7-2012q4/bin/../lib/gcc/arm-none-eabi/4.7.3/../../../../arm-none-eabi/lib/armv7e-m/fpu/libc.a(lib_a-locale.o)
 .debug_frame   0x00001838       0x30 /home/aghosh01/gcc-arm-none-eabi-4_7-2012q4/bin/../lib/gcc/arm-none-eabi/4.7.3/../../../../arm-none-eabi/lib/armv7e-m/fpu/libc.a(lib_a-makebuf.o)
 .debug_frame   0x00001868       0x2c /home/aghosh01/gcc-arm-none-eabi-4_7-2012q4/bin/../lib/gcc/arm-none-eabi/4.7.3/../../../../arm-none-eabi/lib/armv7e-m/fpu/libc.a(lib_a-memchr.o)
 .debug_frame   0x00001894       0x30 /home/aghosh01/gcc-arm-none-eabi-4_7-2012q4/bin/../lib/gcc/arm-none-eabi/4.7.3/../../../../arm-none-eabi/lib/armv7e-m/fpu/libc.a(lib_a-memcpy.o)
 .debug_frame   0x000018c4       0x30 /home/aghosh01/gcc-arm-none-eabi-4_7-2012q4/bin/../lib/gcc/arm-none-eabi/4.7.3/../../../../arm-none-eabi/lib/armv7e-m/fpu/libc.a(lib_a-memmove.o)
 .debug_frame   0x000018f4       0x2c /home/aghosh01/gcc-arm-none-eabi-4_7-2012q4/bin/../lib/gcc/arm-none-eabi/4.7.3/../../../../arm-none-eabi/lib/armv7e-m/fpu/libc.a(lib_a-memset.o)
 .debug_frame   0x00001920      0x234 /home/aghosh01/gcc-arm-none-eabi-4_7-2012q4/bin/../lib/gcc/arm-none-eabi/4.7.3/../../../../arm-none-eabi/lib/armv7e-m/fpu/libc.a(lib_a-mprec.o)
 .debug_frame   0x00001b54       0x38 /home/aghosh01/gcc-arm-none-eabi-4_7-2012q4/bin/../lib/gcc/arm-none-eabi/4.7.3/../../../../arm-none-eabi/lib/armv7e-m/fpu/libc.a(lib_a-reallocr.o)
 .debug_frame   0x00001b8c       0x20 /home/aghosh01/gcc-arm-none-eabi-4_7-2012q4/bin/../lib/gcc/arm-none-eabi/4.7.3/../../../../arm-none-eabi/lib/armv7e-m/fpu/libc.a(lib_a-s_fpclassify.o)
 .debug_frame   0x00001bac       0x80 /home/aghosh01/gcc-arm-none-eabi-4_7-2012q4/bin/../lib/gcc/arm-none-eabi/4.7.3/../../../../arm-none-eabi/lib/armv7e-m/fpu/libc.a(lib_a-stdio.o)
 .debug_frame   0x00001c2c       0x80 /home/aghosh01/gcc-arm-none-eabi-4_7-2012q4/bin/../lib/gcc/arm-none-eabi/4.7.3/../../../../arm-none-eabi/lib/armv7e-m/fpu/libc.a(lib_a-vfiprintf.o)
 .debug_frame   0x00001cac       0x2c /home/aghosh01/gcc-arm-none-eabi-4_7-2012q4/bin/../lib/gcc/arm-none-eabi/4.7.3/../../../../arm-none-eabi/lib/armv7e-m/fpu/libc.a(lib_a-writer.o)
 .debug_frame   0x00001cd8       0x28 /home/aghosh01/gcc-arm-none-eabi-4_7-2012q4/bin/../lib/gcc/arm-none-eabi/4.7.3/../../../../arm-none-eabi/lib/armv7e-m/fpu/libc.a(lib_a-callocr.o)
 .debug_frame   0x00001d00       0x2c /home/aghosh01/gcc-arm-none-eabi-4_7-2012q4/bin/../lib/gcc/arm-none-eabi/4.7.3/../../../../arm-none-eabi/lib/armv7e-m/fpu/libc.a(lib_a-closer.o)
 .debug_frame   0x00001d2c       0x3c /home/aghosh01/gcc-arm-none-eabi-4_7-2012q4/bin/../lib/gcc/arm-none-eabi/4.7.3/../../../../arm-none-eabi/lib/armv7e-m/fpu/libc.a(lib_a-fclose.o)
 .debug_frame   0x00001d68       0x54 /home/aghosh01/gcc-arm-none-eabi-4_7-2012q4/bin/../lib/gcc/arm-none-eabi/4.7.3/../../../../arm-none-eabi/lib/armv7e-m/fpu/libc.a(lib_a-fputwc.o)
 .debug_frame   0x00001dbc       0x2c /home/aghosh01/gcc-arm-none-eabi-4_7-2012q4/bin/../lib/gcc/arm-none-eabi/4.7.3/../../../../arm-none-eabi/lib/armv7e-m/fpu/libc.a(lib_a-fstatr.o)
 .debug_frame   0x00001de8       0x2c /home/aghosh01/gcc-arm-none-eabi-4_7-2012q4/bin/../lib/gcc/arm-none-eabi/4.7.3/../../../../arm-none-eabi/lib/armv7e-m/fpu/libc.a(lib_a-isattyr.o)
 .debug_frame   0x00001e14       0x2c /home/aghosh01/gcc-arm-none-eabi-4_7-2012q4/bin/../lib/gcc/arm-none-eabi/4.7.3/../../../../arm-none-eabi/lib/armv7e-m/fpu/libc.a(lib_a-lseekr.o)
 .debug_frame   0x00001e40       0x2c /home/aghosh01/gcc-arm-none-eabi-4_7-2012q4/bin/../lib/gcc/arm-none-eabi/4.7.3/../../../../arm-none-eabi/lib/armv7e-m/fpu/libc.a(lib_a-readr.o)
 .debug_frame   0x00001e6c       0x44 /home/aghosh01/gcc-arm-none-eabi-4_7-2012q4/bin/../lib/gcc/arm-none-eabi/4.7.3/../../../../arm-none-eabi/lib/armv7e-m/fpu/libc.a(lib_a-wbuf.o)
 .debug_frame   0x00001eb0       0x58 /home/aghosh01/gcc-arm-none-eabi-4_7-2012q4/bin/../lib/gcc/arm-none-eabi/4.7.3/../../../../arm-none-eabi/lib/armv7e-m/fpu/libc.a(lib_a-wcrtomb.o)
 .debug_frame   0x00001f08       0x44 /home/aghosh01/gcc-arm-none-eabi-4_7-2012q4/bin/../lib/gcc/arm-none-eabi/4.7.3/../../../../arm-none-eabi/lib/armv7e-m/fpu/libc.a(lib_a-wctomb_r.o)
 .debug_frame   0x00001f4c       0x50 /home/aghosh01/gcc-arm-none-eabi-4_7-2012q4/bin/../lib/gcc/arm-none-eabi/4.7.3/armv7e-m/fpu/libgcc.a(bpabi.o)
 .debug_frame   0x00001f9c       0x34 /home/aghosh01/gcc-arm-none-eabi-4_7-2012q4/bin/../lib/gcc/arm-none-eabi/4.7.3/armv7e-m/fpu/libgcc.a(_divdi3.o)
 .debug_frame   0x00001fd0       0x34 /home/aghosh01/gcc-arm-none-eabi-4_7-2012q4/bin/../lib/gcc/arm-none-eabi/4.7.3/armv7e-m/fpu/libgcc.a(_udivdi3.o)
 .debug_frame   0x00002004       0x20 /home/aghosh01/gcc-arm-none-eabi-4_7-2012q4/bin/../lib/gcc/arm-none-eabi/4.7.3/../../../../arm-none-eabi/lib/armv7e-m/fpu/libnosys.a(open.o)

.debug_macro    0x00000000     0x3f6d
 .debug_macro   0x00000000       0xae ../libopencm3/lib/libopencm3_stm32f3.a(rcc.o)
 .debug_macro   0x000000ae      0x802 ../libopencm3/lib/libopencm3_stm32f3.a(rcc.o)
 .debug_macro   0x000008b0      0x214 ../libopencm3/lib/libopencm3_stm32f3.a(rcc.o)
 .debug_macro   0x00000ac4       0x22 ../libopencm3/lib/libopencm3_stm32f3.a(rcc.o)
 .debug_macro   0x00000ae6       0xfa ../libopencm3/lib/libopencm3_stm32f3.a(rcc.o)
 .debug_macro   0x00000be0       0x16 ../libopencm3/lib/libopencm3_stm32f3.a(rcc.o)
 .debug_macro   0x00000bf6       0x52 ../libopencm3/lib/libopencm3_stm32f3.a(rcc.o)
 .debug_macro   0x00000c48      0x18a ../libopencm3/lib/libopencm3_stm32f3.a(rcc.o)
 .debug_macro   0x00000dd2      0x712 ../libopencm3/lib/libopencm3_stm32f3.a(rcc.o)
 .debug_macro   0x000014e4       0x64 ../libopencm3/lib/libopencm3_stm32f3.a(rcc.o)
 .debug_macro   0x00001548       0x88 ../libopencm3/lib/libopencm3_stm32f3.a(rcc.o)
 .debug_macro   0x000015d0      0x3c9 ../libopencm3/lib/libopencm3_stm32f3.a(rcc.o)
 .debug_macro   0x00001999       0x7a ../libopencm3/lib/libopencm3_stm32f3.a(usart.o)
 .debug_macro   0x00001a13       0x8e ../libopencm3/lib/libopencm3_stm32f3.a(usart.o)
 .debug_macro   0x00001aa1      0x4ed ../libopencm3/lib/libopencm3_stm32f3.a(usart.o)
 .debug_macro   0x00001f8e       0x8a ../libopencm3/lib/libopencm3_stm32f3.a(gpio_common_all.o)
 .debug_macro   0x00002018       0x76 ../libopencm3/lib/libopencm3_stm32f3.a(gpio_common_all.o)